AR connecteur_muser_toplevel behavioral /home/l2/houplon/Documents/Archi/TP/TP07/toplevel.vhf sub00/vhpl15 1416405231
EN compteur4_muser_toplevel NULL /home/l2/houplon/Documents/Archi/TP/TP07/toplevel.vhf sub00/vhpl32 1416405248
AR x7seg behavioral /home/l2/houplon/Documents/Archi/TP/TP07/x7seg.vhd sub00/vhpl05 1416405221
AR toplevel behavioral /home/l2/houplon/Documents/Archi/TP/TP07/toplevel.vhf sub00/vhpl39 1416405255
EN fd16ce_mxilinx_s3 NULL /home/l2/houplon/Documents/Archi/TP/TP07/S3.vhf sub00/vhpl64 1416405280
EN ibuf8_mxilinx_toplevel NULL /home/l2/houplon/Documents/Archi/TP/TP07/toplevel.vhf sub00/vhpl24 1416405240
EN connecteur_muser_toplevel NULL /home/l2/houplon/Documents/Archi/TP/TP07/toplevel.vhf sub00/vhpl14 1416405230
EN m2_1_mxilinx_s3 NULL /home/l2/houplon/Documents/Archi/TP/TP07/S3.vhf sub00/vhpl52 1416405268
EN afficheur16 NULL /home/l2/houplon/Documents/Archi/TP/TP07/afficheur16.vhf sub00/vhpl48 1416405264
AR connecteur16_muser_toplevel behavioral /home/l2/houplon/Documents/Archi/TP/TP07/toplevel.vhf sub00/vhpl17 1416405233
AR connecteur_muser_s3 behavioral /home/l2/houplon/Documents/Archi/TP/TP07/S3.vhf sub00/vhpl61 1416405277
AR m2_1_mxilinx_toplevel behavioral /home/l2/houplon/Documents/Archi/TP/TP07/toplevel.vhf sub00/vhpl07 1416405223
EN connecteur16_muser_s3 NULL /home/l2/houplon/Documents/Archi/TP/TP07/S3.vhf sub00/vhpl62 1416405278
EN insmem NULL /home/l2/houplon/Documents/Archi/TP/TP07/ipcore_dir/insmem.vhd sub00/vhpl01 1416405216
EN mux2x16_muser_s3 NULL /home/l2/houplon/Documents/Archi/TP/TP07/S3.vhf sub00/vhpl54 1416405270
EN m4_1e_mxilinx_toplevel NULL /home/l2/houplon/Documents/Archi/TP/TP07/toplevel.vhf sub00/vhpl28 1416405244
AR connecteur_muser_connecteur16 behavioral /home/l2/houplon/Documents/Archi/TP/TP07/connecteur16.vhf sub00/vhpl71 1416405287
AR compteur4_muser_toplevel behavioral /home/l2/houplon/Documents/Archi/TP/TP07/toplevel.vhf sub00/vhpl33 1416405249
EN mux2x16_muser_toplevel NULL /home/l2/houplon/Documents/Archi/TP/TP07/toplevel.vhf sub00/vhpl08 1416405224
EN add16_mxilinx_s3 NULL /home/l2/houplon/Documents/Archi/TP/TP07/S3.vhf sub00/vhpl56 1416405272
AR m2_1e_mxilinx_mux4x4 behavioral /home/l2/houplon/Documents/Archi/TP/TP07/mux4x4.vhf sub00/vhpl83 1416405299
EN connecteur_muser_connecteur16 NULL /home/l2/houplon/Documents/Archi/TP/TP07/connecteur16.vhf sub00/vhpl70 1416405286
EN add16_mxilinx_toplevel NULL /home/l2/houplon/Documents/Archi/TP/TP07/toplevel.vhf sub00/vhpl10 1416405226
AR mux2x16_muser_toplevel behavioral /home/l2/houplon/Documents/Archi/TP/TP07/toplevel.vhf sub00/vhpl09 1416405225
EN fd16ce_mxilinx_toplevel NULL /home/l2/houplon/Documents/Archi/TP/TP07/toplevel.vhf sub00/vhpl18 1416405234
AR m2_1_mxilinx_mux2x16 behavioral /home/l2/houplon/Documents/Archi/TP/TP07/mux2x16.vhf sub00/vhpl79 1416405295
AR fd16ce_mxilinx_s3 behavioral /home/l2/houplon/Documents/Archi/TP/TP07/S3.vhf sub00/vhpl65 1416405281
EN s3_muser_toplevel NULL /home/l2/houplon/Documents/Archi/TP/TP07/toplevel.vhf sub00/vhpl20 1416405236
EN s3 NULL /home/l2/houplon/Documents/Archi/TP/TP07/S3.vhf sub00/vhpl66 1416405282
AR fd16ce_mxilinx_toplevel behavioral /home/l2/houplon/Documents/Archi/TP/TP07/toplevel.vhf sub00/vhpl19 1416405235
EN mux4x4_muser_afficheur16 NULL /home/l2/houplon/Documents/Archi/TP/TP07/afficheur16.vhf sub00/vhpl44 1416405260
EN x7seg NULL /home/l2/houplon/Documents/Archi/TP/TP07/x7seg.vhd sub00/vhpl04 1416405220
AR insmem insmem_a /home/l2/houplon/Documents/Archi/TP/TP07/ipcore_dir/insmem.vhd sub00/vhpl02 1416405217
EN inc_muser_toplevel NULL /home/l2/houplon/Documents/Archi/TP/TP07/toplevel.vhf sub00/vhpl12 1416405228
AR m2_1e_mxilinx_toplevel behavioral /home/l2/houplon/Documents/Archi/TP/TP07/toplevel.vhf sub00/vhpl27 1416405243
EN clkdiv NULL /home/l2/houplon/Documents/Archi/TP/TP07/clkdiv.vhf sub00/vhpl50 1416405266
AR connecteur behavioral /home/l2/houplon/Documents/Archi/TP/TP07/connecteur.vhf sub00/vhpl89 1416405305
EN inc_muser_s3 NULL /home/l2/houplon/Documents/Archi/TP/TP07/S3.vhf sub00/vhpl58 1416405274
EN clkdiv_muser_toplevel NULL /home/l2/houplon/Documents/Archi/TP/TP07/toplevel.vhf sub00/vhpl36 1416405252
AR add16_mxilinx_s3 behavioral /home/l2/houplon/Documents/Archi/TP/TP07/S3.vhf sub00/vhpl57 1416405273
AR mux4x4 behavioral /home/l2/houplon/Documents/Archi/TP/TP07/mux4x4.vhf sub00/vhpl87 1416405303
EN connecteur_muser_s3 NULL /home/l2/houplon/Documents/Archi/TP/TP07/S3.vhf sub00/vhpl60 1416405276
AR m4_1e_mxilinx_mux4x4 behavioral /home/l2/houplon/Documents/Archi/TP/TP07/mux4x4.vhf sub00/vhpl85 1416405301
EN connecteur16 NULL /home/l2/houplon/Documents/Archi/TP/TP07/connecteur16.vhf sub00/vhpl72 1416405288
EN m2_1_mxilinx_toplevel NULL /home/l2/houplon/Documents/Archi/TP/TP07/toplevel.vhf sub00/vhpl06 1416405222
EN m2_1e_mxilinx_toplevel NULL /home/l2/houplon/Documents/Archi/TP/TP07/toplevel.vhf sub00/vhpl26 1416405242
EN m2_1_mxilinx_mux2x16 NULL /home/l2/houplon/Documents/Archi/TP/TP07/mux2x16.vhf sub00/vhpl78 1416405294
AR connecteur16_muser_s3 behavioral /home/l2/houplon/Documents/Archi/TP/TP07/S3.vhf sub00/vhpl63 1416405279
EN toplevel NULL /home/l2/houplon/Documents/Archi/TP/TP07/toplevel.vhf sub00/vhpl38 1416405254
EN connecteur NULL /home/l2/houplon/Documents/Archi/TP/TP07/connecteur.vhf sub00/vhpl88 1416405304
EN add16_mxilinx_inc NULL /home/l2/houplon/Documents/Archi/TP/TP07/inc.vhf sub00/vhpl74 1416405290
AR add16_mxilinx_toplevel behavioral /home/l2/houplon/Documents/Archi/TP/TP07/toplevel.vhf sub00/vhpl11 1416405227
EN obuf8_mxilinx_toplevel NULL /home/l2/houplon/Documents/Archi/TP/TP07/toplevel.vhf sub00/vhpl22 1416405238
AR add16_mxilinx_inc behavioral /home/l2/houplon/Documents/Archi/TP/TP07/inc.vhf sub00/vhpl75 1416405291
AR connecteur16 behavioral /home/l2/houplon/Documents/Archi/TP/TP07/connecteur16.vhf sub00/vhpl73 1416405289
EN m2_1e_mxilinx_afficheur16 NULL /home/l2/houplon/Documents/Archi/TP/TP07/afficheur16.vhf sub00/vhpl40 1416405256
AR mux2x16_muser_s3 behavioral /home/l2/houplon/Documents/Archi/TP/TP07/S3.vhf sub00/vhpl55 1416405271
AR s3 behavioral /home/l2/houplon/Documents/Archi/TP/TP07/S3.vhf sub00/vhpl67 1416405283
EN m4_1e_mxilinx_mux4x4 NULL /home/l2/houplon/Documents/Archi/TP/TP07/mux4x4.vhf sub00/vhpl84 1416405300
AR m4_1e_mxilinx_toplevel behavioral /home/l2/houplon/Documents/Archi/TP/TP07/toplevel.vhf sub00/vhpl29 1416405245
AR inc behavioral /home/l2/houplon/Documents/Archi/TP/TP07/inc.vhf sub00/vhpl77 1416405293
EN mux4x4 NULL /home/l2/houplon/Documents/Archi/TP/TP07/mux4x4.vhf sub00/vhpl86 1416405302
AR clkdiv behavioral /home/l2/houplon/Documents/Archi/TP/TP07/clkdiv.vhf sub00/vhpl51 1416405267
EN afficheur16_muser_toplevel NULL /home/l2/houplon/Documents/Archi/TP/TP07/toplevel.vhf sub00/vhpl34 1416405250
EN connecteur16_muser_toplevel NULL /home/l2/houplon/Documents/Archi/TP/TP07/toplevel.vhf sub00/vhpl16 1416405232
AR m4_1e_mxilinx_afficheur16 behavioral /home/l2/houplon/Documents/Archi/TP/TP07/afficheur16.vhf sub00/vhpl43 1416405259
AR ibuf8_mxilinx_toplevel behavioral /home/l2/houplon/Documents/Archi/TP/TP07/toplevel.vhf sub00/vhpl25 1416405241
AR mux4x4_muser_toplevel behavioral /home/l2/houplon/Documents/Archi/TP/TP07/toplevel.vhf sub00/vhpl31 1416405247
EN m2_1e_mxilinx_mux4x4 NULL /home/l2/houplon/Documents/Archi/TP/TP07/mux4x4.vhf sub00/vhpl82 1416405298
AR inc_muser_s3 behavioral /home/l2/houplon/Documents/Archi/TP/TP07/S3.vhf sub00/vhpl59 1416405275
AR afficheur16_muser_toplevel behavioral /home/l2/houplon/Documents/Archi/TP/TP07/toplevel.vhf sub00/vhpl35 1416405251
EN fsm NULL /home/l2/houplon/Documents/Archi/TP/TP07/fsm.vhd sub00/vhpl00 1416405218
AR m2_1_mxilinx_s3 behavioral /home/l2/houplon/Documents/Archi/TP/TP07/S3.vhf sub00/vhpl53 1416405269
EN compteur4 NULL /home/l2/houplon/Documents/Archi/TP/TP07/compteur4.vhf sub00/vhpl68 1416405284
AR inc_muser_toplevel behavioral /home/l2/houplon/Documents/Archi/TP/TP07/toplevel.vhf sub00/vhpl13 1416405229
AR s3_muser_toplevel behavioral /home/l2/houplon/Documents/Archi/TP/TP07/toplevel.vhf sub00/vhpl21 1416405237
EN m4_1e_mxilinx_afficheur16 NULL /home/l2/houplon/Documents/Archi/TP/TP07/afficheur16.vhf sub00/vhpl42 1416405258
EN compteur4_muser_afficheur16 NULL /home/l2/houplon/Documents/Archi/TP/TP07/afficheur16.vhf sub00/vhpl46 1416405262
AR compteur4_muser_afficheur16 behavioral /home/l2/houplon/Documents/Archi/TP/TP07/afficheur16.vhf sub00/vhpl47 1416405263
AR m2_1e_mxilinx_afficheur16 behavioral /home/l2/houplon/Documents/Archi/TP/TP07/afficheur16.vhf sub00/vhpl41 1416405257
EN mux4x4_muser_toplevel NULL /home/l2/houplon/Documents/Archi/TP/TP07/toplevel.vhf sub00/vhpl30 1416405246
AR afficheur16 behavioral /home/l2/houplon/Documents/Archi/TP/TP07/afficheur16.vhf sub00/vhpl49 1416405265
AR fsm behavioral /home/l2/houplon/Documents/Archi/TP/TP07/fsm.vhd sub00/vhpl03 1416405219
AR mux4x4_muser_afficheur16 behavioral /home/l2/houplon/Documents/Archi/TP/TP07/afficheur16.vhf sub00/vhpl45 1416405261
EN inc NULL /home/l2/houplon/Documents/Archi/TP/TP07/inc.vhf sub00/vhpl76 1416405292
AR clkdiv_muser_toplevel behavioral /home/l2/houplon/Documents/Archi/TP/TP07/toplevel.vhf sub00/vhpl37 1416405253
AR compteur4 behavioral /home/l2/houplon/Documents/Archi/TP/TP07/compteur4.vhf sub00/vhpl69 1416405285
AR obuf8_mxilinx_toplevel behavioral /home/l2/houplon/Documents/Archi/TP/TP07/toplevel.vhf sub00/vhpl23 1416405239
AR mux2x16 behavioral /home/l2/houplon/Documents/Archi/TP/TP07/mux2x16.vhf sub00/vhpl81 1416405297
EN mux2x16 NULL /home/l2/houplon/Documents/Archi/TP/TP07/mux2x16.vhf sub00/vhpl80 1416405296
