V3 159
FL /home/l2/houplon/Documents/Archi/TP/TP07/afficheur16.vhf 2014/11/19.14:48:56 M.81d
EN work/M2_1E_MXILINX_afficheur16 1416405256 \
      FL /home/l2/houplon/Documents/Archi/TP/TP07/afficheur16.vhf \
      PB ieee/std_logic_1164 1290154108 PB ieee/NUMERIC_STD 1290154109 LB UNISIM \
      PH unisim/VCOMPONENTS 1290154108
AR work/M2_1E_MXILINX_afficheur16/BEHAVIORAL 1416405257 \
      FL /home/l2/houplon/Documents/Archi/TP/TP07/afficheur16.vhf \
      EN work/M2_1E_MXILINX_afficheur16 1416405256 CP AND3 CP AND3B1 CP OR2
EN work/M4_1E_MXILINX_afficheur16 1416405258 \
      FL /home/l2/houplon/Documents/Archi/TP/TP07/afficheur16.vhf \
      PB ieee/std_logic_1164 1290154108 PB ieee/NUMERIC_STD 1290154109 LB UNISIM \
      PH unisim/VCOMPONENTS 1290154108
AR work/M4_1E_MXILINX_afficheur16/BEHAVIORAL 1416405259 \
      FL /home/l2/houplon/Documents/Archi/TP/TP07/afficheur16.vhf \
      EN work/M4_1E_MXILINX_afficheur16 1416405258 CP M2_1E_MXILINX_afficheur16 \
      CP MUXF5
EN work/mux4x4_MUSER_afficheur16 1416405260 \
      FL /home/l2/houplon/Documents/Archi/TP/TP07/afficheur16.vhf \
      PB ieee/std_logic_1164 1290154108 PB ieee/NUMERIC_STD 1290154109 LB UNISIM \
      PH unisim/VCOMPONENTS 1290154108
AR work/mux4x4_MUSER_afficheur16/BEHAVIORAL 1416405261 \
      FL /home/l2/houplon/Documents/Archi/TP/TP07/afficheur16.vhf \
      EN work/mux4x4_MUSER_afficheur16 1416405260 CP M4_1E_MXILINX_afficheur16 \
      CP VCC
EN work/compteur4_MUSER_afficheur16 1416405262 \
      FL /home/l2/houplon/Documents/Archi/TP/TP07/afficheur16.vhf \
      PB ieee/std_logic_1164 1290154108 PB ieee/NUMERIC_STD 1290154109 LB UNISIM \
      PH unisim/VCOMPONENTS 1290154108
AR work/compteur4_MUSER_afficheur16/BEHAVIORAL 1416405263 \
      FL /home/l2/houplon/Documents/Archi/TP/TP07/afficheur16.vhf \
      EN work/compteur4_MUSER_afficheur16 1416405262 CP FD CP INV
EN work/afficheur16 1416405264 \
      FL /home/l2/houplon/Documents/Archi/TP/TP07/afficheur16.vhf \
      PB ieee/std_logic_1164 1290154108 PB ieee/NUMERIC_STD 1290154109 LB UNISIM \
      PH unisim/VCOMPONENTS 1290154108
AR work/afficheur16/BEHAVIORAL 1416405265 \
      FL /home/l2/houplon/Documents/Archi/TP/TP07/afficheur16.vhf \
      EN work/afficheur16 1416405264 CP compteur4_MUSER_afficheur16 \
      CP mux4x4_MUSER_afficheur16 CP x7seg
FL /home/l2/houplon/Documents/Archi/TP/TP07/clkdiv.vhf 2014/11/19.14:48:55 M.81d
EN work/clkdiv 1416405266 FL /home/l2/houplon/Documents/Archi/TP/TP07/clkdiv.vhf \
      PB ieee/std_logic_1164 1290154108 PB ieee/NUMERIC_STD 1290154109 LB UNISIM \
      PH unisim/VCOMPONENTS 1290154108
AR work/clkdiv/BEHAVIORAL 1416405267 \
      FL /home/l2/houplon/Documents/Archi/TP/TP07/clkdiv.vhf EN work/clkdiv 1416405266 \
      CP FD CP INV
FL /home/l2/houplon/Documents/Archi/TP/TP07/compteur4.vhf 2014/11/19.14:48:56 M.81d
EN work/compteur4 1416405284 \
      FL /home/l2/houplon/Documents/Archi/TP/TP07/compteur4.vhf \
      PB ieee/std_logic_1164 1290154108 PB ieee/NUMERIC_STD 1290154109 LB UNISIM \
      PH unisim/VCOMPONENTS 1290154108
AR work/compteur4/BEHAVIORAL 1416405285 \
      FL /home/l2/houplon/Documents/Archi/TP/TP07/compteur4.vhf EN work/compteur4 1416405284 \
      CP FD CP INV
FL /home/l2/houplon/Documents/Archi/TP/TP07/connecteur.vhf 2014/11/19.14:48:51 M.81d
EN work/connecteur 1416405304 \
      FL /home/l2/houplon/Documents/Archi/TP/TP07/connecteur.vhf \
      PB ieee/std_logic_1164 1290154108 PB ieee/NUMERIC_STD 1290154109 LB UNISIM \
      PH unisim/VCOMPONENTS 1290154108
AR work/connecteur/BEHAVIORAL 1416405305 \
      FL /home/l2/houplon/Documents/Archi/TP/TP07/connecteur.vhf \
      EN work/connecteur 1416405304 CP AND2 CP OR2
FL /home/l2/houplon/Documents/Archi/TP/TP07/connecteur16.vhf 2014/11/19.14:48:55 M.81d
EN work/connecteur_MUSER_connecteur16 1416405286 \
      FL /home/l2/houplon/Documents/Archi/TP/TP07/connecteur16.vhf \
      PB ieee/std_logic_1164 1290154108 PB ieee/NUMERIC_STD 1290154109 LB UNISIM \
      PH unisim/VCOMPONENTS 1290154108
AR work/connecteur_MUSER_connecteur16/BEHAVIORAL 1416405287 \
      FL /home/l2/houplon/Documents/Archi/TP/TP07/connecteur16.vhf \
      EN work/connecteur_MUSER_connecteur16 1416405286 CP AND2 CP OR2
EN work/connecteur16 1416405288 \
      FL /home/l2/houplon/Documents/Archi/TP/TP07/connecteur16.vhf \
      PB ieee/std_logic_1164 1290154108 PB ieee/NUMERIC_STD 1290154109 LB UNISIM \
      PH unisim/VCOMPONENTS 1290154108
AR work/connecteur16/BEHAVIORAL 1416405289 \
      FL /home/l2/houplon/Documents/Archi/TP/TP07/connecteur16.vhf \
      EN work/connecteur16 1416405288 CP connecteur_MUSER_connecteur16
FL /home/l2/houplon/Documents/Archi/TP/TP07/fsm.vhd 2014/11/19.14:39:32 M.81d
EN work/fsm 1416405218 FL /home/l2/houplon/Documents/Archi/TP/TP07/fsm.vhd \
      PB ieee/std_logic_1164 1290154108
AR work/fsm/Behavioral 1416405219 \
      FL /home/l2/houplon/Documents/Archi/TP/TP07/fsm.vhd EN work/fsm 1416405218
FL /home/l2/houplon/Documents/Archi/TP/TP07/inc.vhf 2014/11/19.14:48:56 M.81d
EN work/ADD16_MXILINX_inc 1416405290 \
      FL /home/l2/houplon/Documents/Archi/TP/TP07/inc.vhf PB ieee/std_logic_1164 1290154108 \
      PB ieee/NUMERIC_STD 1290154109 LB UNISIM PH unisim/VCOMPONENTS 1290154108
AR work/ADD16_MXILINX_inc/BEHAVIORAL 1416405291 \
      FL /home/l2/houplon/Documents/Archi/TP/TP07/inc.vhf \
      EN work/ADD16_MXILINX_inc 1416405290 CP FMAP CP MUXCY_L CP MUXCY CP XORCY \
      CP MUXCY_D CP XOR2
EN work/inc 1416405292 \
      FL /home/l2/houplon/Documents/Archi/TP/TP07/inc.vhf PB ieee/std_logic_1164 1290154108 \
      PB ieee/NUMERIC_STD 1290154109 LB UNISIM PH unisim/VCOMPONENTS 1290154108
AR work/inc/BEHAVIORAL 1416405293 \
      FL /home/l2/houplon/Documents/Archi/TP/TP07/inc.vhf EN work/inc 1416405292 \
      CP ADD16_MXILINX_inc CP VCC
FL /home/l2/houplon/Documents/Archi/TP/TP07/ipcore_dir/insmem.vhd 2014/11/19.14:20:59 M.81d
EN work/insmem 1416405216 \
      FL /home/l2/houplon/Documents/Archi/TP/TP07/ipcore_dir/insmem.vhd \
      PB ieee/std_logic_1164 1290154108
AR work/insmem/insmem_a 1416405217 \
      FL /home/l2/houplon/Documents/Archi/TP/TP07/ipcore_dir/insmem.vhd \
      EN work/insmem 1416405216
FL /home/l2/houplon/Documents/Archi/TP/TP07/mux2x16.vhf 2014/11/19.14:48:57 M.81d
EN work/M2_1_MXILINX_mux2x16 1416405294 \
      FL /home/l2/houplon/Documents/Archi/TP/TP07/mux2x16.vhf \
      PB ieee/std_logic_1164 1290154108 PB ieee/NUMERIC_STD 1290154109 LB UNISIM \
      PH unisim/VCOMPONENTS 1290154108
AR work/M2_1_MXILINX_mux2x16/BEHAVIORAL 1416405295 \
      FL /home/l2/houplon/Documents/Archi/TP/TP07/mux2x16.vhf \
      EN work/M2_1_MXILINX_mux2x16 1416405294 CP AND2B1 CP OR2 CP AND2
EN work/mux2x16 1416405296 \
      FL /home/l2/houplon/Documents/Archi/TP/TP07/mux2x16.vhf \
      PB ieee/std_logic_1164 1290154108 PB ieee/NUMERIC_STD 1290154109 LB UNISIM \
      PH unisim/VCOMPONENTS 1290154108
AR work/mux2x16/BEHAVIORAL 1416405297 \
      FL /home/l2/houplon/Documents/Archi/TP/TP07/mux2x16.vhf EN work/mux2x16 1416405296 \
      CP M2_1_MXILINX_mux2x16
FL /home/l2/houplon/Documents/Archi/TP/TP07/mux4x4.vhf 2014/11/19.14:48:56 M.81d
EN work/M2_1E_MXILINX_mux4x4 1416405298 \
      FL /home/l2/houplon/Documents/Archi/TP/TP07/mux4x4.vhf \
      PB ieee/std_logic_1164 1290154108 PB ieee/NUMERIC_STD 1290154109 LB UNISIM \
      PH unisim/VCOMPONENTS 1290154108
AR work/M2_1E_MXILINX_mux4x4/BEHAVIORAL 1416405299 \
      FL /home/l2/houplon/Documents/Archi/TP/TP07/mux4x4.vhf \
      EN work/M2_1E_MXILINX_mux4x4 1416405298 CP AND3 CP AND3B1 CP OR2
EN work/M4_1E_MXILINX_mux4x4 1416405300 \
      FL /home/l2/houplon/Documents/Archi/TP/TP07/mux4x4.vhf \
      PB ieee/std_logic_1164 1290154108 PB ieee/NUMERIC_STD 1290154109 LB UNISIM \
      PH unisim/VCOMPONENTS 1290154108
AR work/M4_1E_MXILINX_mux4x4/BEHAVIORAL 1416405301 \
      FL /home/l2/houplon/Documents/Archi/TP/TP07/mux4x4.vhf \
      EN work/M4_1E_MXILINX_mux4x4 1416405300 CP M2_1E_MXILINX_mux4x4 CP MUXF5
EN work/mux4x4 1416405302 \
      FL /home/l2/houplon/Documents/Archi/TP/TP07/mux4x4.vhf \
      PB ieee/std_logic_1164 1290154108 PB ieee/NUMERIC_STD 1290154109 LB UNISIM \
      PH unisim/VCOMPONENTS 1290154108
AR work/mux4x4/BEHAVIORAL 1416405303 \
      FL /home/l2/houplon/Documents/Archi/TP/TP07/mux4x4.vhf EN work/mux4x4 1416405302 \
      CP M4_1E_MXILINX_mux4x4 CP VCC
FL /home/l2/houplon/Documents/Archi/TP/TP07/S3.vhf 2014/11/19.14:53:33 M.81d
EN work/M2_1_MXILINX_S3 1416405268 \
      FL /home/l2/houplon/Documents/Archi/TP/TP07/S3.vhf PB ieee/std_logic_1164 1290154108 \
      PB ieee/NUMERIC_STD 1290154109 LB UNISIM PH unisim/VCOMPONENTS 1290154108
AR work/M2_1_MXILINX_S3/BEHAVIORAL 1416405269 \
      FL /home/l2/houplon/Documents/Archi/TP/TP07/S3.vhf EN work/M2_1_MXILINX_S3 1416405268 \
      CP AND2B1 CP OR2 CP AND2
EN work/mux2x16_MUSER_S3 1416405270 \
      FL /home/l2/houplon/Documents/Archi/TP/TP07/S3.vhf PB ieee/std_logic_1164 1290154108 \
      PB ieee/NUMERIC_STD 1290154109 LB UNISIM PH unisim/VCOMPONENTS 1290154108
AR work/mux2x16_MUSER_S3/BEHAVIORAL 1416405271 \
      FL /home/l2/houplon/Documents/Archi/TP/TP07/S3.vhf EN work/mux2x16_MUSER_S3 1416405270 \
      CP M2_1_MXILINX_S3
EN work/ADD16_MXILINX_S3 1416405272 \
      FL /home/l2/houplon/Documents/Archi/TP/TP07/S3.vhf PB ieee/std_logic_1164 1290154108 \
      PB ieee/NUMERIC_STD 1290154109 LB UNISIM PH unisim/VCOMPONENTS 1290154108
AR work/ADD16_MXILINX_S3/BEHAVIORAL 1416405273 \
      FL /home/l2/houplon/Documents/Archi/TP/TP07/S3.vhf EN work/ADD16_MXILINX_S3 1416405272 \
      CP FMAP CP MUXCY_L CP MUXCY CP XORCY CP MUXCY_D CP XOR2
EN work/inc_MUSER_S3 1416405274 \
      FL /home/l2/houplon/Documents/Archi/TP/TP07/S3.vhf PB ieee/std_logic_1164 1290154108 \
      PB ieee/NUMERIC_STD 1290154109 LB UNISIM PH unisim/VCOMPONENTS 1290154108
AR work/inc_MUSER_S3/BEHAVIORAL 1416405275 \
      FL /home/l2/houplon/Documents/Archi/TP/TP07/S3.vhf EN work/inc_MUSER_S3 1416405274 \
      CP ADD16_MXILINX_S3 CP VCC
EN work/connecteur_MUSER_S3 1416405276 \
      FL /home/l2/houplon/Documents/Archi/TP/TP07/S3.vhf PB ieee/std_logic_1164 1290154108 \
      PB ieee/NUMERIC_STD 1290154109 LB UNISIM PH unisim/VCOMPONENTS 1290154108
AR work/connecteur_MUSER_S3/BEHAVIORAL 1416405277 \
      FL /home/l2/houplon/Documents/Archi/TP/TP07/S3.vhf \
      EN work/connecteur_MUSER_S3 1416405276 CP AND2 CP OR2
EN work/connecteur16_MUSER_S3 1416405278 \
      FL /home/l2/houplon/Documents/Archi/TP/TP07/S3.vhf PB ieee/std_logic_1164 1290154108 \
      PB ieee/NUMERIC_STD 1290154109 LB UNISIM PH unisim/VCOMPONENTS 1290154108
AR work/connecteur16_MUSER_S3/BEHAVIORAL 1416405279 \
      FL /home/l2/houplon/Documents/Archi/TP/TP07/S3.vhf \
      EN work/connecteur16_MUSER_S3 1416405278 CP connecteur_MUSER_S3
EN work/FD16CE_MXILINX_S3 1416405280 \
      FL /home/l2/houplon/Documents/Archi/TP/TP07/S3.vhf PB ieee/std_logic_1164 1290154108 \
      PB ieee/NUMERIC_STD 1290154109 LB UNISIM PH unisim/VCOMPONENTS 1290154108
AR work/FD16CE_MXILINX_S3/BEHAVIORAL 1416405281 \
      FL /home/l2/houplon/Documents/Archi/TP/TP07/S3.vhf \
      EN work/FD16CE_MXILINX_S3 1416405280 CP FDCE
EN work/S3 1416405282 \
      FL /home/l2/houplon/Documents/Archi/TP/TP07/S3.vhf PB ieee/std_logic_1164 1290154108 \
      PB ieee/NUMERIC_STD 1290154109 LB UNISIM PH unisim/VCOMPONENTS 1290154108
AR work/S3/BEHAVIORAL 1416405283 \
      FL /home/l2/houplon/Documents/Archi/TP/TP07/S3.vhf EN work/S3 1416405282 \
      CP connecteur16_MUSER_S3 CP FD16CE_MXILINX_S3 CP inc_MUSER_S3 \
      CP mux2x16_MUSER_S3 CP GND CP OR2 CP insmem CP fsm
FL /home/l2/houplon/Documents/Archi/TP/TP07/toplevel.vhf 2014/11/19.14:53:31 M.81d
EN work/M2_1_MXILINX_toplevel 1416405222 \
      FL /home/l2/houplon/Documents/Archi/TP/TP07/toplevel.vhf \
      PB ieee/std_logic_1164 1290154108 PB ieee/NUMERIC_STD 1290154109 LB UNISIM \
      PH unisim/VCOMPONENTS 1290154108
AR work/M2_1_MXILINX_toplevel/BEHAVIORAL 1416405223 \
      FL /home/l2/houplon/Documents/Archi/TP/TP07/toplevel.vhf \
      EN work/M2_1_MXILINX_toplevel 1416405222 CP AND2B1 CP OR2 CP AND2
EN work/mux2x16_MUSER_toplevel 1416405224 \
      FL /home/l2/houplon/Documents/Archi/TP/TP07/toplevel.vhf \
      PB ieee/std_logic_1164 1290154108 PB ieee/NUMERIC_STD 1290154109 LB UNISIM \
      PH unisim/VCOMPONENTS 1290154108
AR work/mux2x16_MUSER_toplevel/BEHAVIORAL 1416405225 \
      FL /home/l2/houplon/Documents/Archi/TP/TP07/toplevel.vhf \
      EN work/mux2x16_MUSER_toplevel 1416405224 CP M2_1_MXILINX_toplevel
EN work/ADD16_MXILINX_toplevel 1416405226 \
      FL /home/l2/houplon/Documents/Archi/TP/TP07/toplevel.vhf \
      PB ieee/std_logic_1164 1290154108 PB ieee/NUMERIC_STD 1290154109 LB UNISIM \
      PH unisim/VCOMPONENTS 1290154108
AR work/ADD16_MXILINX_toplevel/BEHAVIORAL 1416405227 \
      FL /home/l2/houplon/Documents/Archi/TP/TP07/toplevel.vhf \
      EN work/ADD16_MXILINX_toplevel 1416405226 CP FMAP CP MUXCY_L CP MUXCY CP XORCY \
      CP MUXCY_D CP XOR2
EN work/inc_MUSER_toplevel 1416405228 \
      FL /home/l2/houplon/Documents/Archi/TP/TP07/toplevel.vhf \
      PB ieee/std_logic_1164 1290154108 PB ieee/NUMERIC_STD 1290154109 LB UNISIM \
      PH unisim/VCOMPONENTS 1290154108
AR work/inc_MUSER_toplevel/BEHAVIORAL 1416405229 \
      FL /home/l2/houplon/Documents/Archi/TP/TP07/toplevel.vhf \
      EN work/inc_MUSER_toplevel 1416405228 CP ADD16_MXILINX_toplevel CP VCC
EN work/connecteur_MUSER_toplevel 1416405230 \
      FL /home/l2/houplon/Documents/Archi/TP/TP07/toplevel.vhf \
      PB ieee/std_logic_1164 1290154108 PB ieee/NUMERIC_STD 1290154109 LB UNISIM \
      PH unisim/VCOMPONENTS 1290154108
AR work/connecteur_MUSER_toplevel/BEHAVIORAL 1416405231 \
      FL /home/l2/houplon/Documents/Archi/TP/TP07/toplevel.vhf \
      EN work/connecteur_MUSER_toplevel 1416405230 CP AND2 CP OR2
EN work/connecteur16_MUSER_toplevel 1416405232 \
      FL /home/l2/houplon/Documents/Archi/TP/TP07/toplevel.vhf \
      PB ieee/std_logic_1164 1290154108 PB ieee/NUMERIC_STD 1290154109 LB UNISIM \
      PH unisim/VCOMPONENTS 1290154108
AR work/connecteur16_MUSER_toplevel/BEHAVIORAL 1416405233 \
      FL /home/l2/houplon/Documents/Archi/TP/TP07/toplevel.vhf \
      EN work/connecteur16_MUSER_toplevel 1416405232 CP connecteur_MUSER_toplevel
EN work/FD16CE_MXILINX_toplevel 1416405234 \
      FL /home/l2/houplon/Documents/Archi/TP/TP07/toplevel.vhf \
      PB ieee/std_logic_1164 1290154108 PB ieee/NUMERIC_STD 1290154109 LB UNISIM \
      PH unisim/VCOMPONENTS 1290154108
AR work/FD16CE_MXILINX_toplevel/BEHAVIORAL 1416405235 \
      FL /home/l2/houplon/Documents/Archi/TP/TP07/toplevel.vhf \
      EN work/FD16CE_MXILINX_toplevel 1416405234 CP FDCE
EN work/S3_MUSER_toplevel 1416405236 \
      FL /home/l2/houplon/Documents/Archi/TP/TP07/toplevel.vhf \
      PB ieee/std_logic_1164 1290154108 PB ieee/NUMERIC_STD 1290154109 LB UNISIM \
      PH unisim/VCOMPONENTS 1290154108
AR work/S3_MUSER_toplevel/BEHAVIORAL 1416405237 \
      FL /home/l2/houplon/Documents/Archi/TP/TP07/toplevel.vhf \
      EN work/S3_MUSER_toplevel 1416405236 CP connecteur16_MUSER_toplevel \
      CP FD16CE_MXILINX_toplevel CP inc_MUSER_toplevel CP mux2x16_MUSER_toplevel \
      CP GND CP OR2 CP insmem CP fsm
EN work/OBUF8_MXILINX_toplevel 1416405238 \
      FL /home/l2/houplon/Documents/Archi/TP/TP07/toplevel.vhf \
      PB ieee/std_logic_1164 1290154108 PB ieee/NUMERIC_STD 1290154109 LB UNISIM \
      PH unisim/VCOMPONENTS 1290154108
AR work/OBUF8_MXILINX_toplevel/BEHAVIORAL 1416405239 \
      FL /home/l2/houplon/Documents/Archi/TP/TP07/toplevel.vhf \
      EN work/OBUF8_MXILINX_toplevel 1416405238 CP OBUF
EN work/IBUF8_MXILINX_toplevel 1416405240 \
      FL /home/l2/houplon/Documents/Archi/TP/TP07/toplevel.vhf \
      PB ieee/std_logic_1164 1290154108 PB ieee/NUMERIC_STD 1290154109 LB UNISIM \
      PH unisim/VCOMPONENTS 1290154108
AR work/IBUF8_MXILINX_toplevel/BEHAVIORAL 1416405241 \
      FL /home/l2/houplon/Documents/Archi/TP/TP07/toplevel.vhf \
      EN work/IBUF8_MXILINX_toplevel 1416405240 CP IBUF
EN work/M2_1E_MXILINX_toplevel 1416405242 \
      FL /home/l2/houplon/Documents/Archi/TP/TP07/toplevel.vhf \
      PB ieee/std_logic_1164 1290154108 PB ieee/NUMERIC_STD 1290154109 LB UNISIM \
      PH unisim/VCOMPONENTS 1290154108
AR work/M2_1E_MXILINX_toplevel/BEHAVIORAL 1416405243 \
      FL /home/l2/houplon/Documents/Archi/TP/TP07/toplevel.vhf \
      EN work/M2_1E_MXILINX_toplevel 1416405242 CP AND3 CP AND3B1 CP OR2
EN work/M4_1E_MXILINX_toplevel 1416405244 \
      FL /home/l2/houplon/Documents/Archi/TP/TP07/toplevel.vhf \
      PB ieee/std_logic_1164 1290154108 PB ieee/NUMERIC_STD 1290154109 LB UNISIM \
      PH unisim/VCOMPONENTS 1290154108
AR work/M4_1E_MXILINX_toplevel/BEHAVIORAL 1416405245 \
      FL /home/l2/houplon/Documents/Archi/TP/TP07/toplevel.vhf \
      EN work/M4_1E_MXILINX_toplevel 1416405244 CP M2_1E_MXILINX_toplevel CP MUXF5
EN work/mux4x4_MUSER_toplevel 1416405246 \
      FL /home/l2/houplon/Documents/Archi/TP/TP07/toplevel.vhf \
      PB ieee/std_logic_1164 1290154108 PB ieee/NUMERIC_STD 1290154109 LB UNISIM \
      PH unisim/VCOMPONENTS 1290154108
AR work/mux4x4_MUSER_toplevel/BEHAVIORAL 1416405247 \
      FL /home/l2/houplon/Documents/Archi/TP/TP07/toplevel.vhf \
      EN work/mux4x4_MUSER_toplevel 1416405246 CP M4_1E_MXILINX_toplevel CP VCC
EN work/compteur4_MUSER_toplevel 1416405248 \
      FL /home/l2/houplon/Documents/Archi/TP/TP07/toplevel.vhf \
      PB ieee/std_logic_1164 1290154108 PB ieee/NUMERIC_STD 1290154109 LB UNISIM \
      PH unisim/VCOMPONENTS 1290154108
AR work/compteur4_MUSER_toplevel/BEHAVIORAL 1416405249 \
      FL /home/l2/houplon/Documents/Archi/TP/TP07/toplevel.vhf \
      EN work/compteur4_MUSER_toplevel 1416405248 CP FD CP INV
EN work/afficheur16_MUSER_toplevel 1416405250 \
      FL /home/l2/houplon/Documents/Archi/TP/TP07/toplevel.vhf \
      PB ieee/std_logic_1164 1290154108 PB ieee/NUMERIC_STD 1290154109 LB UNISIM \
      PH unisim/VCOMPONENTS 1290154108
AR work/afficheur16_MUSER_toplevel/BEHAVIORAL 1416405251 \
      FL /home/l2/houplon/Documents/Archi/TP/TP07/toplevel.vhf \
      EN work/afficheur16_MUSER_toplevel 1416405250 CP compteur4_MUSER_toplevel \
      CP mux4x4_MUSER_toplevel CP x7seg
EN work/clkdiv_MUSER_toplevel 1416405252 \
      FL /home/l2/houplon/Documents/Archi/TP/TP07/toplevel.vhf \
      PB ieee/std_logic_1164 1290154108 PB ieee/NUMERIC_STD 1290154109 LB UNISIM \
      PH unisim/VCOMPONENTS 1290154108
AR work/clkdiv_MUSER_toplevel/BEHAVIORAL 1416405253 \
      FL /home/l2/houplon/Documents/Archi/TP/TP07/toplevel.vhf \
      EN work/clkdiv_MUSER_toplevel 1416405252 CP FD CP INV
EN work/toplevel 1416405254 \
      FL /home/l2/houplon/Documents/Archi/TP/TP07/toplevel.vhf \
      PB ieee/std_logic_1164 1290154108 PB ieee/NUMERIC_STD 1290154109 LB UNISIM \
      PH unisim/VCOMPONENTS 1290154108
AR work/toplevel/BEHAVIORAL 1416405255 \
      FL /home/l2/houplon/Documents/Archi/TP/TP07/toplevel.vhf EN work/toplevel 1416405254 \
      CP clkdiv_MUSER_toplevel CP afficheur16_MUSER_toplevel CP BUFG \
      CP IBUF8_MXILINX_toplevel CP OBUF8_MXILINX_toplevel CP S3_MUSER_toplevel
FL /home/l2/houplon/Documents/Archi/TP/TP07/x7seg.vhd 2014/09/17.09:20:01 M.81d
EN work/x7seg 1416405220 FL /home/l2/houplon/Documents/Archi/TP/TP07/x7seg.vhd \
      PB ieee/std_logic_1164 1290154108
AR work/x7seg/Behavioral 1416405221 \
      FL /home/l2/houplon/Documents/Archi/TP/TP07/x7seg.vhd EN work/x7seg 1416405220
