EN add4bit_muser_toplevel NULL /home/l2/houplon/Documents/Archi/TP/TP03/toplevel.vhf sub00/vhpl12 1412147774
AR demiadd behavioral /home/l2/houplon/Documents/Archi/TP/TP03/demiadd.vhf sub00/vhpl05 1412147789
AR toplevel behavioral /home/l2/houplon/Documents/Archi/TP/TP03/toplevel.vhf sub00/vhpl03 1412147777
EN add1bit_muser_add4bit NULL /home/l2/houplon/Documents/Archi/TP/TP03/add4bit.vhf sub00/vhpl16 1412147780
EN demiadd_muser_add4bit NULL /home/l2/houplon/Documents/Archi/TP/TP03/add4bit.vhf sub00/vhpl14 1412147778
AR add1bit_muser_toplevel behavioral /home/l2/houplon/Documents/Archi/TP/TP03/toplevel.vhf sub00/vhpl07 1412147773
AR demiadd_muser_add4bit behavioral /home/l2/houplon/Documents/Archi/TP/TP03/add4bit.vhf sub00/vhpl15 1412147779
EN demiadd_muser_add1bit NULL /home/l2/houplon/Documents/Archi/TP/TP03/add1bit.vhf sub00/vhpl08 1412147784
AR demiadd_muser_toplevel behavioral /home/l2/houplon/Documents/Archi/TP/TP03/toplevel.vhf sub00/vhpl01 1412147771
EN toplevel NULL /home/l2/houplon/Documents/Archi/TP/TP03/toplevel.vhf sub00/vhpl02 1412147776
AR add1bit_muser_add4bit behavioral /home/l2/houplon/Documents/Archi/TP/TP03/add4bit.vhf sub00/vhpl17 1412147781
AR demiadd_muser_add1bit behavioral /home/l2/houplon/Documents/Archi/TP/TP03/add1bit.vhf sub00/vhpl09 1412147785
EN demiadd_muser_toplevel NULL /home/l2/houplon/Documents/Archi/TP/TP03/toplevel.vhf sub00/vhpl00 1412147770
EN add4bit NULL /home/l2/houplon/Documents/Archi/TP/TP03/add4bit.vhf sub00/vhpl18 1412147782
EN add1bit_muser_toplevel NULL /home/l2/houplon/Documents/Archi/TP/TP03/toplevel.vhf sub00/vhpl06 1412147772
AR add4bit_muser_toplevel behavioral /home/l2/houplon/Documents/Archi/TP/TP03/toplevel.vhf sub00/vhpl13 1412147775
EN add1bit NULL /home/l2/houplon/Documents/Archi/TP/TP03/add1bit.vhf sub00/vhpl10 1412147786
AR add1bit behavioral /home/l2/houplon/Documents/Archi/TP/TP03/add1bit.vhf sub00/vhpl11 1412147787
EN demiadd NULL /home/l2/houplon/Documents/Archi/TP/TP03/demiadd.vhf sub00/vhpl04 1412147788
AR add4bit behavioral /home/l2/houplon/Documents/Archi/TP/TP03/add4bit.vhf sub00/vhpl19 1412147783
