V3 34
FL /home/l2/houplon/Documents/Archi/TP/TP03/add1bit.vhf 2014/10/01.08:25:57 M.81d
EN work/demiadd_MUSER_add1bit 1412147784 \
      FL /home/l2/houplon/Documents/Archi/TP/TP03/add1bit.vhf \
      PB ieee/std_logic_1164 1290154108 PB ieee/NUMERIC_STD 1290154109 LB UNISIM \
      PH unisim/VCOMPONENTS 1290154108
AR work/demiadd_MUSER_add1bit/BEHAVIORAL 1412147785 \
      FL /home/l2/houplon/Documents/Archi/TP/TP03/add1bit.vhf \
      EN work/demiadd_MUSER_add1bit 1412147784 CP XOR2 CP AND2
EN work/add1bit 1412147786 \
      FL /home/l2/houplon/Documents/Archi/TP/TP03/add1bit.vhf \
      PB ieee/std_logic_1164 1290154108 PB ieee/NUMERIC_STD 1290154109 LB UNISIM \
      PH unisim/VCOMPONENTS 1290154108
AR work/add1bit/BEHAVIORAL 1412147787 \
      FL /home/l2/houplon/Documents/Archi/TP/TP03/add1bit.vhf EN work/add1bit 1412147786 \
      CP demiadd_MUSER_add1bit CP OR2
FL /home/l2/houplon/Documents/Archi/TP/TP03/add4bit.vhf 2014/10/01.08:51:21 M.81d
EN work/demiadd_MUSER_add4bit 1412147778 \
      FL /home/l2/houplon/Documents/Archi/TP/TP03/add4bit.vhf \
      PB ieee/std_logic_1164 1290154108 PB ieee/NUMERIC_STD 1290154109 LB UNISIM \
      PH unisim/VCOMPONENTS 1290154108
AR work/demiadd_MUSER_add4bit/BEHAVIORAL 1412147779 \
      FL /home/l2/houplon/Documents/Archi/TP/TP03/add4bit.vhf \
      EN work/demiadd_MUSER_add4bit 1412147778 CP XOR2 CP AND2
EN work/add1bit_MUSER_add4bit 1412147780 \
      FL /home/l2/houplon/Documents/Archi/TP/TP03/add4bit.vhf \
      PB ieee/std_logic_1164 1290154108 PB ieee/NUMERIC_STD 1290154109 LB UNISIM \
      PH unisim/VCOMPONENTS 1290154108
AR work/add1bit_MUSER_add4bit/BEHAVIORAL 1412147781 \
      FL /home/l2/houplon/Documents/Archi/TP/TP03/add4bit.vhf \
      EN work/add1bit_MUSER_add4bit 1412147780 CP demiadd_MUSER_add4bit CP OR2
EN work/add4bit 1412147782 \
      FL /home/l2/houplon/Documents/Archi/TP/TP03/add4bit.vhf \
      PB ieee/std_logic_1164 1290154108 PB ieee/NUMERIC_STD 1290154109 LB UNISIM \
      PH unisim/VCOMPONENTS 1290154108
AR work/add4bit/BEHAVIORAL 1412147783 \
      FL /home/l2/houplon/Documents/Archi/TP/TP03/add4bit.vhf EN work/add4bit 1412147782 \
      CP demiadd_MUSER_add4bit CP add1bit_MUSER_add4bit
FL /home/l2/houplon/Documents/Archi/TP/TP03/demiadd.vhf 2014/10/01.08:10:33 M.81d
EN work/demiadd 1412147788 \
      FL /home/l2/houplon/Documents/Archi/TP/TP03/demiadd.vhf \
      PB ieee/std_logic_1164 1290154108 PB ieee/NUMERIC_STD 1290154109 LB UNISIM \
      PH unisim/VCOMPONENTS 1290154108
AR work/demiadd/BEHAVIORAL 1412147789 \
      FL /home/l2/houplon/Documents/Archi/TP/TP03/demiadd.vhf EN work/demiadd 1412147788 \
      CP XOR2 CP AND2
FL /home/l2/houplon/Documents/Archi/TP/TP03/toplevel.vhf 2014/10/01.09:16:07 M.81d
EN work/demiadd_MUSER_toplevel 1412147770 \
      FL /home/l2/houplon/Documents/Archi/TP/TP03/toplevel.vhf \
      PB ieee/std_logic_1164 1290154108 PB ieee/NUMERIC_STD 1290154109 LB UNISIM \
      PH unisim/VCOMPONENTS 1290154108
AR work/demiadd_MUSER_toplevel/BEHAVIORAL 1412147771 \
      FL /home/l2/houplon/Documents/Archi/TP/TP03/toplevel.vhf \
      EN work/demiadd_MUSER_toplevel 1412147770 CP XOR2 CP AND2
EN work/add1bit_MUSER_toplevel 1412147772 \
      FL /home/l2/houplon/Documents/Archi/TP/TP03/toplevel.vhf \
      PB ieee/std_logic_1164 1290154108 PB ieee/NUMERIC_STD 1290154109 LB UNISIM \
      PH unisim/VCOMPONENTS 1290154108
AR work/add1bit_MUSER_toplevel/BEHAVIORAL 1412147773 \
      FL /home/l2/houplon/Documents/Archi/TP/TP03/toplevel.vhf \
      EN work/add1bit_MUSER_toplevel 1412147772 CP demiadd_MUSER_toplevel CP OR2
EN work/add4bit_MUSER_toplevel 1412147774 \
      FL /home/l2/houplon/Documents/Archi/TP/TP03/toplevel.vhf \
      PB ieee/std_logic_1164 1290154108 PB ieee/NUMERIC_STD 1290154109 LB UNISIM \
      PH unisim/VCOMPONENTS 1290154108
AR work/add4bit_MUSER_toplevel/BEHAVIORAL 1412147775 \
      FL /home/l2/houplon/Documents/Archi/TP/TP03/toplevel.vhf \
      EN work/add4bit_MUSER_toplevel 1412147774 CP demiadd_MUSER_toplevel \
      CP add1bit_MUSER_toplevel
EN work/toplevel 1412147776 \
      FL /home/l2/houplon/Documents/Archi/TP/TP03/toplevel.vhf \
      PB ieee/std_logic_1164 1290154108 PB ieee/NUMERIC_STD 1290154109 LB UNISIM \
      PH unisim/VCOMPONENTS 1290154108
AR work/toplevel/BEHAVIORAL 1412147777 \
      FL /home/l2/houplon/Documents/Archi/TP/TP03/toplevel.vhf EN work/toplevel 1412147776 \
      CP add4bit_MUSER_toplevel
