AR ibuf8_mxilinx_toplevel behavioral /home/l2/houplon/Documents/Archi/TP/TP12/toplevel.vhf sub00/vhpl67 1418197254
EN inv16_mxilinx_s3 NULL /home/l2/houplon/Documents/Archi/TP/TP12/S3.vhf sub01/vhpl116 1418197303
EN d2_4e_mxilinx_toplevel NULL /home/l2/houplon/Documents/Archi/TP/TP12/toplevel.vhf sub00/vhpl32 1418197219
AR afficheur16 behavioral /home/l2/houplon/Documents/Archi/TP/TP12/afficheur16.vhf sub00/vhpl79 1418197266
AR concat_muser_s3 behavioral /home/l2/houplon/Documents/Archi/TP/TP12/S3.vhf sub01/vhpl113 1418197300
AR pile_muser_s3 behavioral /home/l2/houplon/Documents/Archi/TP/TP12/S3.vhf sub00/vhpl99 1418197286
EN incdec2_muser_s3 NULL /home/l2/houplon/Documents/Archi/TP/TP12/S3.vhf sub00/vhpl92 1418197279
AR dec_muser_s3 behavioral /home/l2/houplon/Documents/Archi/TP/TP12/S3.vhf sub01/vhpl111 1418197298
AR m2_1e_mxilinx_afficheur16 behavioral /home/l2/houplon/Documents/Archi/TP/TP12/afficheur16.vhf sub00/vhpl71 1418197258
AR d2_4e_mxilinx_s3 behavioral /home/l2/houplon/Documents/Archi/TP/TP12/S3.vhf sub00/vhpl95 1418197282
EN adsu16_mxilinx_s3 NULL /home/l2/houplon/Documents/Archi/TP/TP12/S3.vhf sub01/vhpl120 1418197307
EN mux2x16_muser_pile NULL /home/l2/houplon/Documents/Archi/TP/TP12/PILE.vhf sub01/vhpl162 1418197349
EN connecteur16 NULL /home/l2/houplon/Documents/Archi/TP/TP12/connecteur16.vhf sub01/vhpl150 1418197337
EN datamem NULL /home/l2/houplon/Documents/Archi/TP/TP12/ipcore_dir/datamem.vhd sub00/vhpl02 1418197189
EN mux2x16_muser_toplevel NULL /home/l2/houplon/Documents/Archi/TP/TP12/toplevel.vhf sub00/vhpl28 1418197215
EN testeur NULL /home/l2/houplon/Documents/Archi/TP/TP12/testeur.vhf sub01/vhpl174 1418197361
AR connecteur_muser_s3 behavioral /home/l2/houplon/Documents/Archi/TP/TP12/S3.vhf sub00/vhpl85 1418197272
AR fsm behavioral /home/l2/houplon/Documents/Archi/TP/TP12/fsm.vhd sub00/vhpl01 1418197188
EN inc_muser_toplevel NULL /home/l2/houplon/Documents/Archi/TP/TP12/toplevel.vhf sub00/vhpl52 1418197239
AR connecteur_muser_connecteur16 behavioral /home/l2/houplon/Documents/Archi/TP/TP12/connecteur16.vhf sub01/vhpl149 1418197336
EN add16_mxilinx_inc NULL /home/l2/houplon/Documents/Archi/TP/TP12/inc.vhf sub01/vhpl186 1418197373
EN fd16ce_mxilinx_toplevel NULL /home/l2/houplon/Documents/Archi/TP/TP12/toplevel.vhf sub00/vhpl34 1418197221
EN d4_16e_mxilinx_s3 NULL /home/l2/houplon/Documents/Archi/TP/TP12/S3.vhf sub01/vhpl104 1418197291
EN concat_muser_s3 NULL /home/l2/houplon/Documents/Archi/TP/TP12/S3.vhf sub01/vhpl112 1418197299
EN m2_1e_mxilinx_afficheur16 NULL /home/l2/houplon/Documents/Archi/TP/TP12/afficheur16.vhf sub00/vhpl70 1418197257
EN m2_1e_mxilinx_mux4x4 NULL /home/l2/houplon/Documents/Archi/TP/TP12/mux4x4.vhf sub01/vhpl154 1418197341
EN connecteur16_muser_s3 NULL /home/l2/houplon/Documents/Archi/TP/TP12/S3.vhf sub00/vhpl86 1418197273
EN d4_16e_mxilinx_toplevel NULL /home/l2/houplon/Documents/Archi/TP/TP12/toplevel.vhf sub00/vhpl42 1418197229
AR d4_16e_mxilinx_s3 behavioral /home/l2/houplon/Documents/Archi/TP/TP12/S3.vhf sub01/vhpl105 1418197292
AR m2_1e_mxilinx_toplevel behavioral /home/l2/houplon/Documents/Archi/TP/TP12/toplevel.vhf sub00/vhpl13 1418197200
EN compteur4 NULL /home/l2/houplon/Documents/Archi/TP/TP12/compteur4.vhf sub01/vhpl146 1418197333
EN mux4x4 NULL /home/l2/houplon/Documents/Archi/TP/TP12/mux4x4.vhf sub01/vhpl158 1418197345
AR immediat behavioral /home/l2/houplon/Documents/Archi/TP/TP12/immediat.vhf sub01/vhpl153 1418197340
EN pulse NULL /home/l2/houplon/Documents/Archi/TP/TP12/pulse.vhf sub00/vhpl82 1418197269
EN or16_mxilinx_s3 NULL /home/l2/houplon/Documents/Archi/TP/TP12/S3.vhf sub01/vhpl100 1418197287
AR pile_muser_toplevel behavioral /home/l2/houplon/Documents/Archi/TP/TP12/toplevel.vhf sub00/vhpl37 1418197224
EN adsu16_mxilinx_toplevel NULL /home/l2/houplon/Documents/Archi/TP/TP12/toplevel.vhf sub00/vhpl58 1418197245
AR andor_muser_toplevel behavioral /home/l2/houplon/Documents/Archi/TP/TP12/toplevel.vhf sub00/vhpl57 1418197244
AR m4_1e_mxilinx_afficheur16 behavioral /home/l2/houplon/Documents/Archi/TP/TP12/afficheur16.vhf sub00/vhpl73 1418197260
AR alu_muser_toplevel behavioral /home/l2/houplon/Documents/Archi/TP/TP12/toplevel.vhf sub00/vhpl61 1418197248
EN adsu16_mxilinx_alu NULL /home/l2/houplon/Documents/Archi/TP/TP12/ALU.vhf sub01/vhpl138 1418197325
EN fd16ce_mxilinx_pile NULL /home/l2/houplon/Documents/Archi/TP/TP12/PILE.vhf sub01/vhpl168 1418197355
AR mux2x16_muser_s3 behavioral /home/l2/houplon/Documents/Archi/TP/TP12/S3.vhf sub00/vhpl91 1418197278
AR testeur_muser_toplevel behavioral /home/l2/houplon/Documents/Archi/TP/TP12/toplevel.vhf sub00/vhpl41 1418197228
EN immediat NULL /home/l2/houplon/Documents/Archi/TP/TP12/immediat.vhf sub01/vhpl152 1418197339
EN add16_mxilinx_toplevel NULL /home/l2/houplon/Documents/Archi/TP/TP12/toplevel.vhf sub00/vhpl46 1418197233
EN testeur_muser_s3 NULL /home/l2/houplon/Documents/Archi/TP/TP12/S3.vhf sub01/vhpl102 1418197289
EN clkdiv NULL /home/l2/houplon/Documents/Archi/TP/TP12/clkdiv.vhf sub00/vhpl80 1418197267
EN alu_muser_s3 NULL /home/l2/houplon/Documents/Archi/TP/TP12/S3.vhf sub01/vhpl122 1418197309
EN alu_muser_toplevel NULL /home/l2/houplon/Documents/Archi/TP/TP12/toplevel.vhf sub00/vhpl60 1418197247
AR d4_16e_mxilinx_toplevel behavioral /home/l2/houplon/Documents/Archi/TP/TP12/toplevel.vhf sub00/vhpl43 1418197230
EN incdec2 NULL /home/l2/houplon/Documents/Archi/TP/TP12/incdec2.vhf sub01/vhpl190 1418197377
AR mux4x4 behavioral /home/l2/houplon/Documents/Archi/TP/TP12/mux4x4.vhf sub01/vhpl159 1418197346
EN fsm NULL /home/l2/houplon/Documents/Archi/TP/TP12/fsm.vhd sub00/vhpl00 1418197187
AR add16_mxilinx_dec behavioral /home/l2/houplon/Documents/Archi/TP/TP12/dec.vhf sub01/vhpl183 1418197370
AR s3_muser_toplevel behavioral /home/l2/houplon/Documents/Archi/TP/TP12/toplevel.vhf sub00/vhpl63 1418197250
EN inv16_mxilinx_toplevel NULL /home/l2/houplon/Documents/Archi/TP/TP12/toplevel.vhf sub00/vhpl54 1418197241
AR incdec2_muser_toplevel behavioral /home/l2/houplon/Documents/Archi/TP/TP12/toplevel.vhf sub00/vhpl31 1418197218
EN andor NULL /home/l2/houplon/Documents/Archi/TP/TP12/andor.vhf sub01/vhpl176 1418197363
EN dec_muser_toplevel NULL /home/l2/houplon/Documents/Archi/TP/TP12/toplevel.vhf sub00/vhpl48 1418197235
EN toplevel NULL /home/l2/houplon/Documents/Archi/TP/TP12/toplevel.vhf sub00/vhpl68 1418197255
AR inc_muser_alu behavioral /home/l2/houplon/Documents/Archi/TP/TP12/ALU.vhf sub01/vhpl133 1418197320
AR or16_mxilinx_toplevel behavioral /home/l2/houplon/Documents/Archi/TP/TP12/toplevel.vhf sub00/vhpl39 1418197226
AR connecteur behavioral /home/l2/houplon/Documents/Archi/TP/TP12/connecteur.vhf sub01/vhpl181 1418197368
AR m4_1e_mxilinx_toplevel behavioral /home/l2/houplon/Documents/Archi/TP/TP12/toplevel.vhf sub00/vhpl15 1418197202
AR fd16ce_mxilinx_pile behavioral /home/l2/houplon/Documents/Archi/TP/TP12/PILE.vhf sub01/vhpl169 1418197356
AR or16_mxilinx_testeur behavioral /home/l2/houplon/Documents/Archi/TP/TP12/testeur.vhf sub01/vhpl173 1418197360
AR testeur_muser_s3 behavioral /home/l2/houplon/Documents/Archi/TP/TP12/S3.vhf sub01/vhpl103 1418197290
EN connecteur16_muser_toplevel NULL /home/l2/houplon/Documents/Archi/TP/TP12/toplevel.vhf sub00/vhpl24 1418197211
AR connecteur16 behavioral /home/l2/houplon/Documents/Archi/TP/TP12/connecteur16.vhf sub01/vhpl151 1418197338
EN pile NULL /home/l2/houplon/Documents/Archi/TP/TP12/PILE.vhf sub01/vhpl170 1418197357
AR m2_1_mxilinx_alu behavioral /home/l2/houplon/Documents/Archi/TP/TP12/ALU.vhf sub01/vhpl141 1418197328
AR mux4x4_muser_toplevel behavioral /home/l2/houplon/Documents/Archi/TP/TP12/toplevel.vhf sub00/vhpl17 1418197204
EN d2_4e_mxilinx_pile NULL /home/l2/houplon/Documents/Archi/TP/TP12/PILE.vhf sub01/vhpl166 1418197353
EN testeur_muser_toplevel NULL /home/l2/houplon/Documents/Archi/TP/TP12/toplevel.vhf sub00/vhpl40 1418197227
AR connecteur16_muser_toplevel behavioral /home/l2/houplon/Documents/Archi/TP/TP12/toplevel.vhf sub00/vhpl25 1418197212
AR incdec2_muser_s3 behavioral /home/l2/houplon/Documents/Archi/TP/TP12/S3.vhf sub00/vhpl93 1418197280
EN mux2x16_muser_s3 NULL /home/l2/houplon/Documents/Archi/TP/TP12/S3.vhf sub00/vhpl90 1418197277
AR add16_mxilinx_s3 behavioral /home/l2/houplon/Documents/Archi/TP/TP12/S3.vhf sub01/vhpl109 1418197296
EN afficheur16 NULL /home/l2/houplon/Documents/Archi/TP/TP12/afficheur16.vhf sub00/vhpl78 1418197265
EN m2_1_mxilinx_pile NULL /home/l2/houplon/Documents/Archi/TP/TP12/PILE.vhf sub01/vhpl160 1418197347
EN inc NULL /home/l2/houplon/Documents/Archi/TP/TP12/inc.vhf sub01/vhpl188 1418197375
AR fd16ce_mxilinx_s3 behavioral /home/l2/houplon/Documents/Archi/TP/TP12/S3.vhf sub00/vhpl97 1418197284
AR inv16_mxilinx_s3 behavioral /home/l2/houplon/Documents/Archi/TP/TP12/S3.vhf sub01/vhpl117 1418197304
EN concat_muser_alu NULL /home/l2/houplon/Documents/Archi/TP/TP12/ALU.vhf sub01/vhpl130 1418197317
AR toplevel behavioral /home/l2/houplon/Documents/Archi/TP/TP12/toplevel.vhf sub00/vhpl69 1418197256
AR adsu16_mxilinx_s3 behavioral /home/l2/houplon/Documents/Archi/TP/TP12/S3.vhf sub01/vhpl121 1418197308
EN andor_muser_toplevel NULL /home/l2/houplon/Documents/Archi/TP/TP12/toplevel.vhf sub00/vhpl56 1418197243
AR inv16_mxilinx_toplevel behavioral /home/l2/houplon/Documents/Archi/TP/TP12/toplevel.vhf sub00/vhpl55 1418197242
EN x7seg NULL /home/l2/houplon/Documents/Archi/TP/TP12/x7seg.vhd sub00/vhpl06 1418197193
AR mux2x16_muser_toplevel behavioral /home/l2/houplon/Documents/Archi/TP/TP12/toplevel.vhf sub00/vhpl29 1418197216
AR concat_muser_toplevel behavioral /home/l2/houplon/Documents/Archi/TP/TP12/toplevel.vhf sub00/vhpl51 1418197238
EN andor_muser_alu NULL /home/l2/houplon/Documents/Archi/TP/TP12/ALU.vhf sub01/vhpl136 1418197323
AR connecteur16_muser_s3 behavioral /home/l2/houplon/Documents/Archi/TP/TP12/S3.vhf sub00/vhpl87 1418197274
EN or16_mxilinx_toplevel NULL /home/l2/houplon/Documents/Archi/TP/TP12/toplevel.vhf sub00/vhpl38 1418197225
EN s3_muser_toplevel NULL /home/l2/houplon/Documents/Archi/TP/TP12/toplevel.vhf sub00/vhpl62 1418197249
EN mux2x16 NULL /home/l2/houplon/Documents/Archi/TP/TP12/mux2x16.vhf sub01/vhpl194 1418197381
AR clkdiv_muser_toplevel behavioral /home/l2/houplon/Documents/Archi/TP/TP12/toplevel.vhf sub00/vhpl11 1418197198
AR inv16_mxilinx_alu behavioral /home/l2/houplon/Documents/Archi/TP/TP12/ALU.vhf sub01/vhpl135 1418197322
AR clkdiv behavioral /home/l2/houplon/Documents/Archi/TP/TP12/clkdiv.vhf sub00/vhpl81 1418197268
AR incdec2_muser_pile behavioral /home/l2/houplon/Documents/Archi/TP/TP12/PILE.vhf sub01/vhpl165 1418197352
EN or16_mxilinx_testeur NULL /home/l2/houplon/Documents/Archi/TP/TP12/testeur.vhf sub01/vhpl172 1418197359
AR adsu16_mxilinx_alu behavioral /home/l2/houplon/Documents/Archi/TP/TP12/ALU.vhf sub01/vhpl139 1418197326
EN m4_1e_mxilinx_toplevel NULL /home/l2/houplon/Documents/Archi/TP/TP12/toplevel.vhf sub00/vhpl14 1418197201
AR add16_mxilinx_alu behavioral /home/l2/houplon/Documents/Archi/TP/TP12/ALU.vhf sub01/vhpl127 1418197314
AR add16_mxilinx_inc behavioral /home/l2/houplon/Documents/Archi/TP/TP12/inc.vhf sub01/vhpl187 1418197374
EN m2_1_mxilinx_alu NULL /home/l2/houplon/Documents/Archi/TP/TP12/ALU.vhf sub01/vhpl140 1418197327
AR obuf8_mxilinx_toplevel behavioral /home/l2/houplon/Documents/Archi/TP/TP12/toplevel.vhf sub00/vhpl65 1418197252
AR immediat_muser_s3 behavioral /home/l2/houplon/Documents/Archi/TP/TP12/S3.vhf sub01/vhpl107 1418197294
EN concat_muser_toplevel NULL /home/l2/houplon/Documents/Archi/TP/TP12/toplevel.vhf sub00/vhpl50 1418197237
EN pulse_muser_toplevel NULL /home/l2/houplon/Documents/Archi/TP/TP12/toplevel.vhf sub00/vhpl08 1418197195
AR datamem datamem_a /home/l2/houplon/Documents/Archi/TP/TP12/ipcore_dir/datamem.vhd sub00/vhpl03 1418197190
EN add16_mxilinx_s3 NULL /home/l2/houplon/Documents/Archi/TP/TP12/S3.vhf sub01/vhpl108 1418197295
AR compteur4_muser_afficheur16 behavioral /home/l2/houplon/Documents/Archi/TP/TP12/afficheur16.vhf sub00/vhpl77 1418197264
AR concat_muser_alu behavioral /home/l2/houplon/Documents/Archi/TP/TP12/ALU.vhf sub01/vhpl131 1418197318
EN ibuf8_mxilinx_toplevel NULL /home/l2/houplon/Documents/Archi/TP/TP12/toplevel.vhf sub00/vhpl66 1418197253
EN inc_muser_s3 NULL /home/l2/houplon/Documents/Archi/TP/TP12/S3.vhf sub01/vhpl114 1418197301
EN afficheur16_muser_toplevel NULL /home/l2/houplon/Documents/Archi/TP/TP12/toplevel.vhf sub00/vhpl20 1418197207
EN immediat_muser_s3 NULL /home/l2/houplon/Documents/Archi/TP/TP12/S3.vhf sub01/vhpl106 1418197293
EN connecteur_muser_toplevel NULL /home/l2/houplon/Documents/Archi/TP/TP12/toplevel.vhf sub00/vhpl22 1418197209
AR m2_1_mxilinx_mux2x16 behavioral /home/l2/houplon/Documents/Archi/TP/TP12/mux2x16.vhf sub01/vhpl193 1418197380
AR pile behavioral /home/l2/houplon/Documents/Archi/TP/TP12/PILE.vhf sub01/vhpl171 1418197358
EN s3 NULL /home/l2/houplon/Documents/Archi/TP/TP12/S3.vhf sub01/vhpl124 1418197311
AR mux4x4_muser_afficheur16 behavioral /home/l2/houplon/Documents/Archi/TP/TP12/afficheur16.vhf sub00/vhpl75 1418197262
AR afficheur16_muser_toplevel behavioral /home/l2/houplon/Documents/Archi/TP/TP12/toplevel.vhf sub00/vhpl21 1418197208
EN add16_mxilinx_alu NULL /home/l2/houplon/Documents/Archi/TP/TP12/ALU.vhf sub01/vhpl126 1418197313
AR dec_muser_toplevel behavioral /home/l2/houplon/Documents/Archi/TP/TP12/toplevel.vhf sub00/vhpl49 1418197236
EN m2_1_mxilinx_toplevel NULL /home/l2/houplon/Documents/Archi/TP/TP12/toplevel.vhf sub00/vhpl26 1418197213
AR m2_1_mxilinx_pile behavioral /home/l2/houplon/Documents/Archi/TP/TP12/PILE.vhf sub01/vhpl161 1418197348
AR andor_muser_alu behavioral /home/l2/houplon/Documents/Archi/TP/TP12/ALU.vhf sub01/vhpl137 1418197324
AR dec_muser_alu behavioral /home/l2/houplon/Documents/Archi/TP/TP12/ALU.vhf sub01/vhpl129 1418197316
AR incdec2 behavioral /home/l2/houplon/Documents/Archi/TP/TP12/incdec2.vhf sub01/vhpl191 1418197378
AR concat behavioral /home/l2/houplon/Documents/Archi/TP/TP12/concat.vhf sub01/vhpl179 1418197366
EN obuf8_mxilinx_toplevel NULL /home/l2/houplon/Documents/Archi/TP/TP12/toplevel.vhf sub00/vhpl64 1418197251
AR x7seg behavioral /home/l2/houplon/Documents/Archi/TP/TP12/x7seg.vhd sub00/vhpl07 1418197194
EN add16_mxilinx_dec NULL /home/l2/houplon/Documents/Archi/TP/TP12/dec.vhf sub01/vhpl182 1418197369
AR adsu16_mxilinx_toplevel behavioral /home/l2/houplon/Documents/Archi/TP/TP12/toplevel.vhf sub00/vhpl59 1418197246
AR d2_4e_mxilinx_pile behavioral /home/l2/houplon/Documents/Archi/TP/TP12/PILE.vhf sub01/vhpl167 1418197354
AR add16_mxilinx_toplevel behavioral /home/l2/houplon/Documents/Archi/TP/TP12/toplevel.vhf sub00/vhpl47 1418197234
EN inc_muser_alu NULL /home/l2/houplon/Documents/Archi/TP/TP12/ALU.vhf sub01/vhpl132 1418197319
EN immediat_muser_toplevel NULL /home/l2/houplon/Documents/Archi/TP/TP12/toplevel.vhf sub00/vhpl44 1418197231
EN m4_1e_mxilinx_afficheur16 NULL /home/l2/houplon/Documents/Archi/TP/TP12/afficheur16.vhf sub00/vhpl72 1418197259
AR pulse_muser_toplevel behavioral /home/l2/houplon/Documents/Archi/TP/TP12/toplevel.vhf sub00/vhpl09 1418197196
EN connecteur_muser_s3 NULL /home/l2/houplon/Documents/Archi/TP/TP12/S3.vhf sub00/vhpl84 1418197271
EN andor_muser_s3 NULL /home/l2/houplon/Documents/Archi/TP/TP12/S3.vhf sub01/vhpl118 1418197305
AR compteur4_muser_toplevel behavioral /home/l2/houplon/Documents/Archi/TP/TP12/toplevel.vhf sub00/vhpl19 1418197206
EN pile_muser_s3 NULL /home/l2/houplon/Documents/Archi/TP/TP12/S3.vhf sub00/vhpl98 1418197285
EN clkdiv_muser_toplevel NULL /home/l2/houplon/Documents/Archi/TP/TP12/toplevel.vhf sub00/vhpl10 1418197197
EN m4_1e_mxilinx_mux4x4 NULL /home/l2/houplon/Documents/Archi/TP/TP12/mux4x4.vhf sub01/vhpl156 1418197343
EN m2_1_mxilinx_mux2x16 NULL /home/l2/houplon/Documents/Archi/TP/TP12/mux2x16.vhf sub01/vhpl192 1418197379
AR m4_1e_mxilinx_mux4x4 behavioral /home/l2/houplon/Documents/Archi/TP/TP12/mux4x4.vhf sub01/vhpl157 1418197344
AR mux2x16_muser_pile behavioral /home/l2/houplon/Documents/Archi/TP/TP12/PILE.vhf sub01/vhpl163 1418197350
EN connecteur NULL /home/l2/houplon/Documents/Archi/TP/TP12/connecteur.vhf sub01/vhpl180 1418197367
AR dec behavioral /home/l2/houplon/Documents/Archi/TP/TP12/dec.vhf sub01/vhpl185 1418197372
AR m2_1_mxilinx_toplevel behavioral /home/l2/houplon/Documents/Archi/TP/TP12/toplevel.vhf sub00/vhpl27 1418197214
EN insmem NULL /home/l2/houplon/Documents/Archi/TP/TP12/ipcore_dir/insmem.vhd sub00/vhpl04 1418197191
EN mux4x4_muser_toplevel NULL /home/l2/houplon/Documents/Archi/TP/TP12/toplevel.vhf sub00/vhpl16 1418197203
AR andor behavioral /home/l2/houplon/Documents/Archi/TP/TP12/andor.vhf sub01/vhpl177 1418197364
EN m2_1e_mxilinx_toplevel NULL /home/l2/houplon/Documents/Archi/TP/TP12/toplevel.vhf sub00/vhpl12 1418197199
AR connecteur_muser_toplevel behavioral /home/l2/houplon/Documents/Archi/TP/TP12/toplevel.vhf sub00/vhpl23 1418197210
AR testeur behavioral /home/l2/houplon/Documents/Archi/TP/TP12/testeur.vhf sub01/vhpl175 1418197362
AR m2_1e_mxilinx_mux4x4 behavioral /home/l2/houplon/Documents/Archi/TP/TP12/mux4x4.vhf sub01/vhpl155 1418197342
EN dec_muser_s3 NULL /home/l2/houplon/Documents/Archi/TP/TP12/S3.vhf sub01/vhpl110 1418197297
EN incdec2_muser_pile NULL /home/l2/houplon/Documents/Archi/TP/TP12/PILE.vhf sub01/vhpl164 1418197351
EN inv16_mxilinx_alu NULL /home/l2/houplon/Documents/Archi/TP/TP12/ALU.vhf sub01/vhpl134 1418197321
AR d2_4e_mxilinx_toplevel behavioral /home/l2/houplon/Documents/Archi/TP/TP12/toplevel.vhf sub00/vhpl33 1418197220
AR fd16ce_mxilinx_toplevel behavioral /home/l2/houplon/Documents/Archi/TP/TP12/toplevel.vhf sub00/vhpl35 1418197222
AR mux2x16_muser_alu behavioral /home/l2/houplon/Documents/Archi/TP/TP12/ALU.vhf sub01/vhpl143 1418197330
EN dec_muser_alu NULL /home/l2/houplon/Documents/Archi/TP/TP12/ALU.vhf sub01/vhpl128 1418197315
EN pile_muser_toplevel NULL /home/l2/houplon/Documents/Archi/TP/TP12/toplevel.vhf sub00/vhpl36 1418197223
AR andor_muser_s3 behavioral /home/l2/houplon/Documents/Archi/TP/TP12/S3.vhf sub01/vhpl119 1418197306
EN mux2x16_muser_alu NULL /home/l2/houplon/Documents/Archi/TP/TP12/ALU.vhf sub01/vhpl142 1418197329
EN d2_4e_mxilinx_s3 NULL /home/l2/houplon/Documents/Archi/TP/TP12/S3.vhf sub00/vhpl94 1418197281
EN incdec2_muser_toplevel NULL /home/l2/houplon/Documents/Archi/TP/TP12/toplevel.vhf sub00/vhpl30 1418197217
AR compteur4 behavioral /home/l2/houplon/Documents/Archi/TP/TP12/compteur4.vhf sub01/vhpl147 1418197334
AR pulse behavioral /home/l2/houplon/Documents/Archi/TP/TP12/pulse.vhf sub00/vhpl83 1418197270
EN compteur4_muser_toplevel NULL /home/l2/houplon/Documents/Archi/TP/TP12/toplevel.vhf sub00/vhpl18 1418197205
EN fd16ce_mxilinx_s3 NULL /home/l2/houplon/Documents/Archi/TP/TP12/S3.vhf sub00/vhpl96 1418197283
AR alu_muser_s3 behavioral /home/l2/houplon/Documents/Archi/TP/TP12/S3.vhf sub01/vhpl123 1418197310
EN concat NULL /home/l2/houplon/Documents/Archi/TP/TP12/concat.vhf sub01/vhpl178 1418197365
AR s3 behavioral /home/l2/houplon/Documents/Archi/TP/TP12/S3.vhf sub01/vhpl125 1418197312
EN connecteur_muser_connecteur16 NULL /home/l2/houplon/Documents/Archi/TP/TP12/connecteur16.vhf sub01/vhpl148 1418197335
AR mux2x16 behavioral /home/l2/houplon/Documents/Archi/TP/TP12/mux2x16.vhf sub01/vhpl195 1418197382
AR immediat_muser_toplevel behavioral /home/l2/houplon/Documents/Archi/TP/TP12/toplevel.vhf sub00/vhpl45 1418197232
EN alu NULL /home/l2/houplon/Documents/Archi/TP/TP12/ALU.vhf sub01/vhpl144 1418197331
EN m2_1_mxilinx_s3 NULL /home/l2/houplon/Documents/Archi/TP/TP12/S3.vhf sub00/vhpl88 1418197275
AR insmem insmem_a /home/l2/houplon/Documents/Archi/TP/TP12/ipcore_dir/insmem.vhd sub00/vhpl05 1418197192
AR inc_muser_toplevel behavioral /home/l2/houplon/Documents/Archi/TP/TP12/toplevel.vhf sub00/vhpl53 1418197240
EN compteur4_muser_afficheur16 NULL /home/l2/houplon/Documents/Archi/TP/TP12/afficheur16.vhf sub00/vhpl76 1418197263
EN dec NULL /home/l2/houplon/Documents/Archi/TP/TP12/dec.vhf sub01/vhpl184 1418197371
AR or16_mxilinx_s3 behavioral /home/l2/houplon/Documents/Archi/TP/TP12/S3.vhf sub01/vhpl101 1418197288
AR alu behavioral /home/l2/houplon/Documents/Archi/TP/TP12/ALU.vhf sub01/vhpl145 1418197332
AR m2_1_mxilinx_s3 behavioral /home/l2/houplon/Documents/Archi/TP/TP12/S3.vhf sub00/vhpl89 1418197276
AR inc behavioral /home/l2/houplon/Documents/Archi/TP/TP12/inc.vhf sub01/vhpl189 1418197376
AR inc_muser_s3 behavioral /home/l2/houplon/Documents/Archi/TP/TP12/S3.vhf sub01/vhpl115 1418197302
EN mux4x4_muser_afficheur16 NULL /home/l2/houplon/Documents/Archi/TP/TP12/afficheur16.vhf sub00/vhpl74 1418197261
