V3 332
FL /home/l2/houplon/Documents/Archi/TP/TP12/afficheur16.vhf 2014/12/09.11:44:46 M.81d
EN work/M2_1E_MXILINX_afficheur16 1418197257 \
      FL /home/l2/houplon/Documents/Archi/TP/TP12/afficheur16.vhf \
      PB ieee/std_logic_1164 1290154108 PB ieee/NUMERIC_STD 1290154109 LB UNISIM \
      PH unisim/VCOMPONENTS 1290154108
AR work/M2_1E_MXILINX_afficheur16/BEHAVIORAL 1418197258 \
      FL /home/l2/houplon/Documents/Archi/TP/TP12/afficheur16.vhf \
      EN work/M2_1E_MXILINX_afficheur16 1418197257 CP AND3 CP AND3B1 CP OR2
EN work/M4_1E_MXILINX_afficheur16 1418197259 \
      FL /home/l2/houplon/Documents/Archi/TP/TP12/afficheur16.vhf \
      PB ieee/std_logic_1164 1290154108 PB ieee/NUMERIC_STD 1290154109 LB UNISIM \
      PH unisim/VCOMPONENTS 1290154108
AR work/M4_1E_MXILINX_afficheur16/BEHAVIORAL 1418197260 \
      FL /home/l2/houplon/Documents/Archi/TP/TP12/afficheur16.vhf \
      EN work/M4_1E_MXILINX_afficheur16 1418197259 CP M2_1E_MXILINX_afficheur16 \
      CP MUXF5
EN work/mux4x4_MUSER_afficheur16 1418197261 \
      FL /home/l2/houplon/Documents/Archi/TP/TP12/afficheur16.vhf \
      PB ieee/std_logic_1164 1290154108 PB ieee/NUMERIC_STD 1290154109 LB UNISIM \
      PH unisim/VCOMPONENTS 1290154108
AR work/mux4x4_MUSER_afficheur16/BEHAVIORAL 1418197262 \
      FL /home/l2/houplon/Documents/Archi/TP/TP12/afficheur16.vhf \
      EN work/mux4x4_MUSER_afficheur16 1418197261 CP M4_1E_MXILINX_afficheur16 \
      CP VCC
EN work/compteur4_MUSER_afficheur16 1418197263 \
      FL /home/l2/houplon/Documents/Archi/TP/TP12/afficheur16.vhf \
      PB ieee/std_logic_1164 1290154108 PB ieee/NUMERIC_STD 1290154109 LB UNISIM \
      PH unisim/VCOMPONENTS 1290154108
AR work/compteur4_MUSER_afficheur16/BEHAVIORAL 1418197264 \
      FL /home/l2/houplon/Documents/Archi/TP/TP12/afficheur16.vhf \
      EN work/compteur4_MUSER_afficheur16 1418197263 CP FD CP INV
EN work/afficheur16 1418197265 \
      FL /home/l2/houplon/Documents/Archi/TP/TP12/afficheur16.vhf \
      PB ieee/std_logic_1164 1290154108 PB ieee/NUMERIC_STD 1290154109 LB UNISIM \
      PH unisim/VCOMPONENTS 1290154108
AR work/afficheur16/BEHAVIORAL 1418197266 \
      FL /home/l2/houplon/Documents/Archi/TP/TP12/afficheur16.vhf \
      EN work/afficheur16 1418197265 CP compteur4_MUSER_afficheur16 \
      CP mux4x4_MUSER_afficheur16 CP x7seg
FL /home/l2/houplon/Documents/Archi/TP/TP12/ALU.vhf 2014/12/09.11:44:48 M.81d
EN work/ADD16_MXILINX_ALU 1418197313 \
      FL /home/l2/houplon/Documents/Archi/TP/TP12/ALU.vhf PB ieee/std_logic_1164 1290154108 \
      PB ieee/NUMERIC_STD 1290154109 LB UNISIM PH unisim/VCOMPONENTS 1290154108
AR work/ADD16_MXILINX_ALU/BEHAVIORAL 1418197314 \
      FL /home/l2/houplon/Documents/Archi/TP/TP12/ALU.vhf \
      EN work/ADD16_MXILINX_ALU 1418197313 CP FMAP CP MUXCY_L CP MUXCY CP XORCY \
      CP MUXCY_D CP XOR2
EN work/dec_MUSER_ALU 1418197315 \
      FL /home/l2/houplon/Documents/Archi/TP/TP12/ALU.vhf PB ieee/std_logic_1164 1290154108 \
      PB ieee/NUMERIC_STD 1290154109 LB UNISIM PH unisim/VCOMPONENTS 1290154108
AR work/dec_MUSER_ALU/BEHAVIORAL 1418197316 \
      FL /home/l2/houplon/Documents/Archi/TP/TP12/ALU.vhf EN work/dec_MUSER_ALU 1418197315 \
      CP ADD16_MXILINX_ALU CP GND
EN work/concat_MUSER_ALU 1418197317 \
      FL /home/l2/houplon/Documents/Archi/TP/TP12/ALU.vhf PB ieee/std_logic_1164 1290154108 \
      PB ieee/NUMERIC_STD 1290154109 LB UNISIM PH unisim/VCOMPONENTS 1290154108
AR work/concat_MUSER_ALU/BEHAVIORAL 1418197318 \
      FL /home/l2/houplon/Documents/Archi/TP/TP12/ALU.vhf \
      EN work/concat_MUSER_ALU 1418197317 CP BUF
EN work/inc_MUSER_ALU 1418197319 \
      FL /home/l2/houplon/Documents/Archi/TP/TP12/ALU.vhf PB ieee/std_logic_1164 1290154108 \
      PB ieee/NUMERIC_STD 1290154109 LB UNISIM PH unisim/VCOMPONENTS 1290154108
AR work/inc_MUSER_ALU/BEHAVIORAL 1418197320 \
      FL /home/l2/houplon/Documents/Archi/TP/TP12/ALU.vhf EN work/inc_MUSER_ALU 1418197319 \
      CP ADD16_MXILINX_ALU CP VCC
EN work/INV16_MXILINX_ALU 1418197321 \
      FL /home/l2/houplon/Documents/Archi/TP/TP12/ALU.vhf PB ieee/std_logic_1164 1290154108 \
      PB ieee/NUMERIC_STD 1290154109 LB UNISIM PH unisim/VCOMPONENTS 1290154108
AR work/INV16_MXILINX_ALU/BEHAVIORAL 1418197322 \
      FL /home/l2/houplon/Documents/Archi/TP/TP12/ALU.vhf \
      EN work/INV16_MXILINX_ALU 1418197321 CP INV
EN work/andor_MUSER_ALU 1418197323 \
      FL /home/l2/houplon/Documents/Archi/TP/TP12/ALU.vhf PB ieee/std_logic_1164 1290154108 \
      PB ieee/NUMERIC_STD 1290154109 LB UNISIM PH unisim/VCOMPONENTS 1290154108
AR work/andor_MUSER_ALU/BEHAVIORAL 1418197324 \
      FL /home/l2/houplon/Documents/Archi/TP/TP12/ALU.vhf EN work/andor_MUSER_ALU 1418197323 \
      CP AND2 CP OR2
EN work/ADSU16_MXILINX_ALU 1418197325 \
      FL /home/l2/houplon/Documents/Archi/TP/TP12/ALU.vhf PB ieee/std_logic_1164 1290154108 \
      PB ieee/NUMERIC_STD 1290154109 LB UNISIM PH unisim/VCOMPONENTS 1290154108
AR work/ADSU16_MXILINX_ALU/BEHAVIORAL 1418197326 \
      FL /home/l2/houplon/Documents/Archi/TP/TP12/ALU.vhf \
      EN work/ADSU16_MXILINX_ALU 1418197325 CP FMAP CP XOR3 CP MUXCY_L CP MUXCY \
      CP XORCY CP MUXCY_D CP XOR2 CP INV
EN work/M2_1_MXILINX_ALU 1418197327 \
      FL /home/l2/houplon/Documents/Archi/TP/TP12/ALU.vhf PB ieee/std_logic_1164 1290154108 \
      PB ieee/NUMERIC_STD 1290154109 LB UNISIM PH unisim/VCOMPONENTS 1290154108
AR work/M2_1_MXILINX_ALU/BEHAVIORAL 1418197328 \
      FL /home/l2/houplon/Documents/Archi/TP/TP12/ALU.vhf \
      EN work/M2_1_MXILINX_ALU 1418197327 CP AND2B1 CP OR2 CP AND2
EN work/mux2x16_MUSER_ALU 1418197329 \
      FL /home/l2/houplon/Documents/Archi/TP/TP12/ALU.vhf PB ieee/std_logic_1164 1290154108 \
      PB ieee/NUMERIC_STD 1290154109 LB UNISIM PH unisim/VCOMPONENTS 1290154108
AR work/mux2x16_MUSER_ALU/BEHAVIORAL 1418197330 \
      FL /home/l2/houplon/Documents/Archi/TP/TP12/ALU.vhf \
      EN work/mux2x16_MUSER_ALU 1418197329 CP M2_1_MXILINX_ALU
EN work/ALU 1418197331 \
      FL /home/l2/houplon/Documents/Archi/TP/TP12/ALU.vhf PB ieee/std_logic_1164 1290154108 \
      PB ieee/NUMERIC_STD 1290154109 LB UNISIM PH unisim/VCOMPONENTS 1290154108
AR work/ALU/BEHAVIORAL 1418197332 \
      FL /home/l2/houplon/Documents/Archi/TP/TP12/ALU.vhf EN work/ALU 1418197331 \
      CP mux2x16_MUSER_ALU CP ADSU16_MXILINX_ALU CP INV16_MXILINX_ALU \
      CP andor_MUSER_ALU CP inc_MUSER_ALU CP concat_MUSER_ALU CP dec_MUSER_ALU
FL /home/l2/houplon/Documents/Archi/TP/TP12/andor.vhf 2014/12/09.11:44:48 M.81d
EN work/andor 1418197363 FL /home/l2/houplon/Documents/Archi/TP/TP12/andor.vhf \
      PB ieee/std_logic_1164 1290154108 PB ieee/NUMERIC_STD 1290154109 LB UNISIM \
      PH unisim/VCOMPONENTS 1290154108
AR work/andor/BEHAVIORAL 1418197364 \
      FL /home/l2/houplon/Documents/Archi/TP/TP12/andor.vhf EN work/andor 1418197363 \
      CP AND2 CP OR2
FL /home/l2/houplon/Documents/Archi/TP/TP12/clkdiv.vhf 2014/12/09.11:44:46 M.81d
EN work/clkdiv 1418197267 FL /home/l2/houplon/Documents/Archi/TP/TP12/clkdiv.vhf \
      PB ieee/std_logic_1164 1290154108 PB ieee/NUMERIC_STD 1290154109 LB UNISIM \
      PH unisim/VCOMPONENTS 1290154108
AR work/clkdiv/BEHAVIORAL 1418197268 \
      FL /home/l2/houplon/Documents/Archi/TP/TP12/clkdiv.vhf EN work/clkdiv 1418197267 \
      CP FD CP INV
FL /home/l2/houplon/Documents/Archi/TP/TP12/compteur4.vhf 2014/12/09.11:44:46 M.81d
EN work/compteur4 1418197333 \
      FL /home/l2/houplon/Documents/Archi/TP/TP12/compteur4.vhf \
      PB ieee/std_logic_1164 1290154108 PB ieee/NUMERIC_STD 1290154109 LB UNISIM \
      PH unisim/VCOMPONENTS 1290154108
AR work/compteur4/BEHAVIORAL 1418197334 \
      FL /home/l2/houplon/Documents/Archi/TP/TP12/compteur4.vhf EN work/compteur4 1418197333 \
      CP FD CP INV
FL /home/l2/houplon/Documents/Archi/TP/TP12/concat.vhf 2014/12/09.11:44:48 M.81d
EN work/concat 1418197365 FL /home/l2/houplon/Documents/Archi/TP/TP12/concat.vhf \
      PB ieee/std_logic_1164 1290154108 PB ieee/NUMERIC_STD 1290154109 LB UNISIM \
      PH unisim/VCOMPONENTS 1290154108
AR work/concat/BEHAVIORAL 1418197366 \
      FL /home/l2/houplon/Documents/Archi/TP/TP12/concat.vhf EN work/concat 1418197365 \
      CP BUF
FL /home/l2/houplon/Documents/Archi/TP/TP12/connecteur.vhf 2014/12/09.11:44:46 M.81d
EN work/connecteur 1418197367 \
      FL /home/l2/houplon/Documents/Archi/TP/TP12/connecteur.vhf \
      PB ieee/std_logic_1164 1290154108 PB ieee/NUMERIC_STD 1290154109 LB UNISIM \
      PH unisim/VCOMPONENTS 1290154108
AR work/connecteur/BEHAVIORAL 1418197368 \
      FL /home/l2/houplon/Documents/Archi/TP/TP12/connecteur.vhf \
      EN work/connecteur 1418197367 CP AND2 CP OR2
FL /home/l2/houplon/Documents/Archi/TP/TP12/connecteur16.vhf 2014/12/09.11:44:46 M.81d
EN work/connecteur_MUSER_connecteur16 1418197335 \
      FL /home/l2/houplon/Documents/Archi/TP/TP12/connecteur16.vhf \
      PB ieee/std_logic_1164 1290154108 PB ieee/NUMERIC_STD 1290154109 LB UNISIM \
      PH unisim/VCOMPONENTS 1290154108
AR work/connecteur_MUSER_connecteur16/BEHAVIORAL 1418197336 \
      FL /home/l2/houplon/Documents/Archi/TP/TP12/connecteur16.vhf \
      EN work/connecteur_MUSER_connecteur16 1418197335 CP AND2 CP OR2
EN work/connecteur16 1418197337 \
      FL /home/l2/houplon/Documents/Archi/TP/TP12/connecteur16.vhf \
      PB ieee/std_logic_1164 1290154108 PB ieee/NUMERIC_STD 1290154109 LB UNISIM \
      PH unisim/VCOMPONENTS 1290154108
AR work/connecteur16/BEHAVIORAL 1418197338 \
      FL /home/l2/houplon/Documents/Archi/TP/TP12/connecteur16.vhf \
      EN work/connecteur16 1418197337 CP connecteur_MUSER_connecteur16
FL /home/l2/houplon/Documents/Archi/TP/TP12/dec.vhf 2014/12/09.11:44:49 M.81d
EN work/ADD16_MXILINX_dec 1418197369 \
      FL /home/l2/houplon/Documents/Archi/TP/TP12/dec.vhf PB ieee/std_logic_1164 1290154108 \
      PB ieee/NUMERIC_STD 1290154109 LB UNISIM PH unisim/VCOMPONENTS 1290154108
AR work/ADD16_MXILINX_dec/BEHAVIORAL 1418197370 \
      FL /home/l2/houplon/Documents/Archi/TP/TP12/dec.vhf \
      EN work/ADD16_MXILINX_dec 1418197369 CP FMAP CP MUXCY_L CP MUXCY CP XORCY \
      CP MUXCY_D CP XOR2
EN work/dec 1418197371 \
      FL /home/l2/houplon/Documents/Archi/TP/TP12/dec.vhf PB ieee/std_logic_1164 1290154108 \
      PB ieee/NUMERIC_STD 1290154109 LB UNISIM PH unisim/VCOMPONENTS 1290154108
AR work/dec/BEHAVIORAL 1418197372 \
      FL /home/l2/houplon/Documents/Archi/TP/TP12/dec.vhf EN work/dec 1418197371 \
      CP ADD16_MXILINX_dec CP GND
FL /home/l2/houplon/Documents/Archi/TP/TP12/fsm.vhd 2014/12/09.11:42:43 M.81d
EN work/fsm 1418197187 FL /home/l2/houplon/Documents/Archi/TP/TP12/fsm.vhd \
      PB ieee/std_logic_1164 1290154108
AR work/fsm/Behavioral 1418197188 \
      FL /home/l2/houplon/Documents/Archi/TP/TP12/fsm.vhd EN work/fsm 1418197187
FL /home/l2/houplon/Documents/Archi/TP/TP12/immediat.vhf 2014/12/09.11:44:49 M.81d
EN work/immediat 1418197339 \
      FL /home/l2/houplon/Documents/Archi/TP/TP12/immediat.vhf \
      PB ieee/std_logic_1164 1290154108 PB ieee/NUMERIC_STD 1290154109 LB UNISIM \
      PH unisim/VCOMPONENTS 1290154108
AR work/immediat/BEHAVIORAL 1418197340 \
      FL /home/l2/houplon/Documents/Archi/TP/TP12/immediat.vhf EN work/immediat 1418197339 \
      CP BUF
FL /home/l2/houplon/Documents/Archi/TP/TP12/inc.vhf 2014/12/09.11:44:47 M.81d
EN work/ADD16_MXILINX_inc 1418197373 \
      FL /home/l2/houplon/Documents/Archi/TP/TP12/inc.vhf PB ieee/std_logic_1164 1290154108 \
      PB ieee/NUMERIC_STD 1290154109 LB UNISIM PH unisim/VCOMPONENTS 1290154108
AR work/ADD16_MXILINX_inc/BEHAVIORAL 1418197374 \
      FL /home/l2/houplon/Documents/Archi/TP/TP12/inc.vhf \
      EN work/ADD16_MXILINX_inc 1418197373 CP FMAP CP MUXCY_L CP MUXCY CP XORCY \
      CP MUXCY_D CP XOR2
EN work/inc 1418197375 \
      FL /home/l2/houplon/Documents/Archi/TP/TP12/inc.vhf PB ieee/std_logic_1164 1290154108 \
      PB ieee/NUMERIC_STD 1290154109 LB UNISIM PH unisim/VCOMPONENTS 1290154108
AR work/inc/BEHAVIORAL 1418197376 \
      FL /home/l2/houplon/Documents/Archi/TP/TP12/inc.vhf EN work/inc 1418197375 \
      CP ADD16_MXILINX_inc CP VCC
FL /home/l2/houplon/Documents/Archi/TP/TP12/incdec2.vhf 2014/12/09.11:44:49 M.81d
EN work/incdec2 1418197377 \
      FL /home/l2/houplon/Documents/Archi/TP/TP12/incdec2.vhf \
      PB ieee/std_logic_1164 1290154108 PB ieee/NUMERIC_STD 1290154109 LB UNISIM \
      PH unisim/VCOMPONENTS 1290154108
AR work/incdec2/BEHAVIORAL 1418197378 \
      FL /home/l2/houplon/Documents/Archi/TP/TP12/incdec2.vhf EN work/incdec2 1418197377 \
      CP AND2 CP OR2 CP XOR2 CP INV CP FDE
FL /home/l2/houplon/Documents/Archi/TP/TP12/ipcore_dir/datamem.vhd 2014/12/03.15:15:38 M.81d
EN work/datamem 1418197189 \
      FL /home/l2/houplon/Documents/Archi/TP/TP12/ipcore_dir/datamem.vhd \
      PB ieee/std_logic_1164 1290154108
AR work/datamem/datamem_a 1418197190 \
      FL /home/l2/houplon/Documents/Archi/TP/TP12/ipcore_dir/datamem.vhd \
      EN work/datamem 1418197189
FL /home/l2/houplon/Documents/Archi/TP/TP12/ipcore_dir/insmem.vhd 2014/12/10.08:37:53 M.81d
EN work/insmem 1418197191 \
      FL /home/l2/houplon/Documents/Archi/TP/TP12/ipcore_dir/insmem.vhd \
      PB ieee/std_logic_1164 1290154108
AR work/insmem/insmem_a 1418197192 \
      FL /home/l2/houplon/Documents/Archi/TP/TP12/ipcore_dir/insmem.vhd \
      EN work/insmem 1418197191
FL /home/l2/houplon/Documents/Archi/TP/TP12/mux2x16.vhf 2014/12/09.11:44:47 M.81d
EN work/M2_1_MXILINX_mux2x16 1418197379 \
      FL /home/l2/houplon/Documents/Archi/TP/TP12/mux2x16.vhf \
      PB ieee/std_logic_1164 1290154108 PB ieee/NUMERIC_STD 1290154109 LB UNISIM \
      PH unisim/VCOMPONENTS 1290154108
AR work/M2_1_MXILINX_mux2x16/BEHAVIORAL 1418197380 \
      FL /home/l2/houplon/Documents/Archi/TP/TP12/mux2x16.vhf \
      EN work/M2_1_MXILINX_mux2x16 1418197379 CP AND2B1 CP OR2 CP AND2
EN work/mux2x16 1418197381 \
      FL /home/l2/houplon/Documents/Archi/TP/TP12/mux2x16.vhf \
      PB ieee/std_logic_1164 1290154108 PB ieee/NUMERIC_STD 1290154109 LB UNISIM \
      PH unisim/VCOMPONENTS 1290154108
AR work/mux2x16/BEHAVIORAL 1418197382 \
      FL /home/l2/houplon/Documents/Archi/TP/TP12/mux2x16.vhf EN work/mux2x16 1418197381 \
      CP M2_1_MXILINX_mux2x16
FL /home/l2/houplon/Documents/Archi/TP/TP12/mux4x4.vhf 2014/12/09.11:44:46 M.81d
EN work/M2_1E_MXILINX_mux4x4 1418197341 \
      FL /home/l2/houplon/Documents/Archi/TP/TP12/mux4x4.vhf \
      PB ieee/std_logic_1164 1290154108 PB ieee/NUMERIC_STD 1290154109 LB UNISIM \
      PH unisim/VCOMPONENTS 1290154108
AR work/M2_1E_MXILINX_mux4x4/BEHAVIORAL 1418197342 \
      FL /home/l2/houplon/Documents/Archi/TP/TP12/mux4x4.vhf \
      EN work/M2_1E_MXILINX_mux4x4 1418197341 CP AND3 CP AND3B1 CP OR2
EN work/M4_1E_MXILINX_mux4x4 1418197343 \
      FL /home/l2/houplon/Documents/Archi/TP/TP12/mux4x4.vhf \
      PB ieee/std_logic_1164 1290154108 PB ieee/NUMERIC_STD 1290154109 LB UNISIM \
      PH unisim/VCOMPONENTS 1290154108
AR work/M4_1E_MXILINX_mux4x4/BEHAVIORAL 1418197344 \
      FL /home/l2/houplon/Documents/Archi/TP/TP12/mux4x4.vhf \
      EN work/M4_1E_MXILINX_mux4x4 1418197343 CP M2_1E_MXILINX_mux4x4 CP MUXF5
EN work/mux4x4 1418197345 \
      FL /home/l2/houplon/Documents/Archi/TP/TP12/mux4x4.vhf \
      PB ieee/std_logic_1164 1290154108 PB ieee/NUMERIC_STD 1290154109 LB UNISIM \
      PH unisim/VCOMPONENTS 1290154108
AR work/mux4x4/BEHAVIORAL 1418197346 \
      FL /home/l2/houplon/Documents/Archi/TP/TP12/mux4x4.vhf EN work/mux4x4 1418197345 \
      CP M4_1E_MXILINX_mux4x4 CP VCC
FL /home/l2/houplon/Documents/Archi/TP/TP12/PILE.vhf 2014/12/09.11:44:49 M.81d
EN work/M2_1_MXILINX_PILE 1418197347 \
      FL /home/l2/houplon/Documents/Archi/TP/TP12/PILE.vhf PB ieee/std_logic_1164 1290154108 \
      PB ieee/NUMERIC_STD 1290154109 LB UNISIM PH unisim/VCOMPONENTS 1290154108
AR work/M2_1_MXILINX_PILE/BEHAVIORAL 1418197348 \
      FL /home/l2/houplon/Documents/Archi/TP/TP12/PILE.vhf \
      EN work/M2_1_MXILINX_PILE 1418197347 CP AND2B1 CP OR2 CP AND2
EN work/mux2x16_MUSER_PILE 1418197349 \
      FL /home/l2/houplon/Documents/Archi/TP/TP12/PILE.vhf PB ieee/std_logic_1164 1290154108 \
      PB ieee/NUMERIC_STD 1290154109 LB UNISIM PH unisim/VCOMPONENTS 1290154108
AR work/mux2x16_MUSER_PILE/BEHAVIORAL 1418197350 \
      FL /home/l2/houplon/Documents/Archi/TP/TP12/PILE.vhf \
      EN work/mux2x16_MUSER_PILE 1418197349 CP M2_1_MXILINX_PILE
EN work/incdec2_MUSER_PILE 1418197351 \
      FL /home/l2/houplon/Documents/Archi/TP/TP12/PILE.vhf PB ieee/std_logic_1164 1290154108 \
      PB ieee/NUMERIC_STD 1290154109 LB UNISIM PH unisim/VCOMPONENTS 1290154108
AR work/incdec2_MUSER_PILE/BEHAVIORAL 1418197352 \
      FL /home/l2/houplon/Documents/Archi/TP/TP12/PILE.vhf \
      EN work/incdec2_MUSER_PILE 1418197351 CP AND2 CP OR2 CP XOR2 CP INV CP FDE
EN work/D2_4E_MXILINX_PILE 1418197353 \
      FL /home/l2/houplon/Documents/Archi/TP/TP12/PILE.vhf PB ieee/std_logic_1164 1290154108 \
      PB ieee/NUMERIC_STD 1290154109 LB UNISIM PH unisim/VCOMPONENTS 1290154108
AR work/D2_4E_MXILINX_PILE/BEHAVIORAL 1418197354 \
      FL /home/l2/houplon/Documents/Archi/TP/TP12/PILE.vhf \
      EN work/D2_4E_MXILINX_PILE 1418197353 CP AND3 CP AND3B1 CP AND3B2
EN work/FD16CE_MXILINX_PILE 1418197355 \
      FL /home/l2/houplon/Documents/Archi/TP/TP12/PILE.vhf PB ieee/std_logic_1164 1290154108 \
      PB ieee/NUMERIC_STD 1290154109 LB UNISIM PH unisim/VCOMPONENTS 1290154108
AR work/FD16CE_MXILINX_PILE/BEHAVIORAL 1418197356 \
      FL /home/l2/houplon/Documents/Archi/TP/TP12/PILE.vhf \
      EN work/FD16CE_MXILINX_PILE 1418197355 CP FDCE
EN work/PILE 1418197357 \
      FL /home/l2/houplon/Documents/Archi/TP/TP12/PILE.vhf PB ieee/std_logic_1164 1290154108 \
      PB ieee/NUMERIC_STD 1290154109 LB UNISIM PH unisim/VCOMPONENTS 1290154108
AR work/PILE/BEHAVIORAL 1418197358 \
      FL /home/l2/houplon/Documents/Archi/TP/TP12/PILE.vhf EN work/PILE 1418197357 \
      CP FD16CE_MXILINX_PILE CP D2_4E_MXILINX_PILE CP incdec2_MUSER_PILE \
      CP mux2x16_MUSER_PILE CP XNOR2 CP INV
FL /home/l2/houplon/Documents/Archi/TP/TP12/pulse.vhf 2014/12/09.11:44:49 M.81d
EN work/pulse 1418197269 FL /home/l2/houplon/Documents/Archi/TP/TP12/pulse.vhf \
      PB ieee/std_logic_1164 1290154108 PB ieee/NUMERIC_STD 1290154109 LB UNISIM \
      PH unisim/VCOMPONENTS 1290154108
AR work/pulse/BEHAVIORAL 1418197270 \
      FL /home/l2/houplon/Documents/Archi/TP/TP12/pulse.vhf EN work/pulse 1418197269 \
      CP FD CP AND3 CP INV
FL /home/l2/houplon/Documents/Archi/TP/TP12/S3.vhf 2014/12/10.08:39:43 M.81d
EN work/connecteur_MUSER_S3 1418197271 \
      FL /home/l2/houplon/Documents/Archi/TP/TP12/S3.vhf PB ieee/std_logic_1164 1290154108 \
      PB ieee/NUMERIC_STD 1290154109 LB UNISIM PH unisim/VCOMPONENTS 1290154108
AR work/connecteur_MUSER_S3/BEHAVIORAL 1418197272 \
      FL /home/l2/houplon/Documents/Archi/TP/TP12/S3.vhf \
      EN work/connecteur_MUSER_S3 1418197271 CP AND2 CP OR2
EN work/connecteur16_MUSER_S3 1418197273 \
      FL /home/l2/houplon/Documents/Archi/TP/TP12/S3.vhf PB ieee/std_logic_1164 1290154108 \
      PB ieee/NUMERIC_STD 1290154109 LB UNISIM PH unisim/VCOMPONENTS 1290154108
AR work/connecteur16_MUSER_S3/BEHAVIORAL 1418197274 \
      FL /home/l2/houplon/Documents/Archi/TP/TP12/S3.vhf \
      EN work/connecteur16_MUSER_S3 1418197273 CP connecteur_MUSER_S3
EN work/M2_1_MXILINX_S3 1418197275 \
      FL /home/l2/houplon/Documents/Archi/TP/TP12/S3.vhf PB ieee/std_logic_1164 1290154108 \
      PB ieee/NUMERIC_STD 1290154109 LB UNISIM PH unisim/VCOMPONENTS 1290154108
AR work/M2_1_MXILINX_S3/BEHAVIORAL 1418197276 \
      FL /home/l2/houplon/Documents/Archi/TP/TP12/S3.vhf EN work/M2_1_MXILINX_S3 1418197275 \
      CP AND2B1 CP OR2 CP AND2
EN work/mux2x16_MUSER_S3 1418197277 \
      FL /home/l2/houplon/Documents/Archi/TP/TP12/S3.vhf PB ieee/std_logic_1164 1290154108 \
      PB ieee/NUMERIC_STD 1290154109 LB UNISIM PH unisim/VCOMPONENTS 1290154108
AR work/mux2x16_MUSER_S3/BEHAVIORAL 1418197278 \
      FL /home/l2/houplon/Documents/Archi/TP/TP12/S3.vhf EN work/mux2x16_MUSER_S3 1418197277 \
      CP M2_1_MXILINX_S3
EN work/incdec2_MUSER_S3 1418197279 \
      FL /home/l2/houplon/Documents/Archi/TP/TP12/S3.vhf PB ieee/std_logic_1164 1290154108 \
      PB ieee/NUMERIC_STD 1290154109 LB UNISIM PH unisim/VCOMPONENTS 1290154108
AR work/incdec2_MUSER_S3/BEHAVIORAL 1418197280 \
      FL /home/l2/houplon/Documents/Archi/TP/TP12/S3.vhf EN work/incdec2_MUSER_S3 1418197279 \
      CP AND2 CP OR2 CP XOR2 CP INV CP FDE
EN work/D2_4E_MXILINX_S3 1418197281 \
      FL /home/l2/houplon/Documents/Archi/TP/TP12/S3.vhf PB ieee/std_logic_1164 1290154108 \
      PB ieee/NUMERIC_STD 1290154109 LB UNISIM PH unisim/VCOMPONENTS 1290154108
AR work/D2_4E_MXILINX_S3/BEHAVIORAL 1418197282 \
      FL /home/l2/houplon/Documents/Archi/TP/TP12/S3.vhf EN work/D2_4E_MXILINX_S3 1418197281 \
      CP AND3 CP AND3B1 CP AND3B2
EN work/FD16CE_MXILINX_S3 1418197283 \
      FL /home/l2/houplon/Documents/Archi/TP/TP12/S3.vhf PB ieee/std_logic_1164 1290154108 \
      PB ieee/NUMERIC_STD 1290154109 LB UNISIM PH unisim/VCOMPONENTS 1290154108
AR work/FD16CE_MXILINX_S3/BEHAVIORAL 1418197284 \
      FL /home/l2/houplon/Documents/Archi/TP/TP12/S3.vhf \
      EN work/FD16CE_MXILINX_S3 1418197283 CP FDCE
EN work/PILE_MUSER_S3 1418197285 \
      FL /home/l2/houplon/Documents/Archi/TP/TP12/S3.vhf PB ieee/std_logic_1164 1290154108 \
      PB ieee/NUMERIC_STD 1290154109 LB UNISIM PH unisim/VCOMPONENTS 1290154108
AR work/PILE_MUSER_S3/BEHAVIORAL 1418197286 \
      FL /home/l2/houplon/Documents/Archi/TP/TP12/S3.vhf EN work/PILE_MUSER_S3 1418197285 \
      CP FD16CE_MXILINX_S3 CP D2_4E_MXILINX_S3 CP incdec2_MUSER_S3 \
      CP mux2x16_MUSER_S3 CP XNOR2 CP INV
EN work/OR16_MXILINX_S3 1418197287 \
      FL /home/l2/houplon/Documents/Archi/TP/TP12/S3.vhf PB ieee/std_logic_1164 1290154108 \
      PB ieee/NUMERIC_STD 1290154109 LB UNISIM PH unisim/VCOMPONENTS 1290154108
AR work/OR16_MXILINX_S3/BEHAVIORAL 1418197288 \
      FL /home/l2/houplon/Documents/Archi/TP/TP12/S3.vhf EN work/OR16_MXILINX_S3 1418197287 \
      CP MUXCY_L CP FMAP CP NOR4 CP MUXCY CP VCC CP GND
EN work/testeur_MUSER_S3 1418197289 \
      FL /home/l2/houplon/Documents/Archi/TP/TP12/S3.vhf PB ieee/std_logic_1164 1290154108 \
      PB ieee/NUMERIC_STD 1290154109 LB UNISIM PH unisim/VCOMPONENTS 1290154108
AR work/testeur_MUSER_S3/BEHAVIORAL 1418197290 \
      FL /home/l2/houplon/Documents/Archi/TP/TP12/S3.vhf EN work/testeur_MUSER_S3 1418197289 \
      CP OR16_MXILINX_S3 CP OR3 CP AND2 CP INV CP NOR2
EN work/D4_16E_MXILINX_S3 1418197291 \
      FL /home/l2/houplon/Documents/Archi/TP/TP12/S3.vhf PB ieee/std_logic_1164 1290154108 \
      PB ieee/NUMERIC_STD 1290154109 LB UNISIM PH unisim/VCOMPONENTS 1290154108
AR work/D4_16E_MXILINX_S3/BEHAVIORAL 1418197292 \
      FL /home/l2/houplon/Documents/Archi/TP/TP12/S3.vhf \
      EN work/D4_16E_MXILINX_S3 1418197291 CP AND5B3 CP AND5B2 CP AND5B1 CP AND5 \
      CP AND5B4
EN work/immediat_MUSER_S3 1418197293 \
      FL /home/l2/houplon/Documents/Archi/TP/TP12/S3.vhf PB ieee/std_logic_1164 1290154108 \
      PB ieee/NUMERIC_STD 1290154109 LB UNISIM PH unisim/VCOMPONENTS 1290154108
AR work/immediat_MUSER_S3/BEHAVIORAL 1418197294 \
      FL /home/l2/houplon/Documents/Archi/TP/TP12/S3.vhf \
      EN work/immediat_MUSER_S3 1418197293 CP BUF
EN work/ADD16_MXILINX_S3 1418197295 \
      FL /home/l2/houplon/Documents/Archi/TP/TP12/S3.vhf PB ieee/std_logic_1164 1290154108 \
      PB ieee/NUMERIC_STD 1290154109 LB UNISIM PH unisim/VCOMPONENTS 1290154108
AR work/ADD16_MXILINX_S3/BEHAVIORAL 1418197296 \
      FL /home/l2/houplon/Documents/Archi/TP/TP12/S3.vhf EN work/ADD16_MXILINX_S3 1418197295 \
      CP FMAP CP MUXCY_L CP MUXCY CP XORCY CP MUXCY_D CP XOR2
EN work/dec_MUSER_S3 1418197297 \
      FL /home/l2/houplon/Documents/Archi/TP/TP12/S3.vhf PB ieee/std_logic_1164 1290154108 \
      PB ieee/NUMERIC_STD 1290154109 LB UNISIM PH unisim/VCOMPONENTS 1290154108
AR work/dec_MUSER_S3/BEHAVIORAL 1418197298 \
      FL /home/l2/houplon/Documents/Archi/TP/TP12/S3.vhf EN work/dec_MUSER_S3 1418197297 \
      CP ADD16_MXILINX_S3 CP GND
EN work/concat_MUSER_S3 1418197299 \
      FL /home/l2/houplon/Documents/Archi/TP/TP12/S3.vhf PB ieee/std_logic_1164 1290154108 \
      PB ieee/NUMERIC_STD 1290154109 LB UNISIM PH unisim/VCOMPONENTS 1290154108
AR work/concat_MUSER_S3/BEHAVIORAL 1418197300 \
      FL /home/l2/houplon/Documents/Archi/TP/TP12/S3.vhf EN work/concat_MUSER_S3 1418197299 \
      CP BUF
EN work/inc_MUSER_S3 1418197301 \
      FL /home/l2/houplon/Documents/Archi/TP/TP12/S3.vhf PB ieee/std_logic_1164 1290154108 \
      PB ieee/NUMERIC_STD 1290154109 LB UNISIM PH unisim/VCOMPONENTS 1290154108
AR work/inc_MUSER_S3/BEHAVIORAL 1418197302 \
      FL /home/l2/houplon/Documents/Archi/TP/TP12/S3.vhf EN work/inc_MUSER_S3 1418197301 \
      CP ADD16_MXILINX_S3 CP VCC
EN work/INV16_MXILINX_S3 1418197303 \
      FL /home/l2/houplon/Documents/Archi/TP/TP12/S3.vhf PB ieee/std_logic_1164 1290154108 \
      PB ieee/NUMERIC_STD 1290154109 LB UNISIM PH unisim/VCOMPONENTS 1290154108
AR work/INV16_MXILINX_S3/BEHAVIORAL 1418197304 \
      FL /home/l2/houplon/Documents/Archi/TP/TP12/S3.vhf EN work/INV16_MXILINX_S3 1418197303 \
      CP INV
EN work/andor_MUSER_S3 1418197305 \
      FL /home/l2/houplon/Documents/Archi/TP/TP12/S3.vhf PB ieee/std_logic_1164 1290154108 \
      PB ieee/NUMERIC_STD 1290154109 LB UNISIM PH unisim/VCOMPONENTS 1290154108
AR work/andor_MUSER_S3/BEHAVIORAL 1418197306 \
      FL /home/l2/houplon/Documents/Archi/TP/TP12/S3.vhf EN work/andor_MUSER_S3 1418197305 \
      CP AND2 CP OR2
EN work/ADSU16_MXILINX_S3 1418197307 \
      FL /home/l2/houplon/Documents/Archi/TP/TP12/S3.vhf PB ieee/std_logic_1164 1290154108 \
      PB ieee/NUMERIC_STD 1290154109 LB UNISIM PH unisim/VCOMPONENTS 1290154108
AR work/ADSU16_MXILINX_S3/BEHAVIORAL 1418197308 \
      FL /home/l2/houplon/Documents/Archi/TP/TP12/S3.vhf \
      EN work/ADSU16_MXILINX_S3 1418197307 CP FMAP CP XOR3 CP MUXCY_L CP MUXCY \
      CP XORCY CP MUXCY_D CP XOR2 CP INV
EN work/ALU_MUSER_S3 1418197309 \
      FL /home/l2/houplon/Documents/Archi/TP/TP12/S3.vhf PB ieee/std_logic_1164 1290154108 \
      PB ieee/NUMERIC_STD 1290154109 LB UNISIM PH unisim/VCOMPONENTS 1290154108
AR work/ALU_MUSER_S3/BEHAVIORAL 1418197310 \
      FL /home/l2/houplon/Documents/Archi/TP/TP12/S3.vhf EN work/ALU_MUSER_S3 1418197309 \
      CP mux2x16_MUSER_S3 CP ADSU16_MXILINX_S3 CP INV16_MXILINX_S3 \
      CP andor_MUSER_S3 CP inc_MUSER_S3 CP concat_MUSER_S3 CP dec_MUSER_S3
EN work/S3 1418197311 \
      FL /home/l2/houplon/Documents/Archi/TP/TP12/S3.vhf PB ieee/std_logic_1164 1290154108 \
      PB ieee/NUMERIC_STD 1290154109 LB UNISIM PH unisim/VCOMPONENTS 1290154108
AR work/S3/BEHAVIORAL 1418197312 \
      FL /home/l2/houplon/Documents/Archi/TP/TP12/S3.vhf EN work/S3 1418197311 \
      CP ALU_MUSER_S3 CP connecteur16_MUSER_S3 CP FD16CE_MXILINX_S3 CP fsm \
      CP inc_MUSER_S3 CP datamem CP insmem CP mux2x16_MUSER_S3 CP OR2 CP VCC \
      CP D4_16E_MXILINX_S3 CP immediat_MUSER_S3 CP testeur_MUSER_S3 \
      CP PILE_MUSER_S3
FL /home/l2/houplon/Documents/Archi/TP/TP12/testeur.vhf 2014/12/09.11:44:49 M.81d
EN work/OR16_MXILINX_testeur 1418197359 \
      FL /home/l2/houplon/Documents/Archi/TP/TP12/testeur.vhf \
      PB ieee/std_logic_1164 1290154108 PB ieee/NUMERIC_STD 1290154109 LB UNISIM \
      PH unisim/VCOMPONENTS 1290154108
AR work/OR16_MXILINX_testeur/BEHAVIORAL 1418197360 \
      FL /home/l2/houplon/Documents/Archi/TP/TP12/testeur.vhf \
      EN work/OR16_MXILINX_testeur 1418197359 CP MUXCY_L CP FMAP CP NOR4 CP MUXCY \
      CP VCC CP GND
EN work/testeur 1418197361 \
      FL /home/l2/houplon/Documents/Archi/TP/TP12/testeur.vhf \
      PB ieee/std_logic_1164 1290154108 PB ieee/NUMERIC_STD 1290154109 LB UNISIM \
      PH unisim/VCOMPONENTS 1290154108
AR work/testeur/BEHAVIORAL 1418197362 \
      FL /home/l2/houplon/Documents/Archi/TP/TP12/testeur.vhf EN work/testeur 1418197361 \
      CP OR16_MXILINX_testeur CP OR3 CP AND2 CP INV CP NOR2
FL /home/l2/houplon/Documents/Archi/TP/TP12/toplevel.vhf 2014/12/10.08:39:37 M.81d
EN work/pulse_MUSER_toplevel 1418197195 \
      FL /home/l2/houplon/Documents/Archi/TP/TP12/toplevel.vhf \
      PB ieee/std_logic_1164 1290154108 PB ieee/NUMERIC_STD 1290154109 LB UNISIM \
      PH unisim/VCOMPONENTS 1290154108
AR work/pulse_MUSER_toplevel/BEHAVIORAL 1418197196 \
      FL /home/l2/houplon/Documents/Archi/TP/TP12/toplevel.vhf \
      EN work/pulse_MUSER_toplevel 1418197195 CP FD CP AND3 CP INV
EN work/clkdiv_MUSER_toplevel 1418197197 \
      FL /home/l2/houplon/Documents/Archi/TP/TP12/toplevel.vhf \
      PB ieee/std_logic_1164 1290154108 PB ieee/NUMERIC_STD 1290154109 LB UNISIM \
      PH unisim/VCOMPONENTS 1290154108
AR work/clkdiv_MUSER_toplevel/BEHAVIORAL 1418197198 \
      FL /home/l2/houplon/Documents/Archi/TP/TP12/toplevel.vhf \
      EN work/clkdiv_MUSER_toplevel 1418197197 CP FD CP INV
EN work/M2_1E_MXILINX_toplevel 1418197199 \
      FL /home/l2/houplon/Documents/Archi/TP/TP12/toplevel.vhf \
      PB ieee/std_logic_1164 1290154108 PB ieee/NUMERIC_STD 1290154109 LB UNISIM \
      PH unisim/VCOMPONENTS 1290154108
AR work/M2_1E_MXILINX_toplevel/BEHAVIORAL 1418197200 \
      FL /home/l2/houplon/Documents/Archi/TP/TP12/toplevel.vhf \
      EN work/M2_1E_MXILINX_toplevel 1418197199 CP AND3 CP AND3B1 CP OR2
EN work/M4_1E_MXILINX_toplevel 1418197201 \
      FL /home/l2/houplon/Documents/Archi/TP/TP12/toplevel.vhf \
      PB ieee/std_logic_1164 1290154108 PB ieee/NUMERIC_STD 1290154109 LB UNISIM \
      PH unisim/VCOMPONENTS 1290154108
AR work/M4_1E_MXILINX_toplevel/BEHAVIORAL 1418197202 \
      FL /home/l2/houplon/Documents/Archi/TP/TP12/toplevel.vhf \
      EN work/M4_1E_MXILINX_toplevel 1418197201 CP M2_1E_MXILINX_toplevel CP MUXF5
EN work/mux4x4_MUSER_toplevel 1418197203 \
      FL /home/l2/houplon/Documents/Archi/TP/TP12/toplevel.vhf \
      PB ieee/std_logic_1164 1290154108 PB ieee/NUMERIC_STD 1290154109 LB UNISIM \
      PH unisim/VCOMPONENTS 1290154108
AR work/mux4x4_MUSER_toplevel/BEHAVIORAL 1418197204 \
      FL /home/l2/houplon/Documents/Archi/TP/TP12/toplevel.vhf \
      EN work/mux4x4_MUSER_toplevel 1418197203 CP M4_1E_MXILINX_toplevel CP VCC
EN work/compteur4_MUSER_toplevel 1418197205 \
      FL /home/l2/houplon/Documents/Archi/TP/TP12/toplevel.vhf \
      PB ieee/std_logic_1164 1290154108 PB ieee/NUMERIC_STD 1290154109 LB UNISIM \
      PH unisim/VCOMPONENTS 1290154108
AR work/compteur4_MUSER_toplevel/BEHAVIORAL 1418197206 \
      FL /home/l2/houplon/Documents/Archi/TP/TP12/toplevel.vhf \
      EN work/compteur4_MUSER_toplevel 1418197205 CP FD CP INV
EN work/afficheur16_MUSER_toplevel 1418197207 \
      FL /home/l2/houplon/Documents/Archi/TP/TP12/toplevel.vhf \
      PB ieee/std_logic_1164 1290154108 PB ieee/NUMERIC_STD 1290154109 LB UNISIM \
      PH unisim/VCOMPONENTS 1290154108
AR work/afficheur16_MUSER_toplevel/BEHAVIORAL 1418197208 \
      FL /home/l2/houplon/Documents/Archi/TP/TP12/toplevel.vhf \
      EN work/afficheur16_MUSER_toplevel 1418197207 CP compteur4_MUSER_toplevel \
      CP mux4x4_MUSER_toplevel CP x7seg
EN work/connecteur_MUSER_toplevel 1418197209 \
      FL /home/l2/houplon/Documents/Archi/TP/TP12/toplevel.vhf \
      PB ieee/std_logic_1164 1290154108 PB ieee/NUMERIC_STD 1290154109 LB UNISIM \
      PH unisim/VCOMPONENTS 1290154108
AR work/connecteur_MUSER_toplevel/BEHAVIORAL 1418197210 \
      FL /home/l2/houplon/Documents/Archi/TP/TP12/toplevel.vhf \
      EN work/connecteur_MUSER_toplevel 1418197209 CP AND2 CP OR2
EN work/connecteur16_MUSER_toplevel 1418197211 \
      FL /home/l2/houplon/Documents/Archi/TP/TP12/toplevel.vhf \
      PB ieee/std_logic_1164 1290154108 PB ieee/NUMERIC_STD 1290154109 LB UNISIM \
      PH unisim/VCOMPONENTS 1290154108
AR work/connecteur16_MUSER_toplevel/BEHAVIORAL 1418197212 \
      FL /home/l2/houplon/Documents/Archi/TP/TP12/toplevel.vhf \
      EN work/connecteur16_MUSER_toplevel 1418197211 CP connecteur_MUSER_toplevel
EN work/M2_1_MXILINX_toplevel 1418197213 \
      FL /home/l2/houplon/Documents/Archi/TP/TP12/toplevel.vhf \
      PB ieee/std_logic_1164 1290154108 PB ieee/NUMERIC_STD 1290154109 LB UNISIM \
      PH unisim/VCOMPONENTS 1290154108
AR work/M2_1_MXILINX_toplevel/BEHAVIORAL 1418197214 \
      FL /home/l2/houplon/Documents/Archi/TP/TP12/toplevel.vhf \
      EN work/M2_1_MXILINX_toplevel 1418197213 CP AND2B1 CP OR2 CP AND2
EN work/mux2x16_MUSER_toplevel 1418197215 \
      FL /home/l2/houplon/Documents/Archi/TP/TP12/toplevel.vhf \
      PB ieee/std_logic_1164 1290154108 PB ieee/NUMERIC_STD 1290154109 LB UNISIM \
      PH unisim/VCOMPONENTS 1290154108
AR work/mux2x16_MUSER_toplevel/BEHAVIORAL 1418197216 \
      FL /home/l2/houplon/Documents/Archi/TP/TP12/toplevel.vhf \
      EN work/mux2x16_MUSER_toplevel 1418197215 CP M2_1_MXILINX_toplevel
EN work/incdec2_MUSER_toplevel 1418197217 \
      FL /home/l2/houplon/Documents/Archi/TP/TP12/toplevel.vhf \
      PB ieee/std_logic_1164 1290154108 PB ieee/NUMERIC_STD 1290154109 LB UNISIM \
      PH unisim/VCOMPONENTS 1290154108
AR work/incdec2_MUSER_toplevel/BEHAVIORAL 1418197218 \
      FL /home/l2/houplon/Documents/Archi/TP/TP12/toplevel.vhf \
      EN work/incdec2_MUSER_toplevel 1418197217 CP AND2 CP OR2 CP XOR2 CP INV CP FDE
EN work/D2_4E_MXILINX_toplevel 1418197219 \
      FL /home/l2/houplon/Documents/Archi/TP/TP12/toplevel.vhf \
      PB ieee/std_logic_1164 1290154108 PB ieee/NUMERIC_STD 1290154109 LB UNISIM \
      PH unisim/VCOMPONENTS 1290154108
AR work/D2_4E_MXILINX_toplevel/BEHAVIORAL 1418197220 \
      FL /home/l2/houplon/Documents/Archi/TP/TP12/toplevel.vhf \
      EN work/D2_4E_MXILINX_toplevel 1418197219 CP AND3 CP AND3B1 CP AND3B2
EN work/FD16CE_MXILINX_toplevel 1418197221 \
      FL /home/l2/houplon/Documents/Archi/TP/TP12/toplevel.vhf \
      PB ieee/std_logic_1164 1290154108 PB ieee/NUMERIC_STD 1290154109 LB UNISIM \
      PH unisim/VCOMPONENTS 1290154108
AR work/FD16CE_MXILINX_toplevel/BEHAVIORAL 1418197222 \
      FL /home/l2/houplon/Documents/Archi/TP/TP12/toplevel.vhf \
      EN work/FD16CE_MXILINX_toplevel 1418197221 CP FDCE
EN work/PILE_MUSER_toplevel 1418197223 \
      FL /home/l2/houplon/Documents/Archi/TP/TP12/toplevel.vhf \
      PB ieee/std_logic_1164 1290154108 PB ieee/NUMERIC_STD 1290154109 LB UNISIM \
      PH unisim/VCOMPONENTS 1290154108
AR work/PILE_MUSER_toplevel/BEHAVIORAL 1418197224 \
      FL /home/l2/houplon/Documents/Archi/TP/TP12/toplevel.vhf \
      EN work/PILE_MUSER_toplevel 1418197223 CP FD16CE_MXILINX_toplevel \
      CP D2_4E_MXILINX_toplevel CP incdec2_MUSER_toplevel \
      CP mux2x16_MUSER_toplevel CP XNOR2 CP INV
EN work/OR16_MXILINX_toplevel 1418197225 \
      FL /home/l2/houplon/Documents/Archi/TP/TP12/toplevel.vhf \
      PB ieee/std_logic_1164 1290154108 PB ieee/NUMERIC_STD 1290154109 LB UNISIM \
      PH unisim/VCOMPONENTS 1290154108
AR work/OR16_MXILINX_toplevel/BEHAVIORAL 1418197226 \
      FL /home/l2/houplon/Documents/Archi/TP/TP12/toplevel.vhf \
      EN work/OR16_MXILINX_toplevel 1418197225 CP MUXCY_L CP FMAP CP NOR4 CP MUXCY \
      CP VCC CP GND
EN work/testeur_MUSER_toplevel 1418197227 \
      FL /home/l2/houplon/Documents/Archi/TP/TP12/toplevel.vhf \
      PB ieee/std_logic_1164 1290154108 PB ieee/NUMERIC_STD 1290154109 LB UNISIM \
      PH unisim/VCOMPONENTS 1290154108
AR work/testeur_MUSER_toplevel/BEHAVIORAL 1418197228 \
      FL /home/l2/houplon/Documents/Archi/TP/TP12/toplevel.vhf \
      EN work/testeur_MUSER_toplevel 1418197227 CP OR16_MXILINX_toplevel CP OR3 \
      CP AND2 CP INV CP NOR2
EN work/D4_16E_MXILINX_toplevel 1418197229 \
      FL /home/l2/houplon/Documents/Archi/TP/TP12/toplevel.vhf \
      PB ieee/std_logic_1164 1290154108 PB ieee/NUMERIC_STD 1290154109 LB UNISIM \
      PH unisim/VCOMPONENTS 1290154108
AR work/D4_16E_MXILINX_toplevel/BEHAVIORAL 1418197230 \
      FL /home/l2/houplon/Documents/Archi/TP/TP12/toplevel.vhf \
      EN work/D4_16E_MXILINX_toplevel 1418197229 CP AND5B3 CP AND5B2 CP AND5B1 \
      CP AND5 CP AND5B4
EN work/immediat_MUSER_toplevel 1418197231 \
      FL /home/l2/houplon/Documents/Archi/TP/TP12/toplevel.vhf \
      PB ieee/std_logic_1164 1290154108 PB ieee/NUMERIC_STD 1290154109 LB UNISIM \
      PH unisim/VCOMPONENTS 1290154108
AR work/immediat_MUSER_toplevel/BEHAVIORAL 1418197232 \
      FL /home/l2/houplon/Documents/Archi/TP/TP12/toplevel.vhf \
      EN work/immediat_MUSER_toplevel 1418197231 CP BUF
EN work/ADD16_MXILINX_toplevel 1418197233 \
      FL /home/l2/houplon/Documents/Archi/TP/TP12/toplevel.vhf \
      PB ieee/std_logic_1164 1290154108 PB ieee/NUMERIC_STD 1290154109 LB UNISIM \
      PH unisim/VCOMPONENTS 1290154108
AR work/ADD16_MXILINX_toplevel/BEHAVIORAL 1418197234 \
      FL /home/l2/houplon/Documents/Archi/TP/TP12/toplevel.vhf \
      EN work/ADD16_MXILINX_toplevel 1418197233 CP FMAP CP MUXCY_L CP MUXCY CP XORCY \
      CP MUXCY_D CP XOR2
EN work/dec_MUSER_toplevel 1418197235 \
      FL /home/l2/houplon/Documents/Archi/TP/TP12/toplevel.vhf \
      PB ieee/std_logic_1164 1290154108 PB ieee/NUMERIC_STD 1290154109 LB UNISIM \
      PH unisim/VCOMPONENTS 1290154108
AR work/dec_MUSER_toplevel/BEHAVIORAL 1418197236 \
      FL /home/l2/houplon/Documents/Archi/TP/TP12/toplevel.vhf \
      EN work/dec_MUSER_toplevel 1418197235 CP ADD16_MXILINX_toplevel CP GND
EN work/concat_MUSER_toplevel 1418197237 \
      FL /home/l2/houplon/Documents/Archi/TP/TP12/toplevel.vhf \
      PB ieee/std_logic_1164 1290154108 PB ieee/NUMERIC_STD 1290154109 LB UNISIM \
      PH unisim/VCOMPONENTS 1290154108
AR work/concat_MUSER_toplevel/BEHAVIORAL 1418197238 \
      FL /home/l2/houplon/Documents/Archi/TP/TP12/toplevel.vhf \
      EN work/concat_MUSER_toplevel 1418197237 CP BUF
EN work/inc_MUSER_toplevel 1418197239 \
      FL /home/l2/houplon/Documents/Archi/TP/TP12/toplevel.vhf \
      PB ieee/std_logic_1164 1290154108 PB ieee/NUMERIC_STD 1290154109 LB UNISIM \
      PH unisim/VCOMPONENTS 1290154108
AR work/inc_MUSER_toplevel/BEHAVIORAL 1418197240 \
      FL /home/l2/houplon/Documents/Archi/TP/TP12/toplevel.vhf \
      EN work/inc_MUSER_toplevel 1418197239 CP ADD16_MXILINX_toplevel CP VCC
EN work/INV16_MXILINX_toplevel 1418197241 \
      FL /home/l2/houplon/Documents/Archi/TP/TP12/toplevel.vhf \
      PB ieee/std_logic_1164 1290154108 PB ieee/NUMERIC_STD 1290154109 LB UNISIM \
      PH unisim/VCOMPONENTS 1290154108
AR work/INV16_MXILINX_toplevel/BEHAVIORAL 1418197242 \
      FL /home/l2/houplon/Documents/Archi/TP/TP12/toplevel.vhf \
      EN work/INV16_MXILINX_toplevel 1418197241 CP INV
EN work/andor_MUSER_toplevel 1418197243 \
      FL /home/l2/houplon/Documents/Archi/TP/TP12/toplevel.vhf \
      PB ieee/std_logic_1164 1290154108 PB ieee/NUMERIC_STD 1290154109 LB UNISIM \
      PH unisim/VCOMPONENTS 1290154108
AR work/andor_MUSER_toplevel/BEHAVIORAL 1418197244 \
      FL /home/l2/houplon/Documents/Archi/TP/TP12/toplevel.vhf \
      EN work/andor_MUSER_toplevel 1418197243 CP AND2 CP OR2
EN work/ADSU16_MXILINX_toplevel 1418197245 \
      FL /home/l2/houplon/Documents/Archi/TP/TP12/toplevel.vhf \
      PB ieee/std_logic_1164 1290154108 PB ieee/NUMERIC_STD 1290154109 LB UNISIM \
      PH unisim/VCOMPONENTS 1290154108
AR work/ADSU16_MXILINX_toplevel/BEHAVIORAL 1418197246 \
      FL /home/l2/houplon/Documents/Archi/TP/TP12/toplevel.vhf \
      EN work/ADSU16_MXILINX_toplevel 1418197245 CP FMAP CP XOR3 CP MUXCY_L CP MUXCY \
      CP XORCY CP MUXCY_D CP XOR2 CP INV
EN work/ALU_MUSER_toplevel 1418197247 \
      FL /home/l2/houplon/Documents/Archi/TP/TP12/toplevel.vhf \
      PB ieee/std_logic_1164 1290154108 PB ieee/NUMERIC_STD 1290154109 LB UNISIM \
      PH unisim/VCOMPONENTS 1290154108
AR work/ALU_MUSER_toplevel/BEHAVIORAL 1418197248 \
      FL /home/l2/houplon/Documents/Archi/TP/TP12/toplevel.vhf \
      EN work/ALU_MUSER_toplevel 1418197247 CP mux2x16_MUSER_toplevel \
      CP ADSU16_MXILINX_toplevel CP INV16_MXILINX_toplevel CP andor_MUSER_toplevel \
      CP inc_MUSER_toplevel CP concat_MUSER_toplevel CP dec_MUSER_toplevel
EN work/S3_MUSER_toplevel 1418197249 \
      FL /home/l2/houplon/Documents/Archi/TP/TP12/toplevel.vhf \
      PB ieee/std_logic_1164 1290154108 PB ieee/NUMERIC_STD 1290154109 LB UNISIM \
      PH unisim/VCOMPONENTS 1290154108
AR work/S3_MUSER_toplevel/BEHAVIORAL 1418197250 \
      FL /home/l2/houplon/Documents/Archi/TP/TP12/toplevel.vhf \
      EN work/S3_MUSER_toplevel 1418197249 CP ALU_MUSER_toplevel \
      CP connecteur16_MUSER_toplevel CP FD16CE_MXILINX_toplevel CP fsm \
      CP inc_MUSER_toplevel CP datamem CP insmem CP mux2x16_MUSER_toplevel CP OR2 \
      CP VCC CP D4_16E_MXILINX_toplevel CP immediat_MUSER_toplevel \
      CP testeur_MUSER_toplevel CP PILE_MUSER_toplevel
EN work/OBUF8_MXILINX_toplevel 1418197251 \
      FL /home/l2/houplon/Documents/Archi/TP/TP12/toplevel.vhf \
      PB ieee/std_logic_1164 1290154108 PB ieee/NUMERIC_STD 1290154109 LB UNISIM \
      PH unisim/VCOMPONENTS 1290154108
AR work/OBUF8_MXILINX_toplevel/BEHAVIORAL 1418197252 \
      FL /home/l2/houplon/Documents/Archi/TP/TP12/toplevel.vhf \
      EN work/OBUF8_MXILINX_toplevel 1418197251 CP OBUF
EN work/IBUF8_MXILINX_toplevel 1418197253 \
      FL /home/l2/houplon/Documents/Archi/TP/TP12/toplevel.vhf \
      PB ieee/std_logic_1164 1290154108 PB ieee/NUMERIC_STD 1290154109 LB UNISIM \
      PH unisim/VCOMPONENTS 1290154108
AR work/IBUF8_MXILINX_toplevel/BEHAVIORAL 1418197254 \
      FL /home/l2/houplon/Documents/Archi/TP/TP12/toplevel.vhf \
      EN work/IBUF8_MXILINX_toplevel 1418197253 CP IBUF
EN work/toplevel 1418197255 \
      FL /home/l2/houplon/Documents/Archi/TP/TP12/toplevel.vhf \
      PB ieee/std_logic_1164 1290154108 PB ieee/NUMERIC_STD 1290154109 LB UNISIM \
      PH unisim/VCOMPONENTS 1290154108
AR work/toplevel/BEHAVIORAL 1418197256 \
      FL /home/l2/houplon/Documents/Archi/TP/TP12/toplevel.vhf EN work/toplevel 1418197255 \
      CP clkdiv_MUSER_toplevel CP afficheur16_MUSER_toplevel CP BUFG \
      CP IBUF8_MXILINX_toplevel CP OBUF8_MXILINX_toplevel CP S3_MUSER_toplevel \
      CP pulse_MUSER_toplevel
FL /home/l2/houplon/Documents/Archi/TP/TP12/x7seg.vhd 2014/09/17.09:20:01 M.81d
EN work/x7seg 1418197193 FL /home/l2/houplon/Documents/Archi/TP/TP12/x7seg.vhd \
      PB ieee/std_logic_1164 1290154108
AR work/x7seg/Behavioral 1418197194 \
      FL /home/l2/houplon/Documents/Archi/TP/TP12/x7seg.vhd EN work/x7seg 1418197193
