V3 16
FL /home/l2/houplon/Documents/Archi/TP/TP01/toplevel.vhf 2014/09/17.09:39:22 M.81d
EN work/IBUF8_MXILINX_toplevel 1411539535 \
      FL /home/l2/houplon/Documents/Archi/TP/TP01/toplevel.vhf \
      PB ieee/std_logic_1164 1290154108 PB ieee/NUMERIC_STD 1290154109 LB UNISIM \
      PH unisim/VCOMPONENTS 1290154108
AR work/IBUF8_MXILINX_toplevel/BEHAVIORAL 1411539536 \
      FL /home/l2/houplon/Documents/Archi/TP/TP01/toplevel.vhf \
      EN work/IBUF8_MXILINX_toplevel 1411539535 CP IBUF
EN work/OBUF8_MXILINX_toplevel 1411539537 \
      FL /home/l2/houplon/Documents/Archi/TP/TP01/toplevel.vhf \
      PB ieee/std_logic_1164 1290154108 PB ieee/NUMERIC_STD 1290154109 LB UNISIM \
      PH unisim/VCOMPONENTS 1290154108
AR work/OBUF8_MXILINX_toplevel/BEHAVIORAL 1411539538 \
      FL /home/l2/houplon/Documents/Archi/TP/TP01/toplevel.vhf \
      EN work/OBUF8_MXILINX_toplevel 1411539537 CP OBUF
EN work/toplevel 1411539539 \
      FL /home/l2/houplon/Documents/Archi/TP/TP01/toplevel.vhf \
      PB ieee/std_logic_1164 1290154108 PB ieee/NUMERIC_STD 1290154109 LB UNISIM \
      PH unisim/VCOMPONENTS 1290154108
AR work/toplevel/BEHAVIORAL 1411539540 \
      FL /home/l2/houplon/Documents/Archi/TP/TP01/toplevel.vhf EN work/toplevel 1411539539 \
      CP OBUF8_MXILINX_toplevel CP IBUF8_MXILINX_toplevel CP x7seg
FL /home/l2/houplon/Documents/Archi/TP/TP01/x7seg.vhd 2014/09/17.09:20:01 M.81d
EN work/x7seg 1411539533 FL /home/l2/houplon/Documents/Archi/TP/TP01/x7seg.vhd \
      PB ieee/std_logic_1164 1290154108
AR work/x7seg/Behavioral 1411539534 \
      FL /home/l2/houplon/Documents/Archi/TP/TP01/x7seg.vhd EN work/x7seg 1411539533
