EN compteur4_muser_toplevel NULL /home/l2/houplon/Documents/Archi/TP/TP06/toplevel.vhf sub00/vhpl12 1416384961
AR connecteur_muser_toplevel behavioral /home/l2/houplon/Documents/Archi/TP/TP06/toplevel.vhf sub00/vhpl19 1416384968
AR x7seg behavioral /home/l2/houplon/Documents/Archi/TP/TP06/x7seg.vhd sub00/vhpl01 1416384950
AR toplevel behavioral /home/l2/houplon/Documents/Archi/TP/TP06/toplevel.vhf sub00/vhpl27 1416384976
EN fd16ce_mxilinx_s3 NULL /home/l2/houplon/Documents/Archi/TP/TP06/S3.vhf sub00/vhpl44 1416384993
EN ibuf8_mxilinx_toplevel NULL /home/l2/houplon/Documents/Archi/TP/TP06/toplevel.vhf sub00/vhpl04 1416384953
EN connecteur_muser_toplevel NULL /home/l2/houplon/Documents/Archi/TP/TP06/toplevel.vhf sub00/vhpl18 1416384967
EN afficheur16 NULL /home/l2/houplon/Documents/Archi/TP/TP06/afficheur16.vhf sub00/vhpl36 1416384985
AR connecteur16_muser_toplevel behavioral /home/l2/houplon/Documents/Archi/TP/TP06/toplevel.vhf sub00/vhpl21 1416384970
AR connecteur_muser_s3 behavioral /home/l2/houplon/Documents/Archi/TP/TP06/S3.vhf sub00/vhpl41 1416384990
EN connecteur16_muser_s3 NULL /home/l2/houplon/Documents/Archi/TP/TP06/S3.vhf sub00/vhpl42 1416384991
EN m4_1e_mxilinx_toplevel NULL /home/l2/houplon/Documents/Archi/TP/TP06/toplevel.vhf sub00/vhpl08 1416384957
AR connecteur_muser_connecteur16 behavioral /home/l2/houplon/Documents/Archi/TP/TP06/connecteur16.vhf sub00/vhpl51 1416385000
AR compteur4_muser_toplevel behavioral /home/l2/houplon/Documents/Archi/TP/TP06/toplevel.vhf sub00/vhpl13 1416384962
AR m2_1e_mxilinx_mux4x4 behavioral /home/l2/houplon/Documents/Archi/TP/TP06/mux4x4.vhf sub00/vhpl55 1416385004
EN connecteur_muser_connecteur16 NULL /home/l2/houplon/Documents/Archi/TP/TP06/connecteur16.vhf sub00/vhpl50 1416384999
EN fd16ce_mxilinx_toplevel NULL /home/l2/houplon/Documents/Archi/TP/TP06/toplevel.vhf sub00/vhpl22 1416384971
AR fd16ce_mxilinx_s3 behavioral /home/l2/houplon/Documents/Archi/TP/TP06/S3.vhf sub00/vhpl45 1416384994
EN s3_muser_toplevel NULL /home/l2/houplon/Documents/Archi/TP/TP06/toplevel.vhf sub00/vhpl24 1416384973
EN s3 NULL /home/l2/houplon/Documents/Archi/TP/TP06/S3.vhf sub00/vhpl46 1416384995
AR fd16ce_mxilinx_toplevel behavioral /home/l2/houplon/Documents/Archi/TP/TP06/toplevel.vhf sub00/vhpl23 1416384972
EN mux4x4_muser_afficheur16 NULL /home/l2/houplon/Documents/Archi/TP/TP06/afficheur16.vhf sub00/vhpl32 1416384981
EN x7seg NULL /home/l2/houplon/Documents/Archi/TP/TP06/x7seg.vhd sub00/vhpl00 1416384949
AR m2_1e_mxilinx_toplevel behavioral /home/l2/houplon/Documents/Archi/TP/TP06/toplevel.vhf sub00/vhpl07 1416384956
EN clkdiv NULL /home/l2/houplon/Documents/Archi/TP/TP06/clkdiv.vhf sub00/vhpl38 1416384987
AR connecteur behavioral /home/l2/houplon/Documents/Archi/TP/TP06/connecteur.vhf sub00/vhpl61 1416385010
EN clkdiv_muser_toplevel NULL /home/l2/houplon/Documents/Archi/TP/TP06/toplevel.vhf sub00/vhpl16 1416384965
EN connecteur_muser_s3 NULL /home/l2/houplon/Documents/Archi/TP/TP06/S3.vhf sub00/vhpl40 1416384989
AR mux4x4 behavioral /home/l2/houplon/Documents/Archi/TP/TP06/mux4x4.vhf sub00/vhpl59 1416385008
AR m4_1e_mxilinx_mux4x4 behavioral /home/l2/houplon/Documents/Archi/TP/TP06/mux4x4.vhf sub00/vhpl57 1416385006
EN connecteur16 NULL /home/l2/houplon/Documents/Archi/TP/TP06/connecteur16.vhf sub00/vhpl52 1416385001
EN m2_1e_mxilinx_toplevel NULL /home/l2/houplon/Documents/Archi/TP/TP06/toplevel.vhf sub00/vhpl06 1416384955
AR connecteur16_muser_s3 behavioral /home/l2/houplon/Documents/Archi/TP/TP06/S3.vhf sub00/vhpl43 1416384992
EN toplevel NULL /home/l2/houplon/Documents/Archi/TP/TP06/toplevel.vhf sub00/vhpl26 1416384975
EN connecteur NULL /home/l2/houplon/Documents/Archi/TP/TP06/connecteur.vhf sub00/vhpl60 1416385009
EN obuf8_mxilinx_toplevel NULL /home/l2/houplon/Documents/Archi/TP/TP06/toplevel.vhf sub00/vhpl02 1416384951
AR connecteur16 behavioral /home/l2/houplon/Documents/Archi/TP/TP06/connecteur16.vhf sub00/vhpl53 1416385002
EN m2_1e_mxilinx_afficheur16 NULL /home/l2/houplon/Documents/Archi/TP/TP06/afficheur16.vhf sub00/vhpl28 1416384977
AR s3 behavioral /home/l2/houplon/Documents/Archi/TP/TP06/S3.vhf sub00/vhpl47 1416384996
EN m4_1e_mxilinx_mux4x4 NULL /home/l2/houplon/Documents/Archi/TP/TP06/mux4x4.vhf sub00/vhpl56 1416385005
AR m4_1e_mxilinx_toplevel behavioral /home/l2/houplon/Documents/Archi/TP/TP06/toplevel.vhf sub00/vhpl09 1416384958
EN mux4x4 NULL /home/l2/houplon/Documents/Archi/TP/TP06/mux4x4.vhf sub00/vhpl58 1416385007
AR clkdiv behavioral /home/l2/houplon/Documents/Archi/TP/TP06/clkdiv.vhf sub00/vhpl39 1416384988
EN afficheur16_muser_toplevel NULL /home/l2/houplon/Documents/Archi/TP/TP06/toplevel.vhf sub00/vhpl14 1416384963
EN connecteur16_muser_toplevel NULL /home/l2/houplon/Documents/Archi/TP/TP06/toplevel.vhf sub00/vhpl20 1416384969
AR m4_1e_mxilinx_afficheur16 behavioral /home/l2/houplon/Documents/Archi/TP/TP06/afficheur16.vhf sub00/vhpl31 1416384980
AR ibuf8_mxilinx_toplevel behavioral /home/l2/houplon/Documents/Archi/TP/TP06/toplevel.vhf sub00/vhpl05 1416384954
AR mux4x4_muser_toplevel behavioral /home/l2/houplon/Documents/Archi/TP/TP06/toplevel.vhf sub00/vhpl11 1416384960
EN m2_1e_mxilinx_mux4x4 NULL /home/l2/houplon/Documents/Archi/TP/TP06/mux4x4.vhf sub00/vhpl54 1416385003
AR afficheur16_muser_toplevel behavioral /home/l2/houplon/Documents/Archi/TP/TP06/toplevel.vhf sub00/vhpl15 1416384964
EN compteur4 NULL /home/l2/houplon/Documents/Archi/TP/TP06/compteur4.vhf sub00/vhpl48 1416384997
AR s3_muser_toplevel behavioral /home/l2/houplon/Documents/Archi/TP/TP06/toplevel.vhf sub00/vhpl25 1416384974
EN m4_1e_mxilinx_afficheur16 NULL /home/l2/houplon/Documents/Archi/TP/TP06/afficheur16.vhf sub00/vhpl30 1416384979
EN compteur4_muser_afficheur16 NULL /home/l2/houplon/Documents/Archi/TP/TP06/afficheur16.vhf sub00/vhpl34 1416384983
AR compteur4_muser_afficheur16 behavioral /home/l2/houplon/Documents/Archi/TP/TP06/afficheur16.vhf sub00/vhpl35 1416384984
AR m2_1e_mxilinx_afficheur16 behavioral /home/l2/houplon/Documents/Archi/TP/TP06/afficheur16.vhf sub00/vhpl29 1416384978
EN mux4x4_muser_toplevel NULL /home/l2/houplon/Documents/Archi/TP/TP06/toplevel.vhf sub00/vhpl10 1416384959
AR afficheur16 behavioral /home/l2/houplon/Documents/Archi/TP/TP06/afficheur16.vhf sub00/vhpl37 1416384986
AR mux4x4_muser_afficheur16 behavioral /home/l2/houplon/Documents/Archi/TP/TP06/afficheur16.vhf sub00/vhpl33 1416384982
AR clkdiv_muser_toplevel behavioral /home/l2/houplon/Documents/Archi/TP/TP06/toplevel.vhf sub00/vhpl17 1416384966
AR compteur4 behavioral /home/l2/houplon/Documents/Archi/TP/TP06/compteur4.vhf sub00/vhpl49 1416384998
AR obuf8_mxilinx_toplevel behavioral /home/l2/houplon/Documents/Archi/TP/TP06/toplevel.vhf sub00/vhpl03 1416384952
