V3 108
FL /home/l2/houplon/Documents/Archi/TP/TP06/afficheur16.vhf 2014/11/19.09:15:42 M.81d
EN work/M2_1E_MXILINX_afficheur16 1416384977 \
      FL /home/l2/houplon/Documents/Archi/TP/TP06/afficheur16.vhf \
      PB ieee/std_logic_1164 1290154108 PB ieee/NUMERIC_STD 1290154109 LB UNISIM \
      PH unisim/VCOMPONENTS 1290154108
AR work/M2_1E_MXILINX_afficheur16/BEHAVIORAL 1416384978 \
      FL /home/l2/houplon/Documents/Archi/TP/TP06/afficheur16.vhf \
      EN work/M2_1E_MXILINX_afficheur16 1416384977 CP AND3 CP AND3B1 CP OR2
EN work/M4_1E_MXILINX_afficheur16 1416384979 \
      FL /home/l2/houplon/Documents/Archi/TP/TP06/afficheur16.vhf \
      PB ieee/std_logic_1164 1290154108 PB ieee/NUMERIC_STD 1290154109 LB UNISIM \
      PH unisim/VCOMPONENTS 1290154108
AR work/M4_1E_MXILINX_afficheur16/BEHAVIORAL 1416384980 \
      FL /home/l2/houplon/Documents/Archi/TP/TP06/afficheur16.vhf \
      EN work/M4_1E_MXILINX_afficheur16 1416384979 CP M2_1E_MXILINX_afficheur16 \
      CP MUXF5
EN work/mux4x4_MUSER_afficheur16 1416384981 \
      FL /home/l2/houplon/Documents/Archi/TP/TP06/afficheur16.vhf \
      PB ieee/std_logic_1164 1290154108 PB ieee/NUMERIC_STD 1290154109 LB UNISIM \
      PH unisim/VCOMPONENTS 1290154108
AR work/mux4x4_MUSER_afficheur16/BEHAVIORAL 1416384982 \
      FL /home/l2/houplon/Documents/Archi/TP/TP06/afficheur16.vhf \
      EN work/mux4x4_MUSER_afficheur16 1416384981 CP M4_1E_MXILINX_afficheur16 \
      CP VCC
EN work/compteur4_MUSER_afficheur16 1416384983 \
      FL /home/l2/houplon/Documents/Archi/TP/TP06/afficheur16.vhf \
      PB ieee/std_logic_1164 1290154108 PB ieee/NUMERIC_STD 1290154109 LB UNISIM \
      PH unisim/VCOMPONENTS 1290154108
AR work/compteur4_MUSER_afficheur16/BEHAVIORAL 1416384984 \
      FL /home/l2/houplon/Documents/Archi/TP/TP06/afficheur16.vhf \
      EN work/compteur4_MUSER_afficheur16 1416384983 CP FD CP INV
EN work/afficheur16 1416384985 \
      FL /home/l2/houplon/Documents/Archi/TP/TP06/afficheur16.vhf \
      PB ieee/std_logic_1164 1290154108 PB ieee/NUMERIC_STD 1290154109 LB UNISIM \
      PH unisim/VCOMPONENTS 1290154108
AR work/afficheur16/BEHAVIORAL 1416384986 \
      FL /home/l2/houplon/Documents/Archi/TP/TP06/afficheur16.vhf \
      EN work/afficheur16 1416384985 CP compteur4_MUSER_afficheur16 \
      CP mux4x4_MUSER_afficheur16 CP x7seg
FL /home/l2/houplon/Documents/Archi/TP/TP06/clkdiv.vhf 2014/11/19.09:15:42 M.81d
EN work/clkdiv 1416384987 FL /home/l2/houplon/Documents/Archi/TP/TP06/clkdiv.vhf \
      PB ieee/std_logic_1164 1290154108 PB ieee/NUMERIC_STD 1290154109 LB UNISIM \
      PH unisim/VCOMPONENTS 1290154108
AR work/clkdiv/BEHAVIORAL 1416384988 \
      FL /home/l2/houplon/Documents/Archi/TP/TP06/clkdiv.vhf EN work/clkdiv 1416384987 \
      CP FD CP INV
FL /home/l2/houplon/Documents/Archi/TP/TP06/compteur4.vhf 2014/11/19.09:15:42 M.81d
EN work/compteur4 1416384997 \
      FL /home/l2/houplon/Documents/Archi/TP/TP06/compteur4.vhf \
      PB ieee/std_logic_1164 1290154108 PB ieee/NUMERIC_STD 1290154109 LB UNISIM \
      PH unisim/VCOMPONENTS 1290154108
AR work/compteur4/BEHAVIORAL 1416384998 \
      FL /home/l2/houplon/Documents/Archi/TP/TP06/compteur4.vhf EN work/compteur4 1416384997 \
      CP FD CP INV
FL /home/l2/houplon/Documents/Archi/TP/TP06/connecteur.vhf 2014/11/19.09:15:41 M.81d
EN work/connecteur 1416385009 \
      FL /home/l2/houplon/Documents/Archi/TP/TP06/connecteur.vhf \
      PB ieee/std_logic_1164 1290154108 PB ieee/NUMERIC_STD 1290154109 LB UNISIM \
      PH unisim/VCOMPONENTS 1290154108
AR work/connecteur/BEHAVIORAL 1416385010 \
      FL /home/l2/houplon/Documents/Archi/TP/TP06/connecteur.vhf \
      EN work/connecteur 1416385009 CP AND2 CP OR2
FL /home/l2/houplon/Documents/Archi/TP/TP06/connecteur16.vhf 2014/11/19.09:15:42 M.81d
EN work/connecteur_MUSER_connecteur16 1416384999 \
      FL /home/l2/houplon/Documents/Archi/TP/TP06/connecteur16.vhf \
      PB ieee/std_logic_1164 1290154108 PB ieee/NUMERIC_STD 1290154109 LB UNISIM \
      PH unisim/VCOMPONENTS 1290154108
AR work/connecteur_MUSER_connecteur16/BEHAVIORAL 1416385000 \
      FL /home/l2/houplon/Documents/Archi/TP/TP06/connecteur16.vhf \
      EN work/connecteur_MUSER_connecteur16 1416384999 CP AND2 CP OR2
EN work/connecteur16 1416385001 \
      FL /home/l2/houplon/Documents/Archi/TP/TP06/connecteur16.vhf \
      PB ieee/std_logic_1164 1290154108 PB ieee/NUMERIC_STD 1290154109 LB UNISIM \
      PH unisim/VCOMPONENTS 1290154108
AR work/connecteur16/BEHAVIORAL 1416385002 \
      FL /home/l2/houplon/Documents/Archi/TP/TP06/connecteur16.vhf \
      EN work/connecteur16 1416385001 CP connecteur_MUSER_connecteur16
FL /home/l2/houplon/Documents/Archi/TP/TP06/mux4x4.vhf 2014/11/19.09:15:42 M.81d
EN work/M2_1E_MXILINX_mux4x4 1416385003 \
      FL /home/l2/houplon/Documents/Archi/TP/TP06/mux4x4.vhf \
      PB ieee/std_logic_1164 1290154108 PB ieee/NUMERIC_STD 1290154109 LB UNISIM \
      PH unisim/VCOMPONENTS 1290154108
AR work/M2_1E_MXILINX_mux4x4/BEHAVIORAL 1416385004 \
      FL /home/l2/houplon/Documents/Archi/TP/TP06/mux4x4.vhf \
      EN work/M2_1E_MXILINX_mux4x4 1416385003 CP AND3 CP AND3B1 CP OR2
EN work/M4_1E_MXILINX_mux4x4 1416385005 \
      FL /home/l2/houplon/Documents/Archi/TP/TP06/mux4x4.vhf \
      PB ieee/std_logic_1164 1290154108 PB ieee/NUMERIC_STD 1290154109 LB UNISIM \
      PH unisim/VCOMPONENTS 1290154108
AR work/M4_1E_MXILINX_mux4x4/BEHAVIORAL 1416385006 \
      FL /home/l2/houplon/Documents/Archi/TP/TP06/mux4x4.vhf \
      EN work/M4_1E_MXILINX_mux4x4 1416385005 CP M2_1E_MXILINX_mux4x4 CP MUXF5
EN work/mux4x4 1416385007 \
      FL /home/l2/houplon/Documents/Archi/TP/TP06/mux4x4.vhf \
      PB ieee/std_logic_1164 1290154108 PB ieee/NUMERIC_STD 1290154109 LB UNISIM \
      PH unisim/VCOMPONENTS 1290154108
AR work/mux4x4/BEHAVIORAL 1416385008 \
      FL /home/l2/houplon/Documents/Archi/TP/TP06/mux4x4.vhf EN work/mux4x4 1416385007 \
      CP M4_1E_MXILINX_mux4x4 CP VCC
FL /home/l2/houplon/Documents/Archi/TP/TP06/S3.vhf 2014/11/19.09:15:41 M.81d
EN work/connecteur_MUSER_S3 1416384989 \
      FL /home/l2/houplon/Documents/Archi/TP/TP06/S3.vhf PB ieee/std_logic_1164 1290154108 \
      PB ieee/NUMERIC_STD 1290154109 LB UNISIM PH unisim/VCOMPONENTS 1290154108
AR work/connecteur_MUSER_S3/BEHAVIORAL 1416384990 \
      FL /home/l2/houplon/Documents/Archi/TP/TP06/S3.vhf \
      EN work/connecteur_MUSER_S3 1416384989 CP AND2 CP OR2
EN work/connecteur16_MUSER_S3 1416384991 \
      FL /home/l2/houplon/Documents/Archi/TP/TP06/S3.vhf PB ieee/std_logic_1164 1290154108 \
      PB ieee/NUMERIC_STD 1290154109 LB UNISIM PH unisim/VCOMPONENTS 1290154108
AR work/connecteur16_MUSER_S3/BEHAVIORAL 1416384992 \
      FL /home/l2/houplon/Documents/Archi/TP/TP06/S3.vhf \
      EN work/connecteur16_MUSER_S3 1416384991 CP connecteur_MUSER_S3
EN work/FD16CE_MXILINX_S3 1416384993 \
      FL /home/l2/houplon/Documents/Archi/TP/TP06/S3.vhf PB ieee/std_logic_1164 1290154108 \
      PB ieee/NUMERIC_STD 1290154109 LB UNISIM PH unisim/VCOMPONENTS 1290154108
AR work/FD16CE_MXILINX_S3/BEHAVIORAL 1416384994 \
      FL /home/l2/houplon/Documents/Archi/TP/TP06/S3.vhf \
      EN work/FD16CE_MXILINX_S3 1416384993 CP FDCE
EN work/S3 1416384995 \
      FL /home/l2/houplon/Documents/Archi/TP/TP06/S3.vhf PB ieee/std_logic_1164 1290154108 \
      PB ieee/NUMERIC_STD 1290154109 LB UNISIM PH unisim/VCOMPONENTS 1290154108
AR work/S3/BEHAVIORAL 1416384996 \
      FL /home/l2/houplon/Documents/Archi/TP/TP06/S3.vhf EN work/S3 1416384995 \
      CP connecteur16_MUSER_S3 CP FD16CE_MXILINX_S3 CP GND CP VCC
FL /home/l2/houplon/Documents/Archi/TP/TP06/toplevel.vhf 2014/11/19.09:15:39 M.81d
EN work/OBUF8_MXILINX_toplevel 1416384951 \
      FL /home/l2/houplon/Documents/Archi/TP/TP06/toplevel.vhf \
      PB ieee/std_logic_1164 1290154108 PB ieee/NUMERIC_STD 1290154109 LB UNISIM \
      PH unisim/VCOMPONENTS 1290154108
AR work/OBUF8_MXILINX_toplevel/BEHAVIORAL 1416384952 \
      FL /home/l2/houplon/Documents/Archi/TP/TP06/toplevel.vhf \
      EN work/OBUF8_MXILINX_toplevel 1416384951 CP OBUF
EN work/IBUF8_MXILINX_toplevel 1416384953 \
      FL /home/l2/houplon/Documents/Archi/TP/TP06/toplevel.vhf \
      PB ieee/std_logic_1164 1290154108 PB ieee/NUMERIC_STD 1290154109 LB UNISIM \
      PH unisim/VCOMPONENTS 1290154108
AR work/IBUF8_MXILINX_toplevel/BEHAVIORAL 1416384954 \
      FL /home/l2/houplon/Documents/Archi/TP/TP06/toplevel.vhf \
      EN work/IBUF8_MXILINX_toplevel 1416384953 CP IBUF
EN work/M2_1E_MXILINX_toplevel 1416384955 \
      FL /home/l2/houplon/Documents/Archi/TP/TP06/toplevel.vhf \
      PB ieee/std_logic_1164 1290154108 PB ieee/NUMERIC_STD 1290154109 LB UNISIM \
      PH unisim/VCOMPONENTS 1290154108
AR work/M2_1E_MXILINX_toplevel/BEHAVIORAL 1416384956 \
      FL /home/l2/houplon/Documents/Archi/TP/TP06/toplevel.vhf \
      EN work/M2_1E_MXILINX_toplevel 1416384955 CP AND3 CP AND3B1 CP OR2
EN work/M4_1E_MXILINX_toplevel 1416384957 \
      FL /home/l2/houplon/Documents/Archi/TP/TP06/toplevel.vhf \
      PB ieee/std_logic_1164 1290154108 PB ieee/NUMERIC_STD 1290154109 LB UNISIM \
      PH unisim/VCOMPONENTS 1290154108
AR work/M4_1E_MXILINX_toplevel/BEHAVIORAL 1416384958 \
      FL /home/l2/houplon/Documents/Archi/TP/TP06/toplevel.vhf \
      EN work/M4_1E_MXILINX_toplevel 1416384957 CP M2_1E_MXILINX_toplevel CP MUXF5
EN work/mux4x4_MUSER_toplevel 1416384959 \
      FL /home/l2/houplon/Documents/Archi/TP/TP06/toplevel.vhf \
      PB ieee/std_logic_1164 1290154108 PB ieee/NUMERIC_STD 1290154109 LB UNISIM \
      PH unisim/VCOMPONENTS 1290154108
AR work/mux4x4_MUSER_toplevel/BEHAVIORAL 1416384960 \
      FL /home/l2/houplon/Documents/Archi/TP/TP06/toplevel.vhf \
      EN work/mux4x4_MUSER_toplevel 1416384959 CP M4_1E_MXILINX_toplevel CP VCC
EN work/compteur4_MUSER_toplevel 1416384961 \
      FL /home/l2/houplon/Documents/Archi/TP/TP06/toplevel.vhf \
      PB ieee/std_logic_1164 1290154108 PB ieee/NUMERIC_STD 1290154109 LB UNISIM \
      PH unisim/VCOMPONENTS 1290154108
AR work/compteur4_MUSER_toplevel/BEHAVIORAL 1416384962 \
      FL /home/l2/houplon/Documents/Archi/TP/TP06/toplevel.vhf \
      EN work/compteur4_MUSER_toplevel 1416384961 CP FD CP INV
EN work/afficheur16_MUSER_toplevel 1416384963 \
      FL /home/l2/houplon/Documents/Archi/TP/TP06/toplevel.vhf \
      PB ieee/std_logic_1164 1290154108 PB ieee/NUMERIC_STD 1290154109 LB UNISIM \
      PH unisim/VCOMPONENTS 1290154108
AR work/afficheur16_MUSER_toplevel/BEHAVIORAL 1416384964 \
      FL /home/l2/houplon/Documents/Archi/TP/TP06/toplevel.vhf \
      EN work/afficheur16_MUSER_toplevel 1416384963 CP compteur4_MUSER_toplevel \
      CP mux4x4_MUSER_toplevel CP x7seg
EN work/clkdiv_MUSER_toplevel 1416384965 \
      FL /home/l2/houplon/Documents/Archi/TP/TP06/toplevel.vhf \
      PB ieee/std_logic_1164 1290154108 PB ieee/NUMERIC_STD 1290154109 LB UNISIM \
      PH unisim/VCOMPONENTS 1290154108
AR work/clkdiv_MUSER_toplevel/BEHAVIORAL 1416384966 \
      FL /home/l2/houplon/Documents/Archi/TP/TP06/toplevel.vhf \
      EN work/clkdiv_MUSER_toplevel 1416384965 CP FD CP INV
EN work/connecteur_MUSER_toplevel 1416384967 \
      FL /home/l2/houplon/Documents/Archi/TP/TP06/toplevel.vhf \
      PB ieee/std_logic_1164 1290154108 PB ieee/NUMERIC_STD 1290154109 LB UNISIM \
      PH unisim/VCOMPONENTS 1290154108
AR work/connecteur_MUSER_toplevel/BEHAVIORAL 1416384968 \
      FL /home/l2/houplon/Documents/Archi/TP/TP06/toplevel.vhf \
      EN work/connecteur_MUSER_toplevel 1416384967 CP AND2 CP OR2
EN work/connecteur16_MUSER_toplevel 1416384969 \
      FL /home/l2/houplon/Documents/Archi/TP/TP06/toplevel.vhf \
      PB ieee/std_logic_1164 1290154108 PB ieee/NUMERIC_STD 1290154109 LB UNISIM \
      PH unisim/VCOMPONENTS 1290154108
AR work/connecteur16_MUSER_toplevel/BEHAVIORAL 1416384970 \
      FL /home/l2/houplon/Documents/Archi/TP/TP06/toplevel.vhf \
      EN work/connecteur16_MUSER_toplevel 1416384969 CP connecteur_MUSER_toplevel
EN work/FD16CE_MXILINX_toplevel 1416384971 \
      FL /home/l2/houplon/Documents/Archi/TP/TP06/toplevel.vhf \
      PB ieee/std_logic_1164 1290154108 PB ieee/NUMERIC_STD 1290154109 LB UNISIM \
      PH unisim/VCOMPONENTS 1290154108
AR work/FD16CE_MXILINX_toplevel/BEHAVIORAL 1416384972 \
      FL /home/l2/houplon/Documents/Archi/TP/TP06/toplevel.vhf \
      EN work/FD16CE_MXILINX_toplevel 1416384971 CP FDCE
EN work/S3_MUSER_toplevel 1416384973 \
      FL /home/l2/houplon/Documents/Archi/TP/TP06/toplevel.vhf \
      PB ieee/std_logic_1164 1290154108 PB ieee/NUMERIC_STD 1290154109 LB UNISIM \
      PH unisim/VCOMPONENTS 1290154108
AR work/S3_MUSER_toplevel/BEHAVIORAL 1416384974 \
      FL /home/l2/houplon/Documents/Archi/TP/TP06/toplevel.vhf \
      EN work/S3_MUSER_toplevel 1416384973 CP connecteur16_MUSER_toplevel \
      CP FD16CE_MXILINX_toplevel CP GND CP VCC
EN work/toplevel 1416384975 \
      FL /home/l2/houplon/Documents/Archi/TP/TP06/toplevel.vhf \
      PB ieee/std_logic_1164 1290154108 PB ieee/NUMERIC_STD 1290154109 LB UNISIM \
      PH unisim/VCOMPONENTS 1290154108
AR work/toplevel/BEHAVIORAL 1416384976 \
      FL /home/l2/houplon/Documents/Archi/TP/TP06/toplevel.vhf EN work/toplevel 1416384975 \
      CP S3_MUSER_toplevel CP clkdiv_MUSER_toplevel CP afficheur16_MUSER_toplevel \
      CP BUFG CP IBUF8_MXILINX_toplevel CP OBUF8_MXILINX_toplevel
FL /home/l2/houplon/Documents/Archi/TP/TP06/x7seg.vhd 2014/09/17.09:20:01 M.81d
EN work/x7seg 1416384949 FL /home/l2/houplon/Documents/Archi/TP/TP06/x7seg.vhd \
      PB ieee/std_logic_1164 1290154108
AR work/x7seg/Behavioral 1416384950 \
      FL /home/l2/houplon/Documents/Archi/TP/TP06/x7seg.vhd EN work/x7seg 1416384949
