AR connecteur_muser_toplevel behavioral /home/l2/houplon/Documents/Archi/TP/TP08/toplevel.vhf sub00/vhpl17 1417011717
EN compteur4_muser_toplevel NULL /home/l2/houplon/Documents/Archi/TP/TP08/toplevel.vhf sub00/vhpl34 1417011734
AR x7seg behavioral /home/l2/houplon/Documents/Archi/TP/TP08/x7seg.vhd sub00/vhpl05 1417011705
AR toplevel behavioral /home/l2/houplon/Documents/Archi/TP/TP08/toplevel.vhf sub00/vhpl41 1417011741
EN fd16ce_mxilinx_s3 NULL /home/l2/houplon/Documents/Archi/TP/TP08/S3.vhf sub00/vhpl68 1417011768
EN ibuf8_mxilinx_toplevel NULL /home/l2/houplon/Documents/Archi/TP/TP08/toplevel.vhf sub00/vhpl26 1417011726
EN connecteur_muser_toplevel NULL /home/l2/houplon/Documents/Archi/TP/TP08/toplevel.vhf sub00/vhpl16 1417011716
EN m2_1_mxilinx_s3 NULL /home/l2/houplon/Documents/Archi/TP/TP08/S3.vhf sub00/vhpl60 1417011760
EN afficheur16 NULL /home/l2/houplon/Documents/Archi/TP/TP08/afficheur16.vhf sub00/vhpl50 1417011750
AR connecteur16_muser_toplevel behavioral /home/l2/houplon/Documents/Archi/TP/TP08/toplevel.vhf sub00/vhpl19 1417011719
AR connecteur_muser_s3 behavioral /home/l2/houplon/Documents/Archi/TP/TP08/S3.vhf sub00/vhpl65 1417011765
AR m2_1_mxilinx_toplevel behavioral /home/l2/houplon/Documents/Archi/TP/TP08/toplevel.vhf sub00/vhpl13 1417011713
EN connecteur16_muser_s3 NULL /home/l2/houplon/Documents/Archi/TP/TP08/S3.vhf sub00/vhpl66 1417011766
EN insmem NULL /home/l2/houplon/Documents/Archi/TP/TP08/ipcore_dir/insmem.vhd sub00/vhpl00 1417011700
EN mux2x16_muser_s3 NULL /home/l2/houplon/Documents/Archi/TP/TP08/S3.vhf sub00/vhpl62 1417011762
EN m4_1e_mxilinx_toplevel NULL /home/l2/houplon/Documents/Archi/TP/TP08/toplevel.vhf sub00/vhpl30 1417011730
AR connecteur_muser_connecteur16 behavioral /home/l2/houplon/Documents/Archi/TP/TP08/connecteur16.vhf sub00/vhpl75 1417011775
AR compteur4_muser_toplevel behavioral /home/l2/houplon/Documents/Archi/TP/TP08/toplevel.vhf sub00/vhpl35 1417011735
EN mux2x16_muser_toplevel NULL /home/l2/houplon/Documents/Archi/TP/TP08/toplevel.vhf sub00/vhpl14 1417011714
EN add16_mxilinx_s3 NULL /home/l2/houplon/Documents/Archi/TP/TP08/S3.vhf sub00/vhpl56 1417011756
AR m2_1e_mxilinx_mux4x4 behavioral /home/l2/houplon/Documents/Archi/TP/TP08/mux4x4.vhf sub00/vhpl87 1417011787
EN connecteur_muser_connecteur16 NULL /home/l2/houplon/Documents/Archi/TP/TP08/connecteur16.vhf sub00/vhpl74 1417011774
EN add16_mxilinx_toplevel NULL /home/l2/houplon/Documents/Archi/TP/TP08/toplevel.vhf sub00/vhpl08 1417011708
AR mux2x16_muser_toplevel behavioral /home/l2/houplon/Documents/Archi/TP/TP08/toplevel.vhf sub00/vhpl15 1417011715
EN fd16ce_mxilinx_toplevel NULL /home/l2/houplon/Documents/Archi/TP/TP08/toplevel.vhf sub00/vhpl20 1417011720
AR m2_1_mxilinx_mux2x16 behavioral /home/l2/houplon/Documents/Archi/TP/TP08/mux2x16.vhf sub00/vhpl83 1417011783
AR fd16ce_mxilinx_s3 behavioral /home/l2/houplon/Documents/Archi/TP/TP08/S3.vhf sub00/vhpl69 1417011769
EN s3_muser_toplevel NULL /home/l2/houplon/Documents/Archi/TP/TP08/toplevel.vhf sub00/vhpl22 1417011722
EN s3 NULL /home/l2/houplon/Documents/Archi/TP/TP08/S3.vhf sub00/vhpl70 1417011770
AR fd16ce_mxilinx_toplevel behavioral /home/l2/houplon/Documents/Archi/TP/TP08/toplevel.vhf sub00/vhpl21 1417011721
EN mux4x4_muser_afficheur16 NULL /home/l2/houplon/Documents/Archi/TP/TP08/afficheur16.vhf sub00/vhpl46 1417011746
EN x7seg NULL /home/l2/houplon/Documents/Archi/TP/TP08/x7seg.vhd sub00/vhpl04 1417011704
AR insmem insmem_a /home/l2/houplon/Documents/Archi/TP/TP08/ipcore_dir/insmem.vhd sub00/vhpl01 1417011701
EN inc_muser_toplevel NULL /home/l2/houplon/Documents/Archi/TP/TP08/toplevel.vhf sub00/vhpl10 1417011710
AR m2_1e_mxilinx_toplevel behavioral /home/l2/houplon/Documents/Archi/TP/TP08/toplevel.vhf sub00/vhpl29 1417011729
EN clkdiv NULL /home/l2/houplon/Documents/Archi/TP/TP08/clkdiv.vhf sub00/vhpl52 1417011752
AR connecteur behavioral /home/l2/houplon/Documents/Archi/TP/TP08/connecteur.vhf sub00/vhpl93 1417011793
EN inc_muser_s3 NULL /home/l2/houplon/Documents/Archi/TP/TP08/S3.vhf sub00/vhpl58 1417011758
EN clkdiv_muser_toplevel NULL /home/l2/houplon/Documents/Archi/TP/TP08/toplevel.vhf sub00/vhpl38 1417011738
AR add16_mxilinx_s3 behavioral /home/l2/houplon/Documents/Archi/TP/TP08/S3.vhf sub00/vhpl57 1417011757
EN connecteur_muser_s3 NULL /home/l2/houplon/Documents/Archi/TP/TP08/S3.vhf sub00/vhpl64 1417011764
AR mux4x4 behavioral /home/l2/houplon/Documents/Archi/TP/TP08/mux4x4.vhf sub00/vhpl91 1417011791
AR m4_1e_mxilinx_mux4x4 behavioral /home/l2/houplon/Documents/Archi/TP/TP08/mux4x4.vhf sub00/vhpl89 1417011789
EN connecteur16 NULL /home/l2/houplon/Documents/Archi/TP/TP08/connecteur16.vhf sub00/vhpl76 1417011776
EN m2_1_mxilinx_toplevel NULL /home/l2/houplon/Documents/Archi/TP/TP08/toplevel.vhf sub00/vhpl12 1417011712
EN m2_1e_mxilinx_toplevel NULL /home/l2/houplon/Documents/Archi/TP/TP08/toplevel.vhf sub00/vhpl28 1417011728
AR connecteur16_muser_s3 behavioral /home/l2/houplon/Documents/Archi/TP/TP08/S3.vhf sub00/vhpl67 1417011767
EN m2_1_mxilinx_mux2x16 NULL /home/l2/houplon/Documents/Archi/TP/TP08/mux2x16.vhf sub00/vhpl82 1417011782
EN toplevel NULL /home/l2/houplon/Documents/Archi/TP/TP08/toplevel.vhf sub00/vhpl40 1417011740
EN d4_16e_mxilinx_s3 NULL /home/l2/houplon/Documents/Archi/TP/TP08/S3.vhf sub00/vhpl54 1417011754
EN connecteur NULL /home/l2/houplon/Documents/Archi/TP/TP08/connecteur.vhf sub00/vhpl92 1417011792
EN add16_mxilinx_inc NULL /home/l2/houplon/Documents/Archi/TP/TP08/inc.vhf sub00/vhpl78 1417011778
AR add16_mxilinx_toplevel behavioral /home/l2/houplon/Documents/Archi/TP/TP08/toplevel.vhf sub00/vhpl09 1417011709
EN obuf8_mxilinx_toplevel NULL /home/l2/houplon/Documents/Archi/TP/TP08/toplevel.vhf sub00/vhpl24 1417011724
AR add16_mxilinx_inc behavioral /home/l2/houplon/Documents/Archi/TP/TP08/inc.vhf sub00/vhpl79 1417011779
AR connecteur16 behavioral /home/l2/houplon/Documents/Archi/TP/TP08/connecteur16.vhf sub00/vhpl77 1417011777
EN m2_1e_mxilinx_afficheur16 NULL /home/l2/houplon/Documents/Archi/TP/TP08/afficheur16.vhf sub00/vhpl42 1417011742
AR mux2x16_muser_s3 behavioral /home/l2/houplon/Documents/Archi/TP/TP08/S3.vhf sub00/vhpl63 1417011763
AR s3 behavioral /home/l2/houplon/Documents/Archi/TP/TP08/S3.vhf sub00/vhpl71 1417011771
EN m4_1e_mxilinx_mux4x4 NULL /home/l2/houplon/Documents/Archi/TP/TP08/mux4x4.vhf sub00/vhpl88 1417011788
AR m4_1e_mxilinx_toplevel behavioral /home/l2/houplon/Documents/Archi/TP/TP08/toplevel.vhf sub00/vhpl31 1417011731
AR inc behavioral /home/l2/houplon/Documents/Archi/TP/TP08/inc.vhf sub00/vhpl81 1417011781
EN mux4x4 NULL /home/l2/houplon/Documents/Archi/TP/TP08/mux4x4.vhf sub00/vhpl90 1417011790
AR clkdiv behavioral /home/l2/houplon/Documents/Archi/TP/TP08/clkdiv.vhf sub00/vhpl53 1417011753
EN afficheur16_muser_toplevel NULL /home/l2/houplon/Documents/Archi/TP/TP08/toplevel.vhf sub00/vhpl36 1417011736
EN connecteur16_muser_toplevel NULL /home/l2/houplon/Documents/Archi/TP/TP08/toplevel.vhf sub00/vhpl18 1417011718
AR m4_1e_mxilinx_afficheur16 behavioral /home/l2/houplon/Documents/Archi/TP/TP08/afficheur16.vhf sub00/vhpl45 1417011745
AR ibuf8_mxilinx_toplevel behavioral /home/l2/houplon/Documents/Archi/TP/TP08/toplevel.vhf sub00/vhpl27 1417011727
AR d4_16e_mxilinx_s3 behavioral /home/l2/houplon/Documents/Archi/TP/TP08/S3.vhf sub00/vhpl55 1417011755
AR mux4x4_muser_toplevel behavioral /home/l2/houplon/Documents/Archi/TP/TP08/toplevel.vhf sub00/vhpl33 1417011733
EN m2_1e_mxilinx_mux4x4 NULL /home/l2/houplon/Documents/Archi/TP/TP08/mux4x4.vhf sub00/vhpl86 1417011786
AR inc_muser_s3 behavioral /home/l2/houplon/Documents/Archi/TP/TP08/S3.vhf sub00/vhpl59 1417011759
AR afficheur16_muser_toplevel behavioral /home/l2/houplon/Documents/Archi/TP/TP08/toplevel.vhf sub00/vhpl37 1417011737
EN fsm NULL /home/l2/houplon/Documents/Archi/TP/TP08/fsm.vhd sub00/vhpl02 1417011702
AR m2_1_mxilinx_s3 behavioral /home/l2/houplon/Documents/Archi/TP/TP08/S3.vhf sub00/vhpl61 1417011761
EN compteur4 NULL /home/l2/houplon/Documents/Archi/TP/TP08/compteur4.vhf sub00/vhpl72 1417011772
AR inc_muser_toplevel behavioral /home/l2/houplon/Documents/Archi/TP/TP08/toplevel.vhf sub00/vhpl11 1417011711
AR s3_muser_toplevel behavioral /home/l2/houplon/Documents/Archi/TP/TP08/toplevel.vhf sub00/vhpl23 1417011723
EN m4_1e_mxilinx_afficheur16 NULL /home/l2/houplon/Documents/Archi/TP/TP08/afficheur16.vhf sub00/vhpl44 1417011744
EN compteur4_muser_afficheur16 NULL /home/l2/houplon/Documents/Archi/TP/TP08/afficheur16.vhf sub00/vhpl48 1417011748
AR compteur4_muser_afficheur16 behavioral /home/l2/houplon/Documents/Archi/TP/TP08/afficheur16.vhf sub00/vhpl49 1417011749
AR m2_1e_mxilinx_afficheur16 behavioral /home/l2/houplon/Documents/Archi/TP/TP08/afficheur16.vhf sub00/vhpl43 1417011743
EN d4_16e_mxilinx_toplevel NULL /home/l2/houplon/Documents/Archi/TP/TP08/toplevel.vhf sub00/vhpl06 1417011706
EN mux4x4_muser_toplevel NULL /home/l2/houplon/Documents/Archi/TP/TP08/toplevel.vhf sub00/vhpl32 1417011732
AR afficheur16 behavioral /home/l2/houplon/Documents/Archi/TP/TP08/afficheur16.vhf sub00/vhpl51 1417011751
AR fsm behavioral /home/l2/houplon/Documents/Archi/TP/TP08/fsm.vhd sub00/vhpl03 1417011703
AR mux4x4_muser_afficheur16 behavioral /home/l2/houplon/Documents/Archi/TP/TP08/afficheur16.vhf sub00/vhpl47 1417011747
EN inc NULL /home/l2/houplon/Documents/Archi/TP/TP08/inc.vhf sub00/vhpl80 1417011780
AR clkdiv_muser_toplevel behavioral /home/l2/houplon/Documents/Archi/TP/TP08/toplevel.vhf sub00/vhpl39 1417011739
AR compteur4 behavioral /home/l2/houplon/Documents/Archi/TP/TP08/compteur4.vhf sub00/vhpl73 1417011773
AR obuf8_mxilinx_toplevel behavioral /home/l2/houplon/Documents/Archi/TP/TP08/toplevel.vhf sub00/vhpl25 1417011725
EN mux2x16 NULL /home/l2/houplon/Documents/Archi/TP/TP08/mux2x16.vhf sub00/vhpl84 1417011784
AR mux2x16 behavioral /home/l2/houplon/Documents/Archi/TP/TP08/mux2x16.vhf sub00/vhpl85 1417011785
AR d4_16e_mxilinx_toplevel behavioral /home/l2/houplon/Documents/Archi/TP/TP08/toplevel.vhf sub00/vhpl07 1417011707
