V3 169
FL /home/l2/houplon/Documents/Archi/TP/TP08/afficheur16.vhf 2014/11/26.14:37:39 M.81d
EN work/M2_1E_MXILINX_afficheur16 1417011742 \
      FL /home/l2/houplon/Documents/Archi/TP/TP08/afficheur16.vhf \
      PB ieee/std_logic_1164 1290154108 PB ieee/NUMERIC_STD 1290154109 LB UNISIM \
      PH unisim/VCOMPONENTS 1290154108
AR work/M2_1E_MXILINX_afficheur16/BEHAVIORAL 1417011743 \
      FL /home/l2/houplon/Documents/Archi/TP/TP08/afficheur16.vhf \
      EN work/M2_1E_MXILINX_afficheur16 1417011742 CP AND3 CP AND3B1 CP OR2
EN work/M4_1E_MXILINX_afficheur16 1417011744 \
      FL /home/l2/houplon/Documents/Archi/TP/TP08/afficheur16.vhf \
      PB ieee/std_logic_1164 1290154108 PB ieee/NUMERIC_STD 1290154109 LB UNISIM \
      PH unisim/VCOMPONENTS 1290154108
AR work/M4_1E_MXILINX_afficheur16/BEHAVIORAL 1417011745 \
      FL /home/l2/houplon/Documents/Archi/TP/TP08/afficheur16.vhf \
      EN work/M4_1E_MXILINX_afficheur16 1417011744 CP M2_1E_MXILINX_afficheur16 \
      CP MUXF5
EN work/mux4x4_MUSER_afficheur16 1417011746 \
      FL /home/l2/houplon/Documents/Archi/TP/TP08/afficheur16.vhf \
      PB ieee/std_logic_1164 1290154108 PB ieee/NUMERIC_STD 1290154109 LB UNISIM \
      PH unisim/VCOMPONENTS 1290154108
AR work/mux4x4_MUSER_afficheur16/BEHAVIORAL 1417011747 \
      FL /home/l2/houplon/Documents/Archi/TP/TP08/afficheur16.vhf \
      EN work/mux4x4_MUSER_afficheur16 1417011746 CP M4_1E_MXILINX_afficheur16 \
      CP VCC
EN work/compteur4_MUSER_afficheur16 1417011748 \
      FL /home/l2/houplon/Documents/Archi/TP/TP08/afficheur16.vhf \
      PB ieee/std_logic_1164 1290154108 PB ieee/NUMERIC_STD 1290154109 LB UNISIM \
      PH unisim/VCOMPONENTS 1290154108
AR work/compteur4_MUSER_afficheur16/BEHAVIORAL 1417011749 \
      FL /home/l2/houplon/Documents/Archi/TP/TP08/afficheur16.vhf \
      EN work/compteur4_MUSER_afficheur16 1417011748 CP FD CP INV
EN work/afficheur16 1417011750 \
      FL /home/l2/houplon/Documents/Archi/TP/TP08/afficheur16.vhf \
      PB ieee/std_logic_1164 1290154108 PB ieee/NUMERIC_STD 1290154109 LB UNISIM \
      PH unisim/VCOMPONENTS 1290154108
AR work/afficheur16/BEHAVIORAL 1417011751 \
      FL /home/l2/houplon/Documents/Archi/TP/TP08/afficheur16.vhf \
      EN work/afficheur16 1417011750 CP compteur4_MUSER_afficheur16 \
      CP mux4x4_MUSER_afficheur16 CP x7seg
FL /home/l2/houplon/Documents/Archi/TP/TP08/clkdiv.vhf 2014/11/26.14:37:39 M.81d
EN work/clkdiv 1417011752 FL /home/l2/houplon/Documents/Archi/TP/TP08/clkdiv.vhf \
      PB ieee/std_logic_1164 1290154108 PB ieee/NUMERIC_STD 1290154109 LB UNISIM \
      PH unisim/VCOMPONENTS 1290154108
AR work/clkdiv/BEHAVIORAL 1417011753 \
      FL /home/l2/houplon/Documents/Archi/TP/TP08/clkdiv.vhf EN work/clkdiv 1417011752 \
      CP FD CP INV
FL /home/l2/houplon/Documents/Archi/TP/TP08/compteur4.vhf 2014/11/26.14:37:35 M.81d
EN work/compteur4 1417011772 \
      FL /home/l2/houplon/Documents/Archi/TP/TP08/compteur4.vhf \
      PB ieee/std_logic_1164 1290154108 PB ieee/NUMERIC_STD 1290154109 LB UNISIM \
      PH unisim/VCOMPONENTS 1290154108
AR work/compteur4/BEHAVIORAL 1417011773 \
      FL /home/l2/houplon/Documents/Archi/TP/TP08/compteur4.vhf EN work/compteur4 1417011772 \
      CP FD CP INV
FL /home/l2/houplon/Documents/Archi/TP/TP08/connecteur.vhf 2014/11/26.14:37:39 M.81d
EN work/connecteur 1417011792 \
      FL /home/l2/houplon/Documents/Archi/TP/TP08/connecteur.vhf \
      PB ieee/std_logic_1164 1290154108 PB ieee/NUMERIC_STD 1290154109 LB UNISIM \
      PH unisim/VCOMPONENTS 1290154108
AR work/connecteur/BEHAVIORAL 1417011793 \
      FL /home/l2/houplon/Documents/Archi/TP/TP08/connecteur.vhf \
      EN work/connecteur 1417011792 CP AND2 CP OR2
FL /home/l2/houplon/Documents/Archi/TP/TP08/connecteur16.vhf 2014/11/26.14:37:38 M.81d
EN work/connecteur_MUSER_connecteur16 1417011774 \
      FL /home/l2/houplon/Documents/Archi/TP/TP08/connecteur16.vhf \
      PB ieee/std_logic_1164 1290154108 PB ieee/NUMERIC_STD 1290154109 LB UNISIM \
      PH unisim/VCOMPONENTS 1290154108
AR work/connecteur_MUSER_connecteur16/BEHAVIORAL 1417011775 \
      FL /home/l2/houplon/Documents/Archi/TP/TP08/connecteur16.vhf \
      EN work/connecteur_MUSER_connecteur16 1417011774 CP AND2 CP OR2
EN work/connecteur16 1417011776 \
      FL /home/l2/houplon/Documents/Archi/TP/TP08/connecteur16.vhf \
      PB ieee/std_logic_1164 1290154108 PB ieee/NUMERIC_STD 1290154109 LB UNISIM \
      PH unisim/VCOMPONENTS 1290154108
AR work/connecteur16/BEHAVIORAL 1417011777 \
      FL /home/l2/houplon/Documents/Archi/TP/TP08/connecteur16.vhf \
      EN work/connecteur16 1417011776 CP connecteur_MUSER_connecteur16
FL /home/l2/houplon/Documents/Archi/TP/TP08/fsm.vhd 2014/11/19.15:40:01 M.81d
EN work/fsm 1417011702 FL /home/l2/houplon/Documents/Archi/TP/TP08/fsm.vhd \
      PB ieee/std_logic_1164 1290154108
AR work/fsm/Behavioral 1417011703 \
      FL /home/l2/houplon/Documents/Archi/TP/TP08/fsm.vhd EN work/fsm 1417011702
FL /home/l2/houplon/Documents/Archi/TP/TP08/inc.vhf 2014/11/26.14:37:39 M.81d
EN work/ADD16_MXILINX_inc 1417011778 \
      FL /home/l2/houplon/Documents/Archi/TP/TP08/inc.vhf PB ieee/std_logic_1164 1290154108 \
      PB ieee/NUMERIC_STD 1290154109 LB UNISIM PH unisim/VCOMPONENTS 1290154108
AR work/ADD16_MXILINX_inc/BEHAVIORAL 1417011779 \
      FL /home/l2/houplon/Documents/Archi/TP/TP08/inc.vhf \
      EN work/ADD16_MXILINX_inc 1417011778 CP FMAP CP MUXCY_L CP MUXCY CP XORCY \
      CP MUXCY_D CP XOR2
EN work/inc 1417011780 \
      FL /home/l2/houplon/Documents/Archi/TP/TP08/inc.vhf PB ieee/std_logic_1164 1290154108 \
      PB ieee/NUMERIC_STD 1290154109 LB UNISIM PH unisim/VCOMPONENTS 1290154108
AR work/inc/BEHAVIORAL 1417011781 \
      FL /home/l2/houplon/Documents/Archi/TP/TP08/inc.vhf EN work/inc 1417011780 \
      CP ADD16_MXILINX_inc CP VCC
FL /home/l2/houplon/Documents/Archi/TP/TP08/ipcore_dir/insmem.vhd 2014/11/26.15:20:39 M.81d
EN work/insmem 1417011700 \
      FL /home/l2/houplon/Documents/Archi/TP/TP08/ipcore_dir/insmem.vhd \
      PB ieee/std_logic_1164 1290154108
AR work/insmem/insmem_a 1417011701 \
      FL /home/l2/houplon/Documents/Archi/TP/TP08/ipcore_dir/insmem.vhd \
      EN work/insmem 1417011700
FL /home/l2/houplon/Documents/Archi/TP/TP08/mux2x16.vhf 2014/11/26.14:37:39 M.81d
EN work/M2_1_MXILINX_mux2x16 1417011782 \
      FL /home/l2/houplon/Documents/Archi/TP/TP08/mux2x16.vhf \
      PB ieee/std_logic_1164 1290154108 PB ieee/NUMERIC_STD 1290154109 LB UNISIM \
      PH unisim/VCOMPONENTS 1290154108
AR work/M2_1_MXILINX_mux2x16/BEHAVIORAL 1417011783 \
      FL /home/l2/houplon/Documents/Archi/TP/TP08/mux2x16.vhf \
      EN work/M2_1_MXILINX_mux2x16 1417011782 CP AND2B1 CP OR2 CP AND2
EN work/mux2x16 1417011784 \
      FL /home/l2/houplon/Documents/Archi/TP/TP08/mux2x16.vhf \
      PB ieee/std_logic_1164 1290154108 PB ieee/NUMERIC_STD 1290154109 LB UNISIM \
      PH unisim/VCOMPONENTS 1290154108
AR work/mux2x16/BEHAVIORAL 1417011785 \
      FL /home/l2/houplon/Documents/Archi/TP/TP08/mux2x16.vhf EN work/mux2x16 1417011784 \
      CP M2_1_MXILINX_mux2x16
FL /home/l2/houplon/Documents/Archi/TP/TP08/mux4x4.vhf 2014/11/26.14:37:42 M.81d
EN work/M2_1E_MXILINX_mux4x4 1417011786 \
      FL /home/l2/houplon/Documents/Archi/TP/TP08/mux4x4.vhf \
      PB ieee/std_logic_1164 1290154108 PB ieee/NUMERIC_STD 1290154109 LB UNISIM \
      PH unisim/VCOMPONENTS 1290154108
AR work/M2_1E_MXILINX_mux4x4/BEHAVIORAL 1417011787 \
      FL /home/l2/houplon/Documents/Archi/TP/TP08/mux4x4.vhf \
      EN work/M2_1E_MXILINX_mux4x4 1417011786 CP AND3 CP AND3B1 CP OR2
EN work/M4_1E_MXILINX_mux4x4 1417011788 \
      FL /home/l2/houplon/Documents/Archi/TP/TP08/mux4x4.vhf \
      PB ieee/std_logic_1164 1290154108 PB ieee/NUMERIC_STD 1290154109 LB UNISIM \
      PH unisim/VCOMPONENTS 1290154108
AR work/M4_1E_MXILINX_mux4x4/BEHAVIORAL 1417011789 \
      FL /home/l2/houplon/Documents/Archi/TP/TP08/mux4x4.vhf \
      EN work/M4_1E_MXILINX_mux4x4 1417011788 CP M2_1E_MXILINX_mux4x4 CP MUXF5
EN work/mux4x4 1417011790 \
      FL /home/l2/houplon/Documents/Archi/TP/TP08/mux4x4.vhf \
      PB ieee/std_logic_1164 1290154108 PB ieee/NUMERIC_STD 1290154109 LB UNISIM \
      PH unisim/VCOMPONENTS 1290154108
AR work/mux4x4/BEHAVIORAL 1417011791 \
      FL /home/l2/houplon/Documents/Archi/TP/TP08/mux4x4.vhf EN work/mux4x4 1417011790 \
      CP M4_1E_MXILINX_mux4x4 CP VCC
FL /home/l2/houplon/Documents/Archi/TP/TP08/S3.vhf 2014/11/26.15:21:37 M.81d
EN work/D4_16E_MXILINX_S3 1417011754 \
      FL /home/l2/houplon/Documents/Archi/TP/TP08/S3.vhf PB ieee/std_logic_1164 1290154108 \
      PB ieee/NUMERIC_STD 1290154109 LB UNISIM PH unisim/VCOMPONENTS 1290154108
AR work/D4_16E_MXILINX_S3/BEHAVIORAL 1417011755 \
      FL /home/l2/houplon/Documents/Archi/TP/TP08/S3.vhf \
      EN work/D4_16E_MXILINX_S3 1417011754 CP AND5B3 CP AND5B2 CP AND5B1 CP AND5 \
      CP AND5B4
EN work/ADD16_MXILINX_S3 1417011756 \
      FL /home/l2/houplon/Documents/Archi/TP/TP08/S3.vhf PB ieee/std_logic_1164 1290154108 \
      PB ieee/NUMERIC_STD 1290154109 LB UNISIM PH unisim/VCOMPONENTS 1290154108
AR work/ADD16_MXILINX_S3/BEHAVIORAL 1417011757 \
      FL /home/l2/houplon/Documents/Archi/TP/TP08/S3.vhf EN work/ADD16_MXILINX_S3 1417011756 \
      CP FMAP CP MUXCY_L CP MUXCY CP XORCY CP MUXCY_D CP XOR2
EN work/inc_MUSER_S3 1417011758 \
      FL /home/l2/houplon/Documents/Archi/TP/TP08/S3.vhf PB ieee/std_logic_1164 1290154108 \
      PB ieee/NUMERIC_STD 1290154109 LB UNISIM PH unisim/VCOMPONENTS 1290154108
AR work/inc_MUSER_S3/BEHAVIORAL 1417011759 \
      FL /home/l2/houplon/Documents/Archi/TP/TP08/S3.vhf EN work/inc_MUSER_S3 1417011758 \
      CP ADD16_MXILINX_S3 CP VCC
EN work/M2_1_MXILINX_S3 1417011760 \
      FL /home/l2/houplon/Documents/Archi/TP/TP08/S3.vhf PB ieee/std_logic_1164 1290154108 \
      PB ieee/NUMERIC_STD 1290154109 LB UNISIM PH unisim/VCOMPONENTS 1290154108
AR work/M2_1_MXILINX_S3/BEHAVIORAL 1417011761 \
      FL /home/l2/houplon/Documents/Archi/TP/TP08/S3.vhf EN work/M2_1_MXILINX_S3 1417011760 \
      CP AND2B1 CP OR2 CP AND2
EN work/mux2x16_MUSER_S3 1417011762 \
      FL /home/l2/houplon/Documents/Archi/TP/TP08/S3.vhf PB ieee/std_logic_1164 1290154108 \
      PB ieee/NUMERIC_STD 1290154109 LB UNISIM PH unisim/VCOMPONENTS 1290154108
AR work/mux2x16_MUSER_S3/BEHAVIORAL 1417011763 \
      FL /home/l2/houplon/Documents/Archi/TP/TP08/S3.vhf EN work/mux2x16_MUSER_S3 1417011762 \
      CP M2_1_MXILINX_S3
EN work/connecteur_MUSER_S3 1417011764 \
      FL /home/l2/houplon/Documents/Archi/TP/TP08/S3.vhf PB ieee/std_logic_1164 1290154108 \
      PB ieee/NUMERIC_STD 1290154109 LB UNISIM PH unisim/VCOMPONENTS 1290154108
AR work/connecteur_MUSER_S3/BEHAVIORAL 1417011765 \
      FL /home/l2/houplon/Documents/Archi/TP/TP08/S3.vhf \
      EN work/connecteur_MUSER_S3 1417011764 CP AND2 CP OR2
EN work/connecteur16_MUSER_S3 1417011766 \
      FL /home/l2/houplon/Documents/Archi/TP/TP08/S3.vhf PB ieee/std_logic_1164 1290154108 \
      PB ieee/NUMERIC_STD 1290154109 LB UNISIM PH unisim/VCOMPONENTS 1290154108
AR work/connecteur16_MUSER_S3/BEHAVIORAL 1417011767 \
      FL /home/l2/houplon/Documents/Archi/TP/TP08/S3.vhf \
      EN work/connecteur16_MUSER_S3 1417011766 CP connecteur_MUSER_S3
EN work/FD16CE_MXILINX_S3 1417011768 \
      FL /home/l2/houplon/Documents/Archi/TP/TP08/S3.vhf PB ieee/std_logic_1164 1290154108 \
      PB ieee/NUMERIC_STD 1290154109 LB UNISIM PH unisim/VCOMPONENTS 1290154108
AR work/FD16CE_MXILINX_S3/BEHAVIORAL 1417011769 \
      FL /home/l2/houplon/Documents/Archi/TP/TP08/S3.vhf \
      EN work/FD16CE_MXILINX_S3 1417011768 CP FDCE
EN work/S3 1417011770 \
      FL /home/l2/houplon/Documents/Archi/TP/TP08/S3.vhf PB ieee/std_logic_1164 1290154108 \
      PB ieee/NUMERIC_STD 1290154109 LB UNISIM PH unisim/VCOMPONENTS 1290154108
AR work/S3/BEHAVIORAL 1417011771 \
      FL /home/l2/houplon/Documents/Archi/TP/TP08/S3.vhf EN work/S3 1417011770 \
      CP connecteur16_MUSER_S3 CP FD16CE_MXILINX_S3 CP inc_MUSER_S3 \
      CP mux2x16_MUSER_S3 CP OR2 CP insmem CP fsm CP VCC CP D4_16E_MXILINX_S3
FL /home/l2/houplon/Documents/Archi/TP/TP08/toplevel.vhf 2014/11/26.15:21:34 M.81d
EN work/D4_16E_MXILINX_toplevel 1417011706 \
      FL /home/l2/houplon/Documents/Archi/TP/TP08/toplevel.vhf \
      PB ieee/std_logic_1164 1290154108 PB ieee/NUMERIC_STD 1290154109 LB UNISIM \
      PH unisim/VCOMPONENTS 1290154108
AR work/D4_16E_MXILINX_toplevel/BEHAVIORAL 1417011707 \
      FL /home/l2/houplon/Documents/Archi/TP/TP08/toplevel.vhf \
      EN work/D4_16E_MXILINX_toplevel 1417011706 CP AND5B3 CP AND5B2 CP AND5B1 \
      CP AND5 CP AND5B4
EN work/ADD16_MXILINX_toplevel 1417011708 \
      FL /home/l2/houplon/Documents/Archi/TP/TP08/toplevel.vhf \
      PB ieee/std_logic_1164 1290154108 PB ieee/NUMERIC_STD 1290154109 LB UNISIM \
      PH unisim/VCOMPONENTS 1290154108
AR work/ADD16_MXILINX_toplevel/BEHAVIORAL 1417011709 \
      FL /home/l2/houplon/Documents/Archi/TP/TP08/toplevel.vhf \
      EN work/ADD16_MXILINX_toplevel 1417011708 CP FMAP CP MUXCY_L CP MUXCY CP XORCY \
      CP MUXCY_D CP XOR2
EN work/inc_MUSER_toplevel 1417011710 \
      FL /home/l2/houplon/Documents/Archi/TP/TP08/toplevel.vhf \
      PB ieee/std_logic_1164 1290154108 PB ieee/NUMERIC_STD 1290154109 LB UNISIM \
      PH unisim/VCOMPONENTS 1290154108
AR work/inc_MUSER_toplevel/BEHAVIORAL 1417011711 \
      FL /home/l2/houplon/Documents/Archi/TP/TP08/toplevel.vhf \
      EN work/inc_MUSER_toplevel 1417011710 CP ADD16_MXILINX_toplevel CP VCC
EN work/M2_1_MXILINX_toplevel 1417011712 \
      FL /home/l2/houplon/Documents/Archi/TP/TP08/toplevel.vhf \
      PB ieee/std_logic_1164 1290154108 PB ieee/NUMERIC_STD 1290154109 LB UNISIM \
      PH unisim/VCOMPONENTS 1290154108
AR work/M2_1_MXILINX_toplevel/BEHAVIORAL 1417011713 \
      FL /home/l2/houplon/Documents/Archi/TP/TP08/toplevel.vhf \
      EN work/M2_1_MXILINX_toplevel 1417011712 CP AND2B1 CP OR2 CP AND2
EN work/mux2x16_MUSER_toplevel 1417011714 \
      FL /home/l2/houplon/Documents/Archi/TP/TP08/toplevel.vhf \
      PB ieee/std_logic_1164 1290154108 PB ieee/NUMERIC_STD 1290154109 LB UNISIM \
      PH unisim/VCOMPONENTS 1290154108
AR work/mux2x16_MUSER_toplevel/BEHAVIORAL 1417011715 \
      FL /home/l2/houplon/Documents/Archi/TP/TP08/toplevel.vhf \
      EN work/mux2x16_MUSER_toplevel 1417011714 CP M2_1_MXILINX_toplevel
EN work/connecteur_MUSER_toplevel 1417011716 \
      FL /home/l2/houplon/Documents/Archi/TP/TP08/toplevel.vhf \
      PB ieee/std_logic_1164 1290154108 PB ieee/NUMERIC_STD 1290154109 LB UNISIM \
      PH unisim/VCOMPONENTS 1290154108
AR work/connecteur_MUSER_toplevel/BEHAVIORAL 1417011717 \
      FL /home/l2/houplon/Documents/Archi/TP/TP08/toplevel.vhf \
      EN work/connecteur_MUSER_toplevel 1417011716 CP AND2 CP OR2
EN work/connecteur16_MUSER_toplevel 1417011718 \
      FL /home/l2/houplon/Documents/Archi/TP/TP08/toplevel.vhf \
      PB ieee/std_logic_1164 1290154108 PB ieee/NUMERIC_STD 1290154109 LB UNISIM \
      PH unisim/VCOMPONENTS 1290154108
AR work/connecteur16_MUSER_toplevel/BEHAVIORAL 1417011719 \
      FL /home/l2/houplon/Documents/Archi/TP/TP08/toplevel.vhf \
      EN work/connecteur16_MUSER_toplevel 1417011718 CP connecteur_MUSER_toplevel
EN work/FD16CE_MXILINX_toplevel 1417011720 \
      FL /home/l2/houplon/Documents/Archi/TP/TP08/toplevel.vhf \
      PB ieee/std_logic_1164 1290154108 PB ieee/NUMERIC_STD 1290154109 LB UNISIM \
      PH unisim/VCOMPONENTS 1290154108
AR work/FD16CE_MXILINX_toplevel/BEHAVIORAL 1417011721 \
      FL /home/l2/houplon/Documents/Archi/TP/TP08/toplevel.vhf \
      EN work/FD16CE_MXILINX_toplevel 1417011720 CP FDCE
EN work/S3_MUSER_toplevel 1417011722 \
      FL /home/l2/houplon/Documents/Archi/TP/TP08/toplevel.vhf \
      PB ieee/std_logic_1164 1290154108 PB ieee/NUMERIC_STD 1290154109 LB UNISIM \
      PH unisim/VCOMPONENTS 1290154108
AR work/S3_MUSER_toplevel/BEHAVIORAL 1417011723 \
      FL /home/l2/houplon/Documents/Archi/TP/TP08/toplevel.vhf \
      EN work/S3_MUSER_toplevel 1417011722 CP connecteur16_MUSER_toplevel \
      CP FD16CE_MXILINX_toplevel CP inc_MUSER_toplevel CP mux2x16_MUSER_toplevel \
      CP OR2 CP insmem CP fsm CP VCC CP D4_16E_MXILINX_toplevel
EN work/OBUF8_MXILINX_toplevel 1417011724 \
      FL /home/l2/houplon/Documents/Archi/TP/TP08/toplevel.vhf \
      PB ieee/std_logic_1164 1290154108 PB ieee/NUMERIC_STD 1290154109 LB UNISIM \
      PH unisim/VCOMPONENTS 1290154108
AR work/OBUF8_MXILINX_toplevel/BEHAVIORAL 1417011725 \
      FL /home/l2/houplon/Documents/Archi/TP/TP08/toplevel.vhf \
      EN work/OBUF8_MXILINX_toplevel 1417011724 CP OBUF
EN work/IBUF8_MXILINX_toplevel 1417011726 \
      FL /home/l2/houplon/Documents/Archi/TP/TP08/toplevel.vhf \
      PB ieee/std_logic_1164 1290154108 PB ieee/NUMERIC_STD 1290154109 LB UNISIM \
      PH unisim/VCOMPONENTS 1290154108
AR work/IBUF8_MXILINX_toplevel/BEHAVIORAL 1417011727 \
      FL /home/l2/houplon/Documents/Archi/TP/TP08/toplevel.vhf \
      EN work/IBUF8_MXILINX_toplevel 1417011726 CP IBUF
EN work/M2_1E_MXILINX_toplevel 1417011728 \
      FL /home/l2/houplon/Documents/Archi/TP/TP08/toplevel.vhf \
      PB ieee/std_logic_1164 1290154108 PB ieee/NUMERIC_STD 1290154109 LB UNISIM \
      PH unisim/VCOMPONENTS 1290154108
AR work/M2_1E_MXILINX_toplevel/BEHAVIORAL 1417011729 \
      FL /home/l2/houplon/Documents/Archi/TP/TP08/toplevel.vhf \
      EN work/M2_1E_MXILINX_toplevel 1417011728 CP AND3 CP AND3B1 CP OR2
EN work/M4_1E_MXILINX_toplevel 1417011730 \
      FL /home/l2/houplon/Documents/Archi/TP/TP08/toplevel.vhf \
      PB ieee/std_logic_1164 1290154108 PB ieee/NUMERIC_STD 1290154109 LB UNISIM \
      PH unisim/VCOMPONENTS 1290154108
AR work/M4_1E_MXILINX_toplevel/BEHAVIORAL 1417011731 \
      FL /home/l2/houplon/Documents/Archi/TP/TP08/toplevel.vhf \
      EN work/M4_1E_MXILINX_toplevel 1417011730 CP M2_1E_MXILINX_toplevel CP MUXF5
EN work/mux4x4_MUSER_toplevel 1417011732 \
      FL /home/l2/houplon/Documents/Archi/TP/TP08/toplevel.vhf \
      PB ieee/std_logic_1164 1290154108 PB ieee/NUMERIC_STD 1290154109 LB UNISIM \
      PH unisim/VCOMPONENTS 1290154108
AR work/mux4x4_MUSER_toplevel/BEHAVIORAL 1417011733 \
      FL /home/l2/houplon/Documents/Archi/TP/TP08/toplevel.vhf \
      EN work/mux4x4_MUSER_toplevel 1417011732 CP M4_1E_MXILINX_toplevel CP VCC
EN work/compteur4_MUSER_toplevel 1417011734 \
      FL /home/l2/houplon/Documents/Archi/TP/TP08/toplevel.vhf \
      PB ieee/std_logic_1164 1290154108 PB ieee/NUMERIC_STD 1290154109 LB UNISIM \
      PH unisim/VCOMPONENTS 1290154108
AR work/compteur4_MUSER_toplevel/BEHAVIORAL 1417011735 \
      FL /home/l2/houplon/Documents/Archi/TP/TP08/toplevel.vhf \
      EN work/compteur4_MUSER_toplevel 1417011734 CP FD CP INV
EN work/afficheur16_MUSER_toplevel 1417011736 \
      FL /home/l2/houplon/Documents/Archi/TP/TP08/toplevel.vhf \
      PB ieee/std_logic_1164 1290154108 PB ieee/NUMERIC_STD 1290154109 LB UNISIM \
      PH unisim/VCOMPONENTS 1290154108
AR work/afficheur16_MUSER_toplevel/BEHAVIORAL 1417011737 \
      FL /home/l2/houplon/Documents/Archi/TP/TP08/toplevel.vhf \
      EN work/afficheur16_MUSER_toplevel 1417011736 CP compteur4_MUSER_toplevel \
      CP mux4x4_MUSER_toplevel CP x7seg
EN work/clkdiv_MUSER_toplevel 1417011738 \
      FL /home/l2/houplon/Documents/Archi/TP/TP08/toplevel.vhf \
      PB ieee/std_logic_1164 1290154108 PB ieee/NUMERIC_STD 1290154109 LB UNISIM \
      PH unisim/VCOMPONENTS 1290154108
AR work/clkdiv_MUSER_toplevel/BEHAVIORAL 1417011739 \
      FL /home/l2/houplon/Documents/Archi/TP/TP08/toplevel.vhf \
      EN work/clkdiv_MUSER_toplevel 1417011738 CP FD CP INV
EN work/toplevel 1417011740 \
      FL /home/l2/houplon/Documents/Archi/TP/TP08/toplevel.vhf \
      PB ieee/std_logic_1164 1290154108 PB ieee/NUMERIC_STD 1290154109 LB UNISIM \
      PH unisim/VCOMPONENTS 1290154108
AR work/toplevel/BEHAVIORAL 1417011741 \
      FL /home/l2/houplon/Documents/Archi/TP/TP08/toplevel.vhf EN work/toplevel 1417011740 \
      CP clkdiv_MUSER_toplevel CP afficheur16_MUSER_toplevel CP BUFG \
      CP IBUF8_MXILINX_toplevel CP OBUF8_MXILINX_toplevel CP S3_MUSER_toplevel
FL /home/l2/houplon/Documents/Archi/TP/TP08/x7seg.vhd 2014/09/17.09:20:01 M.81d
EN work/x7seg 1417011704 FL /home/l2/houplon/Documents/Archi/TP/TP08/x7seg.vhd \
      PB ieee/std_logic_1164 1290154108
AR work/x7seg/Behavioral 1417011705 \
      FL /home/l2/houplon/Documents/Archi/TP/TP08/x7seg.vhd EN work/x7seg 1417011704
