AR adsu16_mxilinx_s3 behavioral /home/l2/houplon/Documents/Archi/TP/TP09/S3.vhf sub00/vhpl79 1417590813
AR connecteur_muser_toplevel behavioral /home/l2/houplon/Documents/Archi/TP/TP09/toplevel.vhf sub00/vhpl29 1417590761
EN compteur4_muser_toplevel NULL /home/l2/houplon/Documents/Archi/TP/TP09/toplevel.vhf sub00/vhpl46 1417590778
AR x7seg behavioral /home/l2/houplon/Documents/Archi/TP/TP09/x7seg.vhd sub00/vhpl05 1417590737
EN alu_muser_toplevel NULL /home/l2/houplon/Documents/Archi/TP/TP09/toplevel.vhf sub00/vhpl24 1417590756
AR andor_muser_alu behavioral /home/l2/houplon/Documents/Archi/TP/TP09/ALU.vhf sub01/vhpl107 1417590839
AR toplevel behavioral /home/l2/houplon/Documents/Archi/TP/TP09/toplevel.vhf sub00/vhpl53 1417590785
EN fd16ce_mxilinx_s3 NULL /home/l2/houplon/Documents/Archi/TP/TP09/S3.vhf sub00/vhpl92 1417590824
EN inv16_mxilinx_alu NULL /home/l2/houplon/Documents/Archi/TP/TP09/ALU.vhf sub01/vhpl104 1417590836
EN ibuf8_mxilinx_toplevel NULL /home/l2/houplon/Documents/Archi/TP/TP09/toplevel.vhf sub00/vhpl38 1417590770
AR dec_muser_toplevel behavioral /home/l2/houplon/Documents/Archi/TP/TP09/toplevel.vhf sub00/vhpl09 1417590741
EN andor_muser_toplevel NULL /home/l2/houplon/Documents/Archi/TP/TP09/toplevel.vhf sub00/vhpl16 1417590748
EN connecteur_muser_toplevel NULL /home/l2/houplon/Documents/Archi/TP/TP09/toplevel.vhf sub00/vhpl28 1417590760
EN m2_1_mxilinx_s3 NULL /home/l2/houplon/Documents/Archi/TP/TP09/S3.vhf sub00/vhpl80 1417590814
EN dec NULL /home/l2/houplon/Documents/Archi/TP/TP09/dec.vhf sub01/vhpl136 1417590868
EN afficheur16 NULL /home/l2/houplon/Documents/Archi/TP/TP09/afficheur16.vhf sub00/vhpl62 1417590794
AR connecteur16_muser_toplevel behavioral /home/l2/houplon/Documents/Archi/TP/TP09/toplevel.vhf sub00/vhpl31 1417590763
AR connecteur_muser_s3 behavioral /home/l2/houplon/Documents/Archi/TP/TP09/S3.vhf sub00/vhpl89 1417590821
AR m2_1_mxilinx_toplevel behavioral /home/l2/houplon/Documents/Archi/TP/TP09/toplevel.vhf sub00/vhpl21 1417590753
AR add16_mxilinx_alu behavioral /home/l2/houplon/Documents/Archi/TP/TP09/ALU.vhf sub00/vhpl97 1417590829
EN connecteur16_muser_s3 NULL /home/l2/houplon/Documents/Archi/TP/TP09/S3.vhf sub00/vhpl90 1417590822
EN insmem NULL /home/l2/houplon/Documents/Archi/TP/TP09/ipcore_dir/insmem.vhd sub00/vhpl00 1417590734
EN mux2x16_muser_s3 NULL /home/l2/houplon/Documents/Archi/TP/TP09/S3.vhf sub00/vhpl82 1417590816
EN alu_muser_s3 NULL /home/l2/houplon/Documents/Archi/TP/TP09/S3.vhf sub00/vhpl84 1417590818
AR dec_muser_s3 behavioral /home/l2/houplon/Documents/Archi/TP/TP09/S3.vhf sub00/vhpl69 1417590803
EN m4_1e_mxilinx_toplevel NULL /home/l2/houplon/Documents/Archi/TP/TP09/toplevel.vhf sub00/vhpl42 1417590774
EN dec_muser_s3 NULL /home/l2/houplon/Documents/Archi/TP/TP09/S3.vhf sub00/vhpl68 1417590802
AR connecteur_muser_connecteur16 behavioral /home/l2/houplon/Documents/Archi/TP/TP09/connecteur16.vhf sub01/vhpl119 1417590851
AR compteur4_muser_toplevel behavioral /home/l2/houplon/Documents/Archi/TP/TP09/toplevel.vhf sub00/vhpl47 1417590779
EN mux2x16_muser_toplevel NULL /home/l2/houplon/Documents/Archi/TP/TP09/toplevel.vhf sub00/vhpl22 1417590754
AR alu_muser_toplevel behavioral /home/l2/houplon/Documents/Archi/TP/TP09/toplevel.vhf sub00/vhpl25 1417590757
EN add16_mxilinx_s3 NULL /home/l2/houplon/Documents/Archi/TP/TP09/S3.vhf sub00/vhpl66 1417590800
AR m2_1e_mxilinx_mux4x4 behavioral /home/l2/houplon/Documents/Archi/TP/TP09/mux4x4.vhf sub01/vhpl123 1417590855
EN connecteur_muser_connecteur16 NULL /home/l2/houplon/Documents/Archi/TP/TP09/connecteur16.vhf sub01/vhpl118 1417590850
AR alu behavioral /home/l2/houplon/Documents/Archi/TP/TP09/ALU.vhf sub01/vhpl115 1417590847
EN add16_mxilinx_toplevel NULL /home/l2/houplon/Documents/Archi/TP/TP09/toplevel.vhf sub00/vhpl06 1417590738
AR mux2x16_muser_toplevel behavioral /home/l2/houplon/Documents/Archi/TP/TP09/toplevel.vhf sub00/vhpl23 1417590755
EN fd16ce_mxilinx_toplevel NULL /home/l2/houplon/Documents/Archi/TP/TP09/toplevel.vhf sub00/vhpl32 1417590764
AR m2_1_mxilinx_alu behavioral /home/l2/houplon/Documents/Archi/TP/TP09/ALU.vhf sub01/vhpl111 1417590843
AR m2_1_mxilinx_mux2x16 behavioral /home/l2/houplon/Documents/Archi/TP/TP09/mux2x16.vhf sub01/vhpl143 1417590875
AR fd16ce_mxilinx_s3 behavioral /home/l2/houplon/Documents/Archi/TP/TP09/S3.vhf sub00/vhpl93 1417590825
EN adsu16_mxilinx_alu NULL /home/l2/houplon/Documents/Archi/TP/TP09/ALU.vhf sub01/vhpl108 1417590840
EN s3_muser_toplevel NULL /home/l2/houplon/Documents/Archi/TP/TP09/toplevel.vhf sub00/vhpl34 1417590766
EN s3 NULL /home/l2/houplon/Documents/Archi/TP/TP09/S3.vhf sub00/vhpl94 1417590826
AR fd16ce_mxilinx_toplevel behavioral /home/l2/houplon/Documents/Archi/TP/TP09/toplevel.vhf sub00/vhpl33 1417590765
EN mux4x4_muser_afficheur16 NULL /home/l2/houplon/Documents/Archi/TP/TP09/afficheur16.vhf sub00/vhpl58 1417590790
EN inc_muser_alu NULL /home/l2/houplon/Documents/Archi/TP/TP09/ALU.vhf sub01/vhpl102 1417590834
EN x7seg NULL /home/l2/houplon/Documents/Archi/TP/TP09/x7seg.vhd sub00/vhpl04 1417590736
AR insmem insmem_a /home/l2/houplon/Documents/Archi/TP/TP09/ipcore_dir/insmem.vhd sub00/vhpl01 1417590735
EN inc_muser_toplevel NULL /home/l2/houplon/Documents/Archi/TP/TP09/toplevel.vhf sub00/vhpl12 1417590744
AR m2_1e_mxilinx_toplevel behavioral /home/l2/houplon/Documents/Archi/TP/TP09/toplevel.vhf sub00/vhpl41 1417590773
EN clkdiv NULL /home/l2/houplon/Documents/Archi/TP/TP09/clkdiv.vhf sub00/vhpl64 1417590796
AR connecteur behavioral /home/l2/houplon/Documents/Archi/TP/TP09/connecteur.vhf sub01/vhpl133 1417590865
EN inc_muser_s3 NULL /home/l2/houplon/Documents/Archi/TP/TP09/S3.vhf sub00/vhpl72 1417590806
EN clkdiv_muser_toplevel NULL /home/l2/houplon/Documents/Archi/TP/TP09/toplevel.vhf sub00/vhpl50 1417590782
AR add16_mxilinx_s3 behavioral /home/l2/houplon/Documents/Archi/TP/TP09/S3.vhf sub00/vhpl67 1417590801
EN connecteur_muser_s3 NULL /home/l2/houplon/Documents/Archi/TP/TP09/S3.vhf sub00/vhpl88 1417590820
AR mux4x4 behavioral /home/l2/houplon/Documents/Archi/TP/TP09/mux4x4.vhf sub01/vhpl127 1417590859
AR m4_1e_mxilinx_mux4x4 behavioral /home/l2/houplon/Documents/Archi/TP/TP09/mux4x4.vhf sub01/vhpl125 1417590857
AR add16_mxilinx_dec behavioral /home/l2/houplon/Documents/Archi/TP/TP09/dec.vhf sub01/vhpl135 1417590867
EN connecteur16 NULL /home/l2/houplon/Documents/Archi/TP/TP09/connecteur16.vhf sub01/vhpl120 1417590852
EN m2_1_mxilinx_toplevel NULL /home/l2/houplon/Documents/Archi/TP/TP09/toplevel.vhf sub00/vhpl20 1417590752
EN dec_muser_alu NULL /home/l2/houplon/Documents/Archi/TP/TP09/ALU.vhf sub00/vhpl98 1417590830
EN m2_1e_mxilinx_toplevel NULL /home/l2/houplon/Documents/Archi/TP/TP09/toplevel.vhf sub00/vhpl40 1417590772
AR connecteur16_muser_s3 behavioral /home/l2/houplon/Documents/Archi/TP/TP09/S3.vhf sub00/vhpl91 1417590823
EN andor_muser_alu NULL /home/l2/houplon/Documents/Archi/TP/TP09/ALU.vhf sub01/vhpl106 1417590838
EN m2_1_mxilinx_mux2x16 NULL /home/l2/houplon/Documents/Archi/TP/TP09/mux2x16.vhf sub01/vhpl142 1417590874
EN toplevel NULL /home/l2/houplon/Documents/Archi/TP/TP09/toplevel.vhf sub00/vhpl52 1417590784
EN d4_16e_mxilinx_s3 NULL /home/l2/houplon/Documents/Archi/TP/TP09/S3.vhf sub00/vhpl86 1417590798
AR dec behavioral /home/l2/houplon/Documents/Archi/TP/TP09/dec.vhf sub01/vhpl137 1417590869
EN connecteur NULL /home/l2/houplon/Documents/Archi/TP/TP09/connecteur.vhf sub01/vhpl132 1417590864
EN add16_mxilinx_inc NULL /home/l2/houplon/Documents/Archi/TP/TP09/inc.vhf sub01/vhpl138 1417590870
EN add16_mxilinx_alu NULL /home/l2/houplon/Documents/Archi/TP/TP09/ALU.vhf sub00/vhpl96 1417590828
AR add16_mxilinx_toplevel behavioral /home/l2/houplon/Documents/Archi/TP/TP09/toplevel.vhf sub00/vhpl07 1417590739
EN adsu16_mxilinx_s3 NULL /home/l2/houplon/Documents/Archi/TP/TP09/S3.vhf sub00/vhpl78 1417590812
EN obuf8_mxilinx_toplevel NULL /home/l2/houplon/Documents/Archi/TP/TP09/toplevel.vhf sub00/vhpl36 1417590768
AR dec_muser_alu behavioral /home/l2/houplon/Documents/Archi/TP/TP09/ALU.vhf sub00/vhpl99 1417590831
AR adsu16_mxilinx_toplevel behavioral /home/l2/houplon/Documents/Archi/TP/TP09/toplevel.vhf sub00/vhpl19 1417590751
AR add16_mxilinx_inc behavioral /home/l2/houplon/Documents/Archi/TP/TP09/inc.vhf sub01/vhpl139 1417590871
EN m2_1_mxilinx_alu NULL /home/l2/houplon/Documents/Archi/TP/TP09/ALU.vhf sub01/vhpl110 1417590842
AR connecteur16 behavioral /home/l2/houplon/Documents/Archi/TP/TP09/connecteur16.vhf sub01/vhpl121 1417590853
EN m2_1e_mxilinx_afficheur16 NULL /home/l2/houplon/Documents/Archi/TP/TP09/afficheur16.vhf sub00/vhpl54 1417590786
AR mux2x16_muser_s3 behavioral /home/l2/houplon/Documents/Archi/TP/TP09/S3.vhf sub00/vhpl83 1417590817
AR s3 behavioral /home/l2/houplon/Documents/Archi/TP/TP09/S3.vhf sub00/vhpl95 1417590827
AR concat_muser_toplevel behavioral /home/l2/houplon/Documents/Archi/TP/TP09/toplevel.vhf sub00/vhpl11 1417590743
EN m4_1e_mxilinx_mux4x4 NULL /home/l2/houplon/Documents/Archi/TP/TP09/mux4x4.vhf sub01/vhpl124 1417590856
AR m4_1e_mxilinx_toplevel behavioral /home/l2/houplon/Documents/Archi/TP/TP09/toplevel.vhf sub00/vhpl43 1417590775
AR inv16_mxilinx_alu behavioral /home/l2/houplon/Documents/Archi/TP/TP09/ALU.vhf sub01/vhpl105 1417590837
EN add16_mxilinx_dec NULL /home/l2/houplon/Documents/Archi/TP/TP09/dec.vhf sub01/vhpl134 1417590866
AR inc behavioral /home/l2/houplon/Documents/Archi/TP/TP09/inc.vhf sub01/vhpl141 1417590873
AR alu_muser_s3 behavioral /home/l2/houplon/Documents/Archi/TP/TP09/S3.vhf sub00/vhpl85 1417590819
AR concat behavioral /home/l2/houplon/Documents/Archi/TP/TP09/concat.vhf sub01/vhpl131 1417590863
EN mux4x4 NULL /home/l2/houplon/Documents/Archi/TP/TP09/mux4x4.vhf sub01/vhpl126 1417590858
EN concat NULL /home/l2/houplon/Documents/Archi/TP/TP09/concat.vhf sub01/vhpl130 1417590862
AR clkdiv behavioral /home/l2/houplon/Documents/Archi/TP/TP09/clkdiv.vhf sub00/vhpl65 1417590797
EN afficheur16_muser_toplevel NULL /home/l2/houplon/Documents/Archi/TP/TP09/toplevel.vhf sub00/vhpl48 1417590780
EN connecteur16_muser_toplevel NULL /home/l2/houplon/Documents/Archi/TP/TP09/toplevel.vhf sub00/vhpl30 1417590762
AR m4_1e_mxilinx_afficheur16 behavioral /home/l2/houplon/Documents/Archi/TP/TP09/afficheur16.vhf sub00/vhpl57 1417590789
AR ibuf8_mxilinx_toplevel behavioral /home/l2/houplon/Documents/Archi/TP/TP09/toplevel.vhf sub00/vhpl39 1417590771
EN dec_muser_toplevel NULL /home/l2/houplon/Documents/Archi/TP/TP09/toplevel.vhf sub00/vhpl08 1417590740
EN concat_muser_toplevel NULL /home/l2/houplon/Documents/Archi/TP/TP09/toplevel.vhf sub00/vhpl10 1417590742
EN andor_muser_s3 NULL /home/l2/houplon/Documents/Archi/TP/TP09/S3.vhf sub00/vhpl76 1417590810
EN inv16_mxilinx_toplevel NULL /home/l2/houplon/Documents/Archi/TP/TP09/toplevel.vhf sub00/vhpl14 1417590746
AR d4_16e_mxilinx_s3 behavioral /home/l2/houplon/Documents/Archi/TP/TP09/S3.vhf sub00/vhpl87 1417590799
AR mux4x4_muser_toplevel behavioral /home/l2/houplon/Documents/Archi/TP/TP09/toplevel.vhf sub00/vhpl45 1417590777
EN m2_1e_mxilinx_mux4x4 NULL /home/l2/houplon/Documents/Archi/TP/TP09/mux4x4.vhf sub01/vhpl122 1417590854
AR inc_muser_s3 behavioral /home/l2/houplon/Documents/Archi/TP/TP09/S3.vhf sub00/vhpl73 1417590807
AR mux2x16_muser_alu behavioral /home/l2/houplon/Documents/Archi/TP/TP09/ALU.vhf sub01/vhpl113 1417590845
AR afficheur16_muser_toplevel behavioral /home/l2/houplon/Documents/Archi/TP/TP09/toplevel.vhf sub00/vhpl49 1417590781
AR andor_muser_toplevel behavioral /home/l2/houplon/Documents/Archi/TP/TP09/toplevel.vhf sub00/vhpl17 1417590749
EN fsm NULL /home/l2/houplon/Documents/Archi/TP/TP09/fsm.vhd sub00/vhpl02 1417590732
AR inv16_mxilinx_toplevel behavioral /home/l2/houplon/Documents/Archi/TP/TP09/toplevel.vhf sub00/vhpl15 1417590747
EN adsu16_mxilinx_toplevel NULL /home/l2/houplon/Documents/Archi/TP/TP09/toplevel.vhf sub00/vhpl18 1417590750
AR m2_1_mxilinx_s3 behavioral /home/l2/houplon/Documents/Archi/TP/TP09/S3.vhf sub00/vhpl81 1417590815
EN andor NULL /home/l2/houplon/Documents/Archi/TP/TP09/andor.vhf sub01/vhpl128 1417590860
EN compteur4 NULL /home/l2/houplon/Documents/Archi/TP/TP09/compteur4.vhf sub01/vhpl116 1417590848
AR adsu16_mxilinx_alu behavioral /home/l2/houplon/Documents/Archi/TP/TP09/ALU.vhf sub01/vhpl109 1417590841
AR inc_muser_toplevel behavioral /home/l2/houplon/Documents/Archi/TP/TP09/toplevel.vhf sub00/vhpl13 1417590745
AR s3_muser_toplevel behavioral /home/l2/houplon/Documents/Archi/TP/TP09/toplevel.vhf sub00/vhpl35 1417590767
AR inc_muser_alu behavioral /home/l2/houplon/Documents/Archi/TP/TP09/ALU.vhf sub01/vhpl103 1417590835
EN m4_1e_mxilinx_afficheur16 NULL /home/l2/houplon/Documents/Archi/TP/TP09/afficheur16.vhf sub00/vhpl56 1417590788
AR concat_muser_alu behavioral /home/l2/houplon/Documents/Archi/TP/TP09/ALU.vhf sub01/vhpl101 1417590833
EN compteur4_muser_afficheur16 NULL /home/l2/houplon/Documents/Archi/TP/TP09/afficheur16.vhf sub00/vhpl60 1417590792
AR andor_muser_s3 behavioral /home/l2/houplon/Documents/Archi/TP/TP09/S3.vhf sub00/vhpl77 1417590811
EN concat_muser_alu NULL /home/l2/houplon/Documents/Archi/TP/TP09/ALU.vhf sub01/vhpl100 1417590832
EN concat_muser_s3 NULL /home/l2/houplon/Documents/Archi/TP/TP09/S3.vhf sub00/vhpl70 1417590804
AR concat_muser_s3 behavioral /home/l2/houplon/Documents/Archi/TP/TP09/S3.vhf sub00/vhpl71 1417590805
AR compteur4_muser_afficheur16 behavioral /home/l2/houplon/Documents/Archi/TP/TP09/afficheur16.vhf sub00/vhpl61 1417590793
EN mux2x16_muser_alu NULL /home/l2/houplon/Documents/Archi/TP/TP09/ALU.vhf sub01/vhpl112 1417590844
AR m2_1e_mxilinx_afficheur16 behavioral /home/l2/houplon/Documents/Archi/TP/TP09/afficheur16.vhf sub00/vhpl55 1417590787
EN d4_16e_mxilinx_toplevel NULL /home/l2/houplon/Documents/Archi/TP/TP09/toplevel.vhf sub00/vhpl26 1417590758
EN mux4x4_muser_toplevel NULL /home/l2/houplon/Documents/Archi/TP/TP09/toplevel.vhf sub00/vhpl44 1417590776
AR afficheur16 behavioral /home/l2/houplon/Documents/Archi/TP/TP09/afficheur16.vhf sub00/vhpl63 1417590795
AR fsm behavioral /home/l2/houplon/Documents/Archi/TP/TP09/fsm.vhd sub00/vhpl03 1417590733
AR mux4x4_muser_afficheur16 behavioral /home/l2/houplon/Documents/Archi/TP/TP09/afficheur16.vhf sub00/vhpl59 1417590791
EN inc NULL /home/l2/houplon/Documents/Archi/TP/TP09/inc.vhf sub01/vhpl140 1417590872
AR inv16_mxilinx_s3 behavioral /home/l2/houplon/Documents/Archi/TP/TP09/S3.vhf sub00/vhpl75 1417590809
EN alu NULL /home/l2/houplon/Documents/Archi/TP/TP09/ALU.vhf sub01/vhpl114 1417590846
AR clkdiv_muser_toplevel behavioral /home/l2/houplon/Documents/Archi/TP/TP09/toplevel.vhf sub00/vhpl51 1417590783
AR compteur4 behavioral /home/l2/houplon/Documents/Archi/TP/TP09/compteur4.vhf sub01/vhpl117 1417590849
AR obuf8_mxilinx_toplevel behavioral /home/l2/houplon/Documents/Archi/TP/TP09/toplevel.vhf sub00/vhpl37 1417590769
EN mux2x16 NULL /home/l2/houplon/Documents/Archi/TP/TP09/mux2x16.vhf sub01/vhpl144 1417590876
AR mux2x16 behavioral /home/l2/houplon/Documents/Archi/TP/TP09/mux2x16.vhf sub01/vhpl145 1417590877
AR d4_16e_mxilinx_toplevel behavioral /home/l2/houplon/Documents/Archi/TP/TP09/toplevel.vhf sub00/vhpl27 1417590759
EN inv16_mxilinx_s3 NULL /home/l2/houplon/Documents/Archi/TP/TP09/S3.vhf sub00/vhpl74 1417590808
AR andor behavioral /home/l2/houplon/Documents/Archi/TP/TP09/andor.vhf sub01/vhpl129 1417590861
