V3 250
FL /home/l2/houplon/Documents/Archi/TP/TP09/afficheur16.vhf 2014/11/27.18:19:32 M.81d
EN work/M2_1E_MXILINX_afficheur16 1417590786 \
      FL /home/l2/houplon/Documents/Archi/TP/TP09/afficheur16.vhf \
      PB ieee/std_logic_1164 1290154108 PB ieee/NUMERIC_STD 1290154109 LB UNISIM \
      PH unisim/VCOMPONENTS 1290154108
AR work/M2_1E_MXILINX_afficheur16/BEHAVIORAL 1417590787 \
      FL /home/l2/houplon/Documents/Archi/TP/TP09/afficheur16.vhf \
      EN work/M2_1E_MXILINX_afficheur16 1417590786 CP AND3 CP AND3B1 CP OR2
EN work/M4_1E_MXILINX_afficheur16 1417590788 \
      FL /home/l2/houplon/Documents/Archi/TP/TP09/afficheur16.vhf \
      PB ieee/std_logic_1164 1290154108 PB ieee/NUMERIC_STD 1290154109 LB UNISIM \
      PH unisim/VCOMPONENTS 1290154108
AR work/M4_1E_MXILINX_afficheur16/BEHAVIORAL 1417590789 \
      FL /home/l2/houplon/Documents/Archi/TP/TP09/afficheur16.vhf \
      EN work/M4_1E_MXILINX_afficheur16 1417590788 CP M2_1E_MXILINX_afficheur16 \
      CP MUXF5
EN work/mux4x4_MUSER_afficheur16 1417590790 \
      FL /home/l2/houplon/Documents/Archi/TP/TP09/afficheur16.vhf \
      PB ieee/std_logic_1164 1290154108 PB ieee/NUMERIC_STD 1290154109 LB UNISIM \
      PH unisim/VCOMPONENTS 1290154108
AR work/mux4x4_MUSER_afficheur16/BEHAVIORAL 1417590791 \
      FL /home/l2/houplon/Documents/Archi/TP/TP09/afficheur16.vhf \
      EN work/mux4x4_MUSER_afficheur16 1417590790 CP M4_1E_MXILINX_afficheur16 \
      CP VCC
EN work/compteur4_MUSER_afficheur16 1417590792 \
      FL /home/l2/houplon/Documents/Archi/TP/TP09/afficheur16.vhf \
      PB ieee/std_logic_1164 1290154108 PB ieee/NUMERIC_STD 1290154109 LB UNISIM \
      PH unisim/VCOMPONENTS 1290154108
AR work/compteur4_MUSER_afficheur16/BEHAVIORAL 1417590793 \
      FL /home/l2/houplon/Documents/Archi/TP/TP09/afficheur16.vhf \
      EN work/compteur4_MUSER_afficheur16 1417590792 CP FD CP INV
EN work/afficheur16 1417590794 \
      FL /home/l2/houplon/Documents/Archi/TP/TP09/afficheur16.vhf \
      PB ieee/std_logic_1164 1290154108 PB ieee/NUMERIC_STD 1290154109 LB UNISIM \
      PH unisim/VCOMPONENTS 1290154108
AR work/afficheur16/BEHAVIORAL 1417590795 \
      FL /home/l2/houplon/Documents/Archi/TP/TP09/afficheur16.vhf \
      EN work/afficheur16 1417590794 CP compteur4_MUSER_afficheur16 \
      CP mux4x4_MUSER_afficheur16 CP x7seg
FL /home/l2/houplon/Documents/Archi/TP/TP09/ALU.vhf 2014/11/27.18:19:34 M.81d
EN work/ADD16_MXILINX_ALU 1417590828 \
      FL /home/l2/houplon/Documents/Archi/TP/TP09/ALU.vhf PB ieee/std_logic_1164 1290154108 \
      PB ieee/NUMERIC_STD 1290154109 LB UNISIM PH unisim/VCOMPONENTS 1290154108
AR work/ADD16_MXILINX_ALU/BEHAVIORAL 1417590829 \
      FL /home/l2/houplon/Documents/Archi/TP/TP09/ALU.vhf \
      EN work/ADD16_MXILINX_ALU 1417590828 CP FMAP CP MUXCY_L CP MUXCY CP XORCY \
      CP MUXCY_D CP XOR2
EN work/dec_MUSER_ALU 1417590830 \
      FL /home/l2/houplon/Documents/Archi/TP/TP09/ALU.vhf PB ieee/std_logic_1164 1290154108 \
      PB ieee/NUMERIC_STD 1290154109 LB UNISIM PH unisim/VCOMPONENTS 1290154108
AR work/dec_MUSER_ALU/BEHAVIORAL 1417590831 \
      FL /home/l2/houplon/Documents/Archi/TP/TP09/ALU.vhf EN work/dec_MUSER_ALU 1417590830 \
      CP ADD16_MXILINX_ALU CP GND
EN work/concat_MUSER_ALU 1417590832 \
      FL /home/l2/houplon/Documents/Archi/TP/TP09/ALU.vhf PB ieee/std_logic_1164 1290154108 \
      PB ieee/NUMERIC_STD 1290154109 LB UNISIM PH unisim/VCOMPONENTS 1290154108
AR work/concat_MUSER_ALU/BEHAVIORAL 1417590833 \
      FL /home/l2/houplon/Documents/Archi/TP/TP09/ALU.vhf \
      EN work/concat_MUSER_ALU 1417590832 CP BUF
EN work/inc_MUSER_ALU 1417590834 \
      FL /home/l2/houplon/Documents/Archi/TP/TP09/ALU.vhf PB ieee/std_logic_1164 1290154108 \
      PB ieee/NUMERIC_STD 1290154109 LB UNISIM PH unisim/VCOMPONENTS 1290154108
AR work/inc_MUSER_ALU/BEHAVIORAL 1417590835 \
      FL /home/l2/houplon/Documents/Archi/TP/TP09/ALU.vhf EN work/inc_MUSER_ALU 1417590834 \
      CP ADD16_MXILINX_ALU CP VCC
EN work/INV16_MXILINX_ALU 1417590836 \
      FL /home/l2/houplon/Documents/Archi/TP/TP09/ALU.vhf PB ieee/std_logic_1164 1290154108 \
      PB ieee/NUMERIC_STD 1290154109 LB UNISIM PH unisim/VCOMPONENTS 1290154108
AR work/INV16_MXILINX_ALU/BEHAVIORAL 1417590837 \
      FL /home/l2/houplon/Documents/Archi/TP/TP09/ALU.vhf \
      EN work/INV16_MXILINX_ALU 1417590836 CP INV
EN work/andor_MUSER_ALU 1417590838 \
      FL /home/l2/houplon/Documents/Archi/TP/TP09/ALU.vhf PB ieee/std_logic_1164 1290154108 \
      PB ieee/NUMERIC_STD 1290154109 LB UNISIM PH unisim/VCOMPONENTS 1290154108
AR work/andor_MUSER_ALU/BEHAVIORAL 1417590839 \
      FL /home/l2/houplon/Documents/Archi/TP/TP09/ALU.vhf EN work/andor_MUSER_ALU 1417590838 \
      CP AND2 CP OR2
EN work/ADSU16_MXILINX_ALU 1417590840 \
      FL /home/l2/houplon/Documents/Archi/TP/TP09/ALU.vhf PB ieee/std_logic_1164 1290154108 \
      PB ieee/NUMERIC_STD 1290154109 LB UNISIM PH unisim/VCOMPONENTS 1290154108
AR work/ADSU16_MXILINX_ALU/BEHAVIORAL 1417590841 \
      FL /home/l2/houplon/Documents/Archi/TP/TP09/ALU.vhf \
      EN work/ADSU16_MXILINX_ALU 1417590840 CP FMAP CP XOR3 CP MUXCY_L CP MUXCY \
      CP XORCY CP MUXCY_D CP XOR2 CP INV
EN work/M2_1_MXILINX_ALU 1417590842 \
      FL /home/l2/houplon/Documents/Archi/TP/TP09/ALU.vhf PB ieee/std_logic_1164 1290154108 \
      PB ieee/NUMERIC_STD 1290154109 LB UNISIM PH unisim/VCOMPONENTS 1290154108
AR work/M2_1_MXILINX_ALU/BEHAVIORAL 1417590843 \
      FL /home/l2/houplon/Documents/Archi/TP/TP09/ALU.vhf \
      EN work/M2_1_MXILINX_ALU 1417590842 CP AND2B1 CP OR2 CP AND2
EN work/mux2x16_MUSER_ALU 1417590844 \
      FL /home/l2/houplon/Documents/Archi/TP/TP09/ALU.vhf PB ieee/std_logic_1164 1290154108 \
      PB ieee/NUMERIC_STD 1290154109 LB UNISIM PH unisim/VCOMPONENTS 1290154108
AR work/mux2x16_MUSER_ALU/BEHAVIORAL 1417590845 \
      FL /home/l2/houplon/Documents/Archi/TP/TP09/ALU.vhf \
      EN work/mux2x16_MUSER_ALU 1417590844 CP M2_1_MXILINX_ALU
EN work/ALU 1417590846 \
      FL /home/l2/houplon/Documents/Archi/TP/TP09/ALU.vhf PB ieee/std_logic_1164 1290154108 \
      PB ieee/NUMERIC_STD 1290154109 LB UNISIM PH unisim/VCOMPONENTS 1290154108
AR work/ALU/BEHAVIORAL 1417590847 \
      FL /home/l2/houplon/Documents/Archi/TP/TP09/ALU.vhf EN work/ALU 1417590846 \
      CP mux2x16_MUSER_ALU CP ADSU16_MXILINX_ALU CP INV16_MXILINX_ALU \
      CP andor_MUSER_ALU CP inc_MUSER_ALU CP concat_MUSER_ALU CP dec_MUSER_ALU
FL /home/l2/houplon/Documents/Archi/TP/TP09/andor.vhf 2014/11/27.18:19:34 M.81d
EN work/andor 1417590860 FL /home/l2/houplon/Documents/Archi/TP/TP09/andor.vhf \
      PB ieee/std_logic_1164 1290154108 PB ieee/NUMERIC_STD 1290154109 LB UNISIM \
      PH unisim/VCOMPONENTS 1290154108
AR work/andor/BEHAVIORAL 1417590861 \
      FL /home/l2/houplon/Documents/Archi/TP/TP09/andor.vhf EN work/andor 1417590860 \
      CP AND2 CP OR2
FL /home/l2/houplon/Documents/Archi/TP/TP09/clkdiv.vhf 2014/11/27.18:19:32 M.81d
EN work/clkdiv 1417590796 FL /home/l2/houplon/Documents/Archi/TP/TP09/clkdiv.vhf \
      PB ieee/std_logic_1164 1290154108 PB ieee/NUMERIC_STD 1290154109 LB UNISIM \
      PH unisim/VCOMPONENTS 1290154108
AR work/clkdiv/BEHAVIORAL 1417590797 \
      FL /home/l2/houplon/Documents/Archi/TP/TP09/clkdiv.vhf EN work/clkdiv 1417590796 \
      CP FD CP INV
FL /home/l2/houplon/Documents/Archi/TP/TP09/compteur4.vhf 2014/11/27.18:19:32 M.81d
EN work/compteur4 1417590848 \
      FL /home/l2/houplon/Documents/Archi/TP/TP09/compteur4.vhf \
      PB ieee/std_logic_1164 1290154108 PB ieee/NUMERIC_STD 1290154109 LB UNISIM \
      PH unisim/VCOMPONENTS 1290154108
AR work/compteur4/BEHAVIORAL 1417590849 \
      FL /home/l2/houplon/Documents/Archi/TP/TP09/compteur4.vhf EN work/compteur4 1417590848 \
      CP FD CP INV
FL /home/l2/houplon/Documents/Archi/TP/TP09/concat.vhf 2014/11/27.18:19:35 M.81d
EN work/concat 1417590862 FL /home/l2/houplon/Documents/Archi/TP/TP09/concat.vhf \
      PB ieee/std_logic_1164 1290154108 PB ieee/NUMERIC_STD 1290154109 LB UNISIM \
      PH unisim/VCOMPONENTS 1290154108
AR work/concat/BEHAVIORAL 1417590863 \
      FL /home/l2/houplon/Documents/Archi/TP/TP09/concat.vhf EN work/concat 1417590862 \
      CP BUF
FL /home/l2/houplon/Documents/Archi/TP/TP09/connecteur.vhf 2014/11/27.18:19:32 M.81d
EN work/connecteur 1417590864 \
      FL /home/l2/houplon/Documents/Archi/TP/TP09/connecteur.vhf \
      PB ieee/std_logic_1164 1290154108 PB ieee/NUMERIC_STD 1290154109 LB UNISIM \
      PH unisim/VCOMPONENTS 1290154108
AR work/connecteur/BEHAVIORAL 1417590865 \
      FL /home/l2/houplon/Documents/Archi/TP/TP09/connecteur.vhf \
      EN work/connecteur 1417590864 CP AND2 CP OR2
FL /home/l2/houplon/Documents/Archi/TP/TP09/connecteur16.vhf 2014/11/27.18:19:32 M.81d
EN work/connecteur_MUSER_connecteur16 1417590850 \
      FL /home/l2/houplon/Documents/Archi/TP/TP09/connecteur16.vhf \
      PB ieee/std_logic_1164 1290154108 PB ieee/NUMERIC_STD 1290154109 LB UNISIM \
      PH unisim/VCOMPONENTS 1290154108
AR work/connecteur_MUSER_connecteur16/BEHAVIORAL 1417590851 \
      FL /home/l2/houplon/Documents/Archi/TP/TP09/connecteur16.vhf \
      EN work/connecteur_MUSER_connecteur16 1417590850 CP AND2 CP OR2
EN work/connecteur16 1417590852 \
      FL /home/l2/houplon/Documents/Archi/TP/TP09/connecteur16.vhf \
      PB ieee/std_logic_1164 1290154108 PB ieee/NUMERIC_STD 1290154109 LB UNISIM \
      PH unisim/VCOMPONENTS 1290154108
AR work/connecteur16/BEHAVIORAL 1417590853 \
      FL /home/l2/houplon/Documents/Archi/TP/TP09/connecteur16.vhf \
      EN work/connecteur16 1417590852 CP connecteur_MUSER_connecteur16
FL /home/l2/houplon/Documents/Archi/TP/TP09/dec.vhf 2014/11/27.18:19:35 M.81d
EN work/ADD16_MXILINX_dec 1417590866 \
      FL /home/l2/houplon/Documents/Archi/TP/TP09/dec.vhf PB ieee/std_logic_1164 1290154108 \
      PB ieee/NUMERIC_STD 1290154109 LB UNISIM PH unisim/VCOMPONENTS 1290154108
AR work/ADD16_MXILINX_dec/BEHAVIORAL 1417590867 \
      FL /home/l2/houplon/Documents/Archi/TP/TP09/dec.vhf \
      EN work/ADD16_MXILINX_dec 1417590866 CP FMAP CP MUXCY_L CP MUXCY CP XORCY \
      CP MUXCY_D CP XOR2
EN work/dec 1417590868 \
      FL /home/l2/houplon/Documents/Archi/TP/TP09/dec.vhf PB ieee/std_logic_1164 1290154108 \
      PB ieee/NUMERIC_STD 1290154109 LB UNISIM PH unisim/VCOMPONENTS 1290154108
AR work/dec/BEHAVIORAL 1417590869 \
      FL /home/l2/houplon/Documents/Archi/TP/TP09/dec.vhf EN work/dec 1417590868 \
      CP ADD16_MXILINX_dec CP GND
FL /home/l2/houplon/Documents/Archi/TP/TP09/fsm.vhd 2014/11/27.17:38:10 M.81d
EN work/fsm 1417590732 FL /home/l2/houplon/Documents/Archi/TP/TP09/fsm.vhd \
      PB ieee/std_logic_1164 1290154108
AR work/fsm/Behavioral 1417590733 \
      FL /home/l2/houplon/Documents/Archi/TP/TP09/fsm.vhd EN work/fsm 1417590732
FL /home/l2/houplon/Documents/Archi/TP/TP09/inc.vhf 2014/11/27.18:19:33 M.81d
EN work/ADD16_MXILINX_inc 1417590870 \
      FL /home/l2/houplon/Documents/Archi/TP/TP09/inc.vhf PB ieee/std_logic_1164 1290154108 \
      PB ieee/NUMERIC_STD 1290154109 LB UNISIM PH unisim/VCOMPONENTS 1290154108
AR work/ADD16_MXILINX_inc/BEHAVIORAL 1417590871 \
      FL /home/l2/houplon/Documents/Archi/TP/TP09/inc.vhf \
      EN work/ADD16_MXILINX_inc 1417590870 CP FMAP CP MUXCY_L CP MUXCY CP XORCY \
      CP MUXCY_D CP XOR2
EN work/inc 1417590872 \
      FL /home/l2/houplon/Documents/Archi/TP/TP09/inc.vhf PB ieee/std_logic_1164 1290154108 \
      PB ieee/NUMERIC_STD 1290154109 LB UNISIM PH unisim/VCOMPONENTS 1290154108
AR work/inc/BEHAVIORAL 1417590873 \
      FL /home/l2/houplon/Documents/Archi/TP/TP09/inc.vhf EN work/inc 1417590872 \
      CP ADD16_MXILINX_inc CP VCC
FL /home/l2/houplon/Documents/Archi/TP/TP09/ipcore_dir/insmem.vhd 2014/11/28.14:51:22 M.81d
EN work/insmem 1417590734 \
      FL /home/l2/houplon/Documents/Archi/TP/TP09/ipcore_dir/insmem.vhd \
      PB ieee/std_logic_1164 1290154108
AR work/insmem/insmem_a 1417590735 \
      FL /home/l2/houplon/Documents/Archi/TP/TP09/ipcore_dir/insmem.vhd \
      EN work/insmem 1417590734
FL /home/l2/houplon/Documents/Archi/TP/TP09/mux2x16.vhf 2014/11/27.18:19:33 M.81d
EN work/M2_1_MXILINX_mux2x16 1417590874 \
      FL /home/l2/houplon/Documents/Archi/TP/TP09/mux2x16.vhf \
      PB ieee/std_logic_1164 1290154108 PB ieee/NUMERIC_STD 1290154109 LB UNISIM \
      PH unisim/VCOMPONENTS 1290154108
AR work/M2_1_MXILINX_mux2x16/BEHAVIORAL 1417590875 \
      FL /home/l2/houplon/Documents/Archi/TP/TP09/mux2x16.vhf \
      EN work/M2_1_MXILINX_mux2x16 1417590874 CP AND2B1 CP OR2 CP AND2
EN work/mux2x16 1417590876 \
      FL /home/l2/houplon/Documents/Archi/TP/TP09/mux2x16.vhf \
      PB ieee/std_logic_1164 1290154108 PB ieee/NUMERIC_STD 1290154109 LB UNISIM \
      PH unisim/VCOMPONENTS 1290154108
AR work/mux2x16/BEHAVIORAL 1417590877 \
      FL /home/l2/houplon/Documents/Archi/TP/TP09/mux2x16.vhf EN work/mux2x16 1417590876 \
      CP M2_1_MXILINX_mux2x16
FL /home/l2/houplon/Documents/Archi/TP/TP09/mux4x4.vhf 2014/11/27.18:19:33 M.81d
EN work/M2_1E_MXILINX_mux4x4 1417590854 \
      FL /home/l2/houplon/Documents/Archi/TP/TP09/mux4x4.vhf \
      PB ieee/std_logic_1164 1290154108 PB ieee/NUMERIC_STD 1290154109 LB UNISIM \
      PH unisim/VCOMPONENTS 1290154108
AR work/M2_1E_MXILINX_mux4x4/BEHAVIORAL 1417590855 \
      FL /home/l2/houplon/Documents/Archi/TP/TP09/mux4x4.vhf \
      EN work/M2_1E_MXILINX_mux4x4 1417590854 CP AND3 CP AND3B1 CP OR2
EN work/M4_1E_MXILINX_mux4x4 1417590856 \
      FL /home/l2/houplon/Documents/Archi/TP/TP09/mux4x4.vhf \
      PB ieee/std_logic_1164 1290154108 PB ieee/NUMERIC_STD 1290154109 LB UNISIM \
      PH unisim/VCOMPONENTS 1290154108
AR work/M4_1E_MXILINX_mux4x4/BEHAVIORAL 1417590857 \
      FL /home/l2/houplon/Documents/Archi/TP/TP09/mux4x4.vhf \
      EN work/M4_1E_MXILINX_mux4x4 1417590856 CP M2_1E_MXILINX_mux4x4 CP MUXF5
EN work/mux4x4 1417590858 \
      FL /home/l2/houplon/Documents/Archi/TP/TP09/mux4x4.vhf \
      PB ieee/std_logic_1164 1290154108 PB ieee/NUMERIC_STD 1290154109 LB UNISIM \
      PH unisim/VCOMPONENTS 1290154108
AR work/mux4x4/BEHAVIORAL 1417590859 \
      FL /home/l2/houplon/Documents/Archi/TP/TP09/mux4x4.vhf EN work/mux4x4 1417590858 \
      CP M4_1E_MXILINX_mux4x4 CP VCC
FL /home/l2/houplon/Documents/Archi/TP/TP09/S3.vhf 2014/12/03.08:12:07 M.81d
EN work/D4_16E_MXILINX_S3 1417590798 \
      FL /home/l2/houplon/Documents/Archi/TP/TP09/S3.vhf PB ieee/std_logic_1164 1290154108 \
      PB ieee/NUMERIC_STD 1290154109 LB UNISIM PH unisim/VCOMPONENTS 1290154108
AR work/D4_16E_MXILINX_S3/BEHAVIORAL 1417590799 \
      FL /home/l2/houplon/Documents/Archi/TP/TP09/S3.vhf \
      EN work/D4_16E_MXILINX_S3 1417590798 CP AND5B3 CP AND5B2 CP AND5B1 CP AND5 \
      CP AND5B4
EN work/ADD16_MXILINX_S3 1417590800 \
      FL /home/l2/houplon/Documents/Archi/TP/TP09/S3.vhf PB ieee/std_logic_1164 1290154108 \
      PB ieee/NUMERIC_STD 1290154109 LB UNISIM PH unisim/VCOMPONENTS 1290154108
AR work/ADD16_MXILINX_S3/BEHAVIORAL 1417590801 \
      FL /home/l2/houplon/Documents/Archi/TP/TP09/S3.vhf EN work/ADD16_MXILINX_S3 1417590800 \
      CP FMAP CP MUXCY_L CP MUXCY CP XORCY CP MUXCY_D CP XOR2
EN work/dec_MUSER_S3 1417590802 \
      FL /home/l2/houplon/Documents/Archi/TP/TP09/S3.vhf PB ieee/std_logic_1164 1290154108 \
      PB ieee/NUMERIC_STD 1290154109 LB UNISIM PH unisim/VCOMPONENTS 1290154108
AR work/dec_MUSER_S3/BEHAVIORAL 1417590803 \
      FL /home/l2/houplon/Documents/Archi/TP/TP09/S3.vhf EN work/dec_MUSER_S3 1417590802 \
      CP ADD16_MXILINX_S3 CP GND
EN work/concat_MUSER_S3 1417590804 \
      FL /home/l2/houplon/Documents/Archi/TP/TP09/S3.vhf PB ieee/std_logic_1164 1290154108 \
      PB ieee/NUMERIC_STD 1290154109 LB UNISIM PH unisim/VCOMPONENTS 1290154108
AR work/concat_MUSER_S3/BEHAVIORAL 1417590805 \
      FL /home/l2/houplon/Documents/Archi/TP/TP09/S3.vhf EN work/concat_MUSER_S3 1417590804 \
      CP BUF
EN work/inc_MUSER_S3 1417590806 \
      FL /home/l2/houplon/Documents/Archi/TP/TP09/S3.vhf PB ieee/std_logic_1164 1290154108 \
      PB ieee/NUMERIC_STD 1290154109 LB UNISIM PH unisim/VCOMPONENTS 1290154108
AR work/inc_MUSER_S3/BEHAVIORAL 1417590807 \
      FL /home/l2/houplon/Documents/Archi/TP/TP09/S3.vhf EN work/inc_MUSER_S3 1417590806 \
      CP ADD16_MXILINX_S3 CP VCC
EN work/INV16_MXILINX_S3 1417590808 \
      FL /home/l2/houplon/Documents/Archi/TP/TP09/S3.vhf PB ieee/std_logic_1164 1290154108 \
      PB ieee/NUMERIC_STD 1290154109 LB UNISIM PH unisim/VCOMPONENTS 1290154108
AR work/INV16_MXILINX_S3/BEHAVIORAL 1417590809 \
      FL /home/l2/houplon/Documents/Archi/TP/TP09/S3.vhf EN work/INV16_MXILINX_S3 1417590808 \
      CP INV
EN work/andor_MUSER_S3 1417590810 \
      FL /home/l2/houplon/Documents/Archi/TP/TP09/S3.vhf PB ieee/std_logic_1164 1290154108 \
      PB ieee/NUMERIC_STD 1290154109 LB UNISIM PH unisim/VCOMPONENTS 1290154108
AR work/andor_MUSER_S3/BEHAVIORAL 1417590811 \
      FL /home/l2/houplon/Documents/Archi/TP/TP09/S3.vhf EN work/andor_MUSER_S3 1417590810 \
      CP AND2 CP OR2
EN work/ADSU16_MXILINX_S3 1417590812 \
      FL /home/l2/houplon/Documents/Archi/TP/TP09/S3.vhf PB ieee/std_logic_1164 1290154108 \
      PB ieee/NUMERIC_STD 1290154109 LB UNISIM PH unisim/VCOMPONENTS 1290154108
AR work/ADSU16_MXILINX_S3/BEHAVIORAL 1417590813 \
      FL /home/l2/houplon/Documents/Archi/TP/TP09/S3.vhf \
      EN work/ADSU16_MXILINX_S3 1417590812 CP FMAP CP XOR3 CP MUXCY_L CP MUXCY \
      CP XORCY CP MUXCY_D CP XOR2 CP INV
EN work/M2_1_MXILINX_S3 1417590814 \
      FL /home/l2/houplon/Documents/Archi/TP/TP09/S3.vhf PB ieee/std_logic_1164 1290154108 \
      PB ieee/NUMERIC_STD 1290154109 LB UNISIM PH unisim/VCOMPONENTS 1290154108
AR work/M2_1_MXILINX_S3/BEHAVIORAL 1417590815 \
      FL /home/l2/houplon/Documents/Archi/TP/TP09/S3.vhf EN work/M2_1_MXILINX_S3 1417590814 \
      CP AND2B1 CP OR2 CP AND2
EN work/mux2x16_MUSER_S3 1417590816 \
      FL /home/l2/houplon/Documents/Archi/TP/TP09/S3.vhf PB ieee/std_logic_1164 1290154108 \
      PB ieee/NUMERIC_STD 1290154109 LB UNISIM PH unisim/VCOMPONENTS 1290154108
AR work/mux2x16_MUSER_S3/BEHAVIORAL 1417590817 \
      FL /home/l2/houplon/Documents/Archi/TP/TP09/S3.vhf EN work/mux2x16_MUSER_S3 1417590816 \
      CP M2_1_MXILINX_S3
EN work/ALU_MUSER_S3 1417590818 \
      FL /home/l2/houplon/Documents/Archi/TP/TP09/S3.vhf PB ieee/std_logic_1164 1290154108 \
      PB ieee/NUMERIC_STD 1290154109 LB UNISIM PH unisim/VCOMPONENTS 1290154108
AR work/ALU_MUSER_S3/BEHAVIORAL 1417590819 \
      FL /home/l2/houplon/Documents/Archi/TP/TP09/S3.vhf EN work/ALU_MUSER_S3 1417590818 \
      CP mux2x16_MUSER_S3 CP ADSU16_MXILINX_S3 CP INV16_MXILINX_S3 \
      CP andor_MUSER_S3 CP inc_MUSER_S3 CP concat_MUSER_S3 CP dec_MUSER_S3
EN work/connecteur_MUSER_S3 1417590820 \
      FL /home/l2/houplon/Documents/Archi/TP/TP09/S3.vhf PB ieee/std_logic_1164 1290154108 \
      PB ieee/NUMERIC_STD 1290154109 LB UNISIM PH unisim/VCOMPONENTS 1290154108
AR work/connecteur_MUSER_S3/BEHAVIORAL 1417590821 \
      FL /home/l2/houplon/Documents/Archi/TP/TP09/S3.vhf \
      EN work/connecteur_MUSER_S3 1417590820 CP AND2 CP OR2
EN work/connecteur16_MUSER_S3 1417590822 \
      FL /home/l2/houplon/Documents/Archi/TP/TP09/S3.vhf PB ieee/std_logic_1164 1290154108 \
      PB ieee/NUMERIC_STD 1290154109 LB UNISIM PH unisim/VCOMPONENTS 1290154108
AR work/connecteur16_MUSER_S3/BEHAVIORAL 1417590823 \
      FL /home/l2/houplon/Documents/Archi/TP/TP09/S3.vhf \
      EN work/connecteur16_MUSER_S3 1417590822 CP connecteur_MUSER_S3
EN work/FD16CE_MXILINX_S3 1417590824 \
      FL /home/l2/houplon/Documents/Archi/TP/TP09/S3.vhf PB ieee/std_logic_1164 1290154108 \
      PB ieee/NUMERIC_STD 1290154109 LB UNISIM PH unisim/VCOMPONENTS 1290154108
AR work/FD16CE_MXILINX_S3/BEHAVIORAL 1417590825 \
      FL /home/l2/houplon/Documents/Archi/TP/TP09/S3.vhf \
      EN work/FD16CE_MXILINX_S3 1417590824 CP FDCE
EN work/S3 1417590826 \
      FL /home/l2/houplon/Documents/Archi/TP/TP09/S3.vhf PB ieee/std_logic_1164 1290154108 \
      PB ieee/NUMERIC_STD 1290154109 LB UNISIM PH unisim/VCOMPONENTS 1290154108
AR work/S3/BEHAVIORAL 1417590827 \
      FL /home/l2/houplon/Documents/Archi/TP/TP09/S3.vhf EN work/S3 1417590826 \
      CP connecteur16_MUSER_S3 CP FD16CE_MXILINX_S3 CP fsm CP inc_MUSER_S3 CP insmem \
      CP mux2x16_MUSER_S3 CP OR2 CP VCC CP D4_16E_MXILINX_S3 CP ALU_MUSER_S3
FL /home/l2/houplon/Documents/Archi/TP/TP09/toplevel.vhf 2014/11/28.15:05:41 M.81d
EN work/ADD16_MXILINX_toplevel 1417590738 \
      FL /home/l2/houplon/Documents/Archi/TP/TP09/toplevel.vhf \
      PB ieee/std_logic_1164 1290154108 PB ieee/NUMERIC_STD 1290154109 LB UNISIM \
      PH unisim/VCOMPONENTS 1290154108
AR work/ADD16_MXILINX_toplevel/BEHAVIORAL 1417590739 \
      FL /home/l2/houplon/Documents/Archi/TP/TP09/toplevel.vhf \
      EN work/ADD16_MXILINX_toplevel 1417590738 CP FMAP CP MUXCY_L CP MUXCY CP XORCY \
      CP MUXCY_D CP XOR2
EN work/dec_MUSER_toplevel 1417590740 \
      FL /home/l2/houplon/Documents/Archi/TP/TP09/toplevel.vhf \
      PB ieee/std_logic_1164 1290154108 PB ieee/NUMERIC_STD 1290154109 LB UNISIM \
      PH unisim/VCOMPONENTS 1290154108
AR work/dec_MUSER_toplevel/BEHAVIORAL 1417590741 \
      FL /home/l2/houplon/Documents/Archi/TP/TP09/toplevel.vhf \
      EN work/dec_MUSER_toplevel 1417590740 CP ADD16_MXILINX_toplevel CP GND
EN work/concat_MUSER_toplevel 1417590742 \
      FL /home/l2/houplon/Documents/Archi/TP/TP09/toplevel.vhf \
      PB ieee/std_logic_1164 1290154108 PB ieee/NUMERIC_STD 1290154109 LB UNISIM \
      PH unisim/VCOMPONENTS 1290154108
AR work/concat_MUSER_toplevel/BEHAVIORAL 1417590743 \
      FL /home/l2/houplon/Documents/Archi/TP/TP09/toplevel.vhf \
      EN work/concat_MUSER_toplevel 1417590742 CP BUF
EN work/inc_MUSER_toplevel 1417590744 \
      FL /home/l2/houplon/Documents/Archi/TP/TP09/toplevel.vhf \
      PB ieee/std_logic_1164 1290154108 PB ieee/NUMERIC_STD 1290154109 LB UNISIM \
      PH unisim/VCOMPONENTS 1290154108
AR work/inc_MUSER_toplevel/BEHAVIORAL 1417590745 \
      FL /home/l2/houplon/Documents/Archi/TP/TP09/toplevel.vhf \
      EN work/inc_MUSER_toplevel 1417590744 CP ADD16_MXILINX_toplevel CP VCC
EN work/INV16_MXILINX_toplevel 1417590746 \
      FL /home/l2/houplon/Documents/Archi/TP/TP09/toplevel.vhf \
      PB ieee/std_logic_1164 1290154108 PB ieee/NUMERIC_STD 1290154109 LB UNISIM \
      PH unisim/VCOMPONENTS 1290154108
AR work/INV16_MXILINX_toplevel/BEHAVIORAL 1417590747 \
      FL /home/l2/houplon/Documents/Archi/TP/TP09/toplevel.vhf \
      EN work/INV16_MXILINX_toplevel 1417590746 CP INV
EN work/andor_MUSER_toplevel 1417590748 \
      FL /home/l2/houplon/Documents/Archi/TP/TP09/toplevel.vhf \
      PB ieee/std_logic_1164 1290154108 PB ieee/NUMERIC_STD 1290154109 LB UNISIM \
      PH unisim/VCOMPONENTS 1290154108
AR work/andor_MUSER_toplevel/BEHAVIORAL 1417590749 \
      FL /home/l2/houplon/Documents/Archi/TP/TP09/toplevel.vhf \
      EN work/andor_MUSER_toplevel 1417590748 CP AND2 CP OR2
EN work/ADSU16_MXILINX_toplevel 1417590750 \
      FL /home/l2/houplon/Documents/Archi/TP/TP09/toplevel.vhf \
      PB ieee/std_logic_1164 1290154108 PB ieee/NUMERIC_STD 1290154109 LB UNISIM \
      PH unisim/VCOMPONENTS 1290154108
AR work/ADSU16_MXILINX_toplevel/BEHAVIORAL 1417590751 \
      FL /home/l2/houplon/Documents/Archi/TP/TP09/toplevel.vhf \
      EN work/ADSU16_MXILINX_toplevel 1417590750 CP FMAP CP XOR3 CP MUXCY_L CP MUXCY \
      CP XORCY CP MUXCY_D CP XOR2 CP INV
EN work/M2_1_MXILINX_toplevel 1417590752 \
      FL /home/l2/houplon/Documents/Archi/TP/TP09/toplevel.vhf \
      PB ieee/std_logic_1164 1290154108 PB ieee/NUMERIC_STD 1290154109 LB UNISIM \
      PH unisim/VCOMPONENTS 1290154108
AR work/M2_1_MXILINX_toplevel/BEHAVIORAL 1417590753 \
      FL /home/l2/houplon/Documents/Archi/TP/TP09/toplevel.vhf \
      EN work/M2_1_MXILINX_toplevel 1417590752 CP AND2B1 CP OR2 CP AND2
EN work/mux2x16_MUSER_toplevel 1417590754 \
      FL /home/l2/houplon/Documents/Archi/TP/TP09/toplevel.vhf \
      PB ieee/std_logic_1164 1290154108 PB ieee/NUMERIC_STD 1290154109 LB UNISIM \
      PH unisim/VCOMPONENTS 1290154108
AR work/mux2x16_MUSER_toplevel/BEHAVIORAL 1417590755 \
      FL /home/l2/houplon/Documents/Archi/TP/TP09/toplevel.vhf \
      EN work/mux2x16_MUSER_toplevel 1417590754 CP M2_1_MXILINX_toplevel
EN work/ALU_MUSER_toplevel 1417590756 \
      FL /home/l2/houplon/Documents/Archi/TP/TP09/toplevel.vhf \
      PB ieee/std_logic_1164 1290154108 PB ieee/NUMERIC_STD 1290154109 LB UNISIM \
      PH unisim/VCOMPONENTS 1290154108
AR work/ALU_MUSER_toplevel/BEHAVIORAL 1417590757 \
      FL /home/l2/houplon/Documents/Archi/TP/TP09/toplevel.vhf \
      EN work/ALU_MUSER_toplevel 1417590756 CP mux2x16_MUSER_toplevel \
      CP ADSU16_MXILINX_toplevel CP INV16_MXILINX_toplevel CP andor_MUSER_toplevel \
      CP inc_MUSER_toplevel CP concat_MUSER_toplevel CP dec_MUSER_toplevel
EN work/D4_16E_MXILINX_toplevel 1417590758 \
      FL /home/l2/houplon/Documents/Archi/TP/TP09/toplevel.vhf \
      PB ieee/std_logic_1164 1290154108 PB ieee/NUMERIC_STD 1290154109 LB UNISIM \
      PH unisim/VCOMPONENTS 1290154108
AR work/D4_16E_MXILINX_toplevel/BEHAVIORAL 1417590759 \
      FL /home/l2/houplon/Documents/Archi/TP/TP09/toplevel.vhf \
      EN work/D4_16E_MXILINX_toplevel 1417590758 CP AND5B3 CP AND5B2 CP AND5B1 \
      CP AND5 CP AND5B4
EN work/connecteur_MUSER_toplevel 1417590760 \
      FL /home/l2/houplon/Documents/Archi/TP/TP09/toplevel.vhf \
      PB ieee/std_logic_1164 1290154108 PB ieee/NUMERIC_STD 1290154109 LB UNISIM \
      PH unisim/VCOMPONENTS 1290154108
AR work/connecteur_MUSER_toplevel/BEHAVIORAL 1417590761 \
      FL /home/l2/houplon/Documents/Archi/TP/TP09/toplevel.vhf \
      EN work/connecteur_MUSER_toplevel 1417590760 CP AND2 CP OR2
EN work/connecteur16_MUSER_toplevel 1417590762 \
      FL /home/l2/houplon/Documents/Archi/TP/TP09/toplevel.vhf \
      PB ieee/std_logic_1164 1290154108 PB ieee/NUMERIC_STD 1290154109 LB UNISIM \
      PH unisim/VCOMPONENTS 1290154108
AR work/connecteur16_MUSER_toplevel/BEHAVIORAL 1417590763 \
      FL /home/l2/houplon/Documents/Archi/TP/TP09/toplevel.vhf \
      EN work/connecteur16_MUSER_toplevel 1417590762 CP connecteur_MUSER_toplevel
EN work/FD16CE_MXILINX_toplevel 1417590764 \
      FL /home/l2/houplon/Documents/Archi/TP/TP09/toplevel.vhf \
      PB ieee/std_logic_1164 1290154108 PB ieee/NUMERIC_STD 1290154109 LB UNISIM \
      PH unisim/VCOMPONENTS 1290154108
AR work/FD16CE_MXILINX_toplevel/BEHAVIORAL 1417590765 \
      FL /home/l2/houplon/Documents/Archi/TP/TP09/toplevel.vhf \
      EN work/FD16CE_MXILINX_toplevel 1417590764 CP FDCE
EN work/S3_MUSER_toplevel 1417590766 \
      FL /home/l2/houplon/Documents/Archi/TP/TP09/toplevel.vhf \
      PB ieee/std_logic_1164 1290154108 PB ieee/NUMERIC_STD 1290154109 LB UNISIM \
      PH unisim/VCOMPONENTS 1290154108
AR work/S3_MUSER_toplevel/BEHAVIORAL 1417590767 \
      FL /home/l2/houplon/Documents/Archi/TP/TP09/toplevel.vhf \
      EN work/S3_MUSER_toplevel 1417590766 CP connecteur16_MUSER_toplevel \
      CP FD16CE_MXILINX_toplevel CP fsm CP inc_MUSER_toplevel CP insmem \
      CP mux2x16_MUSER_toplevel CP OR2 CP VCC CP D4_16E_MXILINX_toplevel \
      CP ALU_MUSER_toplevel
EN work/OBUF8_MXILINX_toplevel 1417590768 \
      FL /home/l2/houplon/Documents/Archi/TP/TP09/toplevel.vhf \
      PB ieee/std_logic_1164 1290154108 PB ieee/NUMERIC_STD 1290154109 LB UNISIM \
      PH unisim/VCOMPONENTS 1290154108
AR work/OBUF8_MXILINX_toplevel/BEHAVIORAL 1417590769 \
      FL /home/l2/houplon/Documents/Archi/TP/TP09/toplevel.vhf \
      EN work/OBUF8_MXILINX_toplevel 1417590768 CP OBUF
EN work/IBUF8_MXILINX_toplevel 1417590770 \
      FL /home/l2/houplon/Documents/Archi/TP/TP09/toplevel.vhf \
      PB ieee/std_logic_1164 1290154108 PB ieee/NUMERIC_STD 1290154109 LB UNISIM \
      PH unisim/VCOMPONENTS 1290154108
AR work/IBUF8_MXILINX_toplevel/BEHAVIORAL 1417590771 \
      FL /home/l2/houplon/Documents/Archi/TP/TP09/toplevel.vhf \
      EN work/IBUF8_MXILINX_toplevel 1417590770 CP IBUF
EN work/M2_1E_MXILINX_toplevel 1417590772 \
      FL /home/l2/houplon/Documents/Archi/TP/TP09/toplevel.vhf \
      PB ieee/std_logic_1164 1290154108 PB ieee/NUMERIC_STD 1290154109 LB UNISIM \
      PH unisim/VCOMPONENTS 1290154108
AR work/M2_1E_MXILINX_toplevel/BEHAVIORAL 1417590773 \
      FL /home/l2/houplon/Documents/Archi/TP/TP09/toplevel.vhf \
      EN work/M2_1E_MXILINX_toplevel 1417590772 CP AND3 CP AND3B1 CP OR2
EN work/M4_1E_MXILINX_toplevel 1417590774 \
      FL /home/l2/houplon/Documents/Archi/TP/TP09/toplevel.vhf \
      PB ieee/std_logic_1164 1290154108 PB ieee/NUMERIC_STD 1290154109 LB UNISIM \
      PH unisim/VCOMPONENTS 1290154108
AR work/M4_1E_MXILINX_toplevel/BEHAVIORAL 1417590775 \
      FL /home/l2/houplon/Documents/Archi/TP/TP09/toplevel.vhf \
      EN work/M4_1E_MXILINX_toplevel 1417590774 CP M2_1E_MXILINX_toplevel CP MUXF5
EN work/mux4x4_MUSER_toplevel 1417590776 \
      FL /home/l2/houplon/Documents/Archi/TP/TP09/toplevel.vhf \
      PB ieee/std_logic_1164 1290154108 PB ieee/NUMERIC_STD 1290154109 LB UNISIM \
      PH unisim/VCOMPONENTS 1290154108
AR work/mux4x4_MUSER_toplevel/BEHAVIORAL 1417590777 \
      FL /home/l2/houplon/Documents/Archi/TP/TP09/toplevel.vhf \
      EN work/mux4x4_MUSER_toplevel 1417590776 CP M4_1E_MXILINX_toplevel CP VCC
EN work/compteur4_MUSER_toplevel 1417590778 \
      FL /home/l2/houplon/Documents/Archi/TP/TP09/toplevel.vhf \
      PB ieee/std_logic_1164 1290154108 PB ieee/NUMERIC_STD 1290154109 LB UNISIM \
      PH unisim/VCOMPONENTS 1290154108
AR work/compteur4_MUSER_toplevel/BEHAVIORAL 1417590779 \
      FL /home/l2/houplon/Documents/Archi/TP/TP09/toplevel.vhf \
      EN work/compteur4_MUSER_toplevel 1417590778 CP FD CP INV
EN work/afficheur16_MUSER_toplevel 1417590780 \
      FL /home/l2/houplon/Documents/Archi/TP/TP09/toplevel.vhf \
      PB ieee/std_logic_1164 1290154108 PB ieee/NUMERIC_STD 1290154109 LB UNISIM \
      PH unisim/VCOMPONENTS 1290154108
AR work/afficheur16_MUSER_toplevel/BEHAVIORAL 1417590781 \
      FL /home/l2/houplon/Documents/Archi/TP/TP09/toplevel.vhf \
      EN work/afficheur16_MUSER_toplevel 1417590780 CP compteur4_MUSER_toplevel \
      CP mux4x4_MUSER_toplevel CP x7seg
EN work/clkdiv_MUSER_toplevel 1417590782 \
      FL /home/l2/houplon/Documents/Archi/TP/TP09/toplevel.vhf \
      PB ieee/std_logic_1164 1290154108 PB ieee/NUMERIC_STD 1290154109 LB UNISIM \
      PH unisim/VCOMPONENTS 1290154108
AR work/clkdiv_MUSER_toplevel/BEHAVIORAL 1417590783 \
      FL /home/l2/houplon/Documents/Archi/TP/TP09/toplevel.vhf \
      EN work/clkdiv_MUSER_toplevel 1417590782 CP FD CP INV
EN work/toplevel 1417590784 \
      FL /home/l2/houplon/Documents/Archi/TP/TP09/toplevel.vhf \
      PB ieee/std_logic_1164 1290154108 PB ieee/NUMERIC_STD 1290154109 LB UNISIM \
      PH unisim/VCOMPONENTS 1290154108
AR work/toplevel/BEHAVIORAL 1417590785 \
      FL /home/l2/houplon/Documents/Archi/TP/TP09/toplevel.vhf EN work/toplevel 1417590784 \
      CP clkdiv_MUSER_toplevel CP afficheur16_MUSER_toplevel CP BUFG \
      CP IBUF8_MXILINX_toplevel CP OBUF8_MXILINX_toplevel CP S3_MUSER_toplevel
FL /home/l2/houplon/Documents/Archi/TP/TP09/x7seg.vhd 2014/09/17.09:20:01 M.81d
EN work/x7seg 1417590736 FL /home/l2/houplon/Documents/Archi/TP/TP09/x7seg.vhd \
      PB ieee/std_logic_1164 1290154108
AR work/x7seg/Behavioral 1417590737 \
      FL /home/l2/houplon/Documents/Archi/TP/TP09/x7seg.vhd EN work/x7seg 1417590736
