V3 286
FL /home/l2/houplon/Documents/Archi/TP/TP10/afficheur16.vhf 2014/12/03.09:13:18 M.81d
EN work/M2_1E_MXILINX_afficheur16 1417614345 \
      FL /home/l2/houplon/Documents/Archi/TP/TP10/afficheur16.vhf \
      PB ieee/std_logic_1164 1290154108 PB ieee/NUMERIC_STD 1290154109 LB UNISIM \
      PH unisim/VCOMPONENTS 1290154108
AR work/M2_1E_MXILINX_afficheur16/BEHAVIORAL 1417614346 \
      FL /home/l2/houplon/Documents/Archi/TP/TP10/afficheur16.vhf \
      EN work/M2_1E_MXILINX_afficheur16 1417614345 CP AND3 CP AND3B1 CP OR2
EN work/M4_1E_MXILINX_afficheur16 1417614347 \
      FL /home/l2/houplon/Documents/Archi/TP/TP10/afficheur16.vhf \
      PB ieee/std_logic_1164 1290154108 PB ieee/NUMERIC_STD 1290154109 LB UNISIM \
      PH unisim/VCOMPONENTS 1290154108
AR work/M4_1E_MXILINX_afficheur16/BEHAVIORAL 1417614348 \
      FL /home/l2/houplon/Documents/Archi/TP/TP10/afficheur16.vhf \
      EN work/M4_1E_MXILINX_afficheur16 1417614347 CP M2_1E_MXILINX_afficheur16 \
      CP MUXF5
EN work/mux4x4_MUSER_afficheur16 1417614349 \
      FL /home/l2/houplon/Documents/Archi/TP/TP10/afficheur16.vhf \
      PB ieee/std_logic_1164 1290154108 PB ieee/NUMERIC_STD 1290154109 LB UNISIM \
      PH unisim/VCOMPONENTS 1290154108
AR work/mux4x4_MUSER_afficheur16/BEHAVIORAL 1417614350 \
      FL /home/l2/houplon/Documents/Archi/TP/TP10/afficheur16.vhf \
      EN work/mux4x4_MUSER_afficheur16 1417614349 CP M4_1E_MXILINX_afficheur16 \
      CP VCC
EN work/compteur4_MUSER_afficheur16 1417614351 \
      FL /home/l2/houplon/Documents/Archi/TP/TP10/afficheur16.vhf \
      PB ieee/std_logic_1164 1290154108 PB ieee/NUMERIC_STD 1290154109 LB UNISIM \
      PH unisim/VCOMPONENTS 1290154108
AR work/compteur4_MUSER_afficheur16/BEHAVIORAL 1417614352 \
      FL /home/l2/houplon/Documents/Archi/TP/TP10/afficheur16.vhf \
      EN work/compteur4_MUSER_afficheur16 1417614351 CP FD CP INV
EN work/afficheur16 1417614353 \
      FL /home/l2/houplon/Documents/Archi/TP/TP10/afficheur16.vhf \
      PB ieee/std_logic_1164 1290154108 PB ieee/NUMERIC_STD 1290154109 LB UNISIM \
      PH unisim/VCOMPONENTS 1290154108
AR work/afficheur16/BEHAVIORAL 1417614354 \
      FL /home/l2/houplon/Documents/Archi/TP/TP10/afficheur16.vhf \
      EN work/afficheur16 1417614353 CP compteur4_MUSER_afficheur16 \
      CP mux4x4_MUSER_afficheur16 CP x7seg
FL /home/l2/houplon/Documents/Archi/TP/TP10/ALU.vhf 2014/12/03.09:13:21 M.81d
EN work/ADD16_MXILINX_ALU 1417614395 \
      FL /home/l2/houplon/Documents/Archi/TP/TP10/ALU.vhf PB ieee/std_logic_1164 1290154108 \
      PB ieee/NUMERIC_STD 1290154109 LB UNISIM PH unisim/VCOMPONENTS 1290154108
AR work/ADD16_MXILINX_ALU/BEHAVIORAL 1417614396 \
      FL /home/l2/houplon/Documents/Archi/TP/TP10/ALU.vhf \
      EN work/ADD16_MXILINX_ALU 1417614395 CP FMAP CP MUXCY_L CP MUXCY CP XORCY \
      CP MUXCY_D CP XOR2
EN work/dec_MUSER_ALU 1417614397 \
      FL /home/l2/houplon/Documents/Archi/TP/TP10/ALU.vhf PB ieee/std_logic_1164 1290154108 \
      PB ieee/NUMERIC_STD 1290154109 LB UNISIM PH unisim/VCOMPONENTS 1290154108
AR work/dec_MUSER_ALU/BEHAVIORAL 1417614398 \
      FL /home/l2/houplon/Documents/Archi/TP/TP10/ALU.vhf EN work/dec_MUSER_ALU 1417614397 \
      CP ADD16_MXILINX_ALU CP GND
EN work/concat_MUSER_ALU 1417614399 \
      FL /home/l2/houplon/Documents/Archi/TP/TP10/ALU.vhf PB ieee/std_logic_1164 1290154108 \
      PB ieee/NUMERIC_STD 1290154109 LB UNISIM PH unisim/VCOMPONENTS 1290154108
AR work/concat_MUSER_ALU/BEHAVIORAL 1417614400 \
      FL /home/l2/houplon/Documents/Archi/TP/TP10/ALU.vhf \
      EN work/concat_MUSER_ALU 1417614399 CP BUF
EN work/inc_MUSER_ALU 1417614401 \
      FL /home/l2/houplon/Documents/Archi/TP/TP10/ALU.vhf PB ieee/std_logic_1164 1290154108 \
      PB ieee/NUMERIC_STD 1290154109 LB UNISIM PH unisim/VCOMPONENTS 1290154108
AR work/inc_MUSER_ALU/BEHAVIORAL 1417614402 \
      FL /home/l2/houplon/Documents/Archi/TP/TP10/ALU.vhf EN work/inc_MUSER_ALU 1417614401 \
      CP ADD16_MXILINX_ALU CP VCC
EN work/INV16_MXILINX_ALU 1417614403 \
      FL /home/l2/houplon/Documents/Archi/TP/TP10/ALU.vhf PB ieee/std_logic_1164 1290154108 \
      PB ieee/NUMERIC_STD 1290154109 LB UNISIM PH unisim/VCOMPONENTS 1290154108
AR work/INV16_MXILINX_ALU/BEHAVIORAL 1417614404 \
      FL /home/l2/houplon/Documents/Archi/TP/TP10/ALU.vhf \
      EN work/INV16_MXILINX_ALU 1417614403 CP INV
EN work/andor_MUSER_ALU 1417614405 \
      FL /home/l2/houplon/Documents/Archi/TP/TP10/ALU.vhf PB ieee/std_logic_1164 1290154108 \
      PB ieee/NUMERIC_STD 1290154109 LB UNISIM PH unisim/VCOMPONENTS 1290154108
AR work/andor_MUSER_ALU/BEHAVIORAL 1417614406 \
      FL /home/l2/houplon/Documents/Archi/TP/TP10/ALU.vhf EN work/andor_MUSER_ALU 1417614405 \
      CP AND2 CP OR2
EN work/ADSU16_MXILINX_ALU 1417614407 \
      FL /home/l2/houplon/Documents/Archi/TP/TP10/ALU.vhf PB ieee/std_logic_1164 1290154108 \
      PB ieee/NUMERIC_STD 1290154109 LB UNISIM PH unisim/VCOMPONENTS 1290154108
AR work/ADSU16_MXILINX_ALU/BEHAVIORAL 1417614408 \
      FL /home/l2/houplon/Documents/Archi/TP/TP10/ALU.vhf \
      EN work/ADSU16_MXILINX_ALU 1417614407 CP FMAP CP XOR3 CP MUXCY_L CP MUXCY \
      CP XORCY CP MUXCY_D CP XOR2 CP INV
EN work/M2_1_MXILINX_ALU 1417614409 \
      FL /home/l2/houplon/Documents/Archi/TP/TP10/ALU.vhf PB ieee/std_logic_1164 1290154108 \
      PB ieee/NUMERIC_STD 1290154109 LB UNISIM PH unisim/VCOMPONENTS 1290154108
AR work/M2_1_MXILINX_ALU/BEHAVIORAL 1417614410 \
      FL /home/l2/houplon/Documents/Archi/TP/TP10/ALU.vhf \
      EN work/M2_1_MXILINX_ALU 1417614409 CP AND2B1 CP OR2 CP AND2
EN work/mux2x16_MUSER_ALU 1417614411 \
      FL /home/l2/houplon/Documents/Archi/TP/TP10/ALU.vhf PB ieee/std_logic_1164 1290154108 \
      PB ieee/NUMERIC_STD 1290154109 LB UNISIM PH unisim/VCOMPONENTS 1290154108
AR work/mux2x16_MUSER_ALU/BEHAVIORAL 1417614412 \
      FL /home/l2/houplon/Documents/Archi/TP/TP10/ALU.vhf \
      EN work/mux2x16_MUSER_ALU 1417614411 CP M2_1_MXILINX_ALU
EN work/ALU 1417614413 \
      FL /home/l2/houplon/Documents/Archi/TP/TP10/ALU.vhf PB ieee/std_logic_1164 1290154108 \
      PB ieee/NUMERIC_STD 1290154109 LB UNISIM PH unisim/VCOMPONENTS 1290154108
AR work/ALU/BEHAVIORAL 1417614414 \
      FL /home/l2/houplon/Documents/Archi/TP/TP10/ALU.vhf EN work/ALU 1417614413 \
      CP mux2x16_MUSER_ALU CP ADSU16_MXILINX_ALU CP INV16_MXILINX_ALU \
      CP andor_MUSER_ALU CP inc_MUSER_ALU CP concat_MUSER_ALU CP dec_MUSER_ALU
FL /home/l2/houplon/Documents/Archi/TP/TP10/andor.vhf 2014/12/03.09:13:21 M.81d
EN work/andor 1417614433 FL /home/l2/houplon/Documents/Archi/TP/TP10/andor.vhf \
      PB ieee/std_logic_1164 1290154108 PB ieee/NUMERIC_STD 1290154109 LB UNISIM \
      PH unisim/VCOMPONENTS 1290154108
AR work/andor/BEHAVIORAL 1417614434 \
      FL /home/l2/houplon/Documents/Archi/TP/TP10/andor.vhf EN work/andor 1417614433 \
      CP AND2 CP OR2
FL /home/l2/houplon/Documents/Archi/TP/TP10/clkdiv.vhf 2014/12/03.09:13:18 M.81d
EN work/clkdiv 1417614355 FL /home/l2/houplon/Documents/Archi/TP/TP10/clkdiv.vhf \
      PB ieee/std_logic_1164 1290154108 PB ieee/NUMERIC_STD 1290154109 LB UNISIM \
      PH unisim/VCOMPONENTS 1290154108
AR work/clkdiv/BEHAVIORAL 1417614356 \
      FL /home/l2/houplon/Documents/Archi/TP/TP10/clkdiv.vhf EN work/clkdiv 1417614355 \
      CP FD CP INV
FL /home/l2/houplon/Documents/Archi/TP/TP10/compteur4.vhf 2014/12/03.09:13:18 M.81d
EN work/compteur4 1417614415 \
      FL /home/l2/houplon/Documents/Archi/TP/TP10/compteur4.vhf \
      PB ieee/std_logic_1164 1290154108 PB ieee/NUMERIC_STD 1290154109 LB UNISIM \
      PH unisim/VCOMPONENTS 1290154108
AR work/compteur4/BEHAVIORAL 1417614416 \
      FL /home/l2/houplon/Documents/Archi/TP/TP10/compteur4.vhf EN work/compteur4 1417614415 \
      CP FD CP INV
FL /home/l2/houplon/Documents/Archi/TP/TP10/concat.vhf 2014/12/03.09:13:21 M.81d
EN work/concat 1417614435 FL /home/l2/houplon/Documents/Archi/TP/TP10/concat.vhf \
      PB ieee/std_logic_1164 1290154108 PB ieee/NUMERIC_STD 1290154109 LB UNISIM \
      PH unisim/VCOMPONENTS 1290154108
AR work/concat/BEHAVIORAL 1417614436 \
      FL /home/l2/houplon/Documents/Archi/TP/TP10/concat.vhf EN work/concat 1417614435 \
      CP BUF
FL /home/l2/houplon/Documents/Archi/TP/TP10/connecteur.vhf 2014/12/03.09:13:18 M.81d
EN work/connecteur 1417614437 \
      FL /home/l2/houplon/Documents/Archi/TP/TP10/connecteur.vhf \
      PB ieee/std_logic_1164 1290154108 PB ieee/NUMERIC_STD 1290154109 LB UNISIM \
      PH unisim/VCOMPONENTS 1290154108
AR work/connecteur/BEHAVIORAL 1417614438 \
      FL /home/l2/houplon/Documents/Archi/TP/TP10/connecteur.vhf \
      EN work/connecteur 1417614437 CP AND2 CP OR2
FL /home/l2/houplon/Documents/Archi/TP/TP10/connecteur16.vhf 2014/12/03.09:13:18 M.81d
EN work/connecteur_MUSER_connecteur16 1417614417 \
      FL /home/l2/houplon/Documents/Archi/TP/TP10/connecteur16.vhf \
      PB ieee/std_logic_1164 1290154108 PB ieee/NUMERIC_STD 1290154109 LB UNISIM \
      PH unisim/VCOMPONENTS 1290154108
AR work/connecteur_MUSER_connecteur16/BEHAVIORAL 1417614418 \
      FL /home/l2/houplon/Documents/Archi/TP/TP10/connecteur16.vhf \
      EN work/connecteur_MUSER_connecteur16 1417614417 CP AND2 CP OR2
EN work/connecteur16 1417614419 \
      FL /home/l2/houplon/Documents/Archi/TP/TP10/connecteur16.vhf \
      PB ieee/std_logic_1164 1290154108 PB ieee/NUMERIC_STD 1290154109 LB UNISIM \
      PH unisim/VCOMPONENTS 1290154108
AR work/connecteur16/BEHAVIORAL 1417614420 \
      FL /home/l2/houplon/Documents/Archi/TP/TP10/connecteur16.vhf \
      EN work/connecteur16 1417614419 CP connecteur_MUSER_connecteur16
FL /home/l2/houplon/Documents/Archi/TP/TP10/dec.vhf 2014/12/03.09:13:21 M.81d
EN work/ADD16_MXILINX_dec 1417614439 \
      FL /home/l2/houplon/Documents/Archi/TP/TP10/dec.vhf PB ieee/std_logic_1164 1290154108 \
      PB ieee/NUMERIC_STD 1290154109 LB UNISIM PH unisim/VCOMPONENTS 1290154108
AR work/ADD16_MXILINX_dec/BEHAVIORAL 1417614440 \
      FL /home/l2/houplon/Documents/Archi/TP/TP10/dec.vhf \
      EN work/ADD16_MXILINX_dec 1417614439 CP FMAP CP MUXCY_L CP MUXCY CP XORCY \
      CP MUXCY_D CP XOR2
EN work/dec 1417614441 \
      FL /home/l2/houplon/Documents/Archi/TP/TP10/dec.vhf PB ieee/std_logic_1164 1290154108 \
      PB ieee/NUMERIC_STD 1290154109 LB UNISIM PH unisim/VCOMPONENTS 1290154108
AR work/dec/BEHAVIORAL 1417614442 \
      FL /home/l2/houplon/Documents/Archi/TP/TP10/dec.vhf EN work/dec 1417614441 \
      CP ADD16_MXILINX_dec CP GND
FL /home/l2/houplon/Documents/Archi/TP/TP10/fsm.vhd 2014/12/03.14:41:49 M.81d
EN work/fsm 1417614283 FL /home/l2/houplon/Documents/Archi/TP/TP10/fsm.vhd \
      PB ieee/std_logic_1164 1290154108
AR work/fsm/Behavioral 1417614284 \
      FL /home/l2/houplon/Documents/Archi/TP/TP10/fsm.vhd EN work/fsm 1417614283
FL /home/l2/houplon/Documents/Archi/TP/TP10/immediat.vhf 2014/12/03.14:44:38 M.81d
EN work/immediat 1417614421 \
      FL /home/l2/houplon/Documents/Archi/TP/TP10/immediat.vhf \
      PB ieee/std_logic_1164 1290154108 PB ieee/NUMERIC_STD 1290154109 LB UNISIM \
      PH unisim/VCOMPONENTS 1290154108
AR work/immediat/BEHAVIORAL 1417614422 \
      FL /home/l2/houplon/Documents/Archi/TP/TP10/immediat.vhf EN work/immediat 1417614421 \
      CP BUF
FL /home/l2/houplon/Documents/Archi/TP/TP10/inc.vhf 2014/12/03.09:13:19 M.81d
EN work/ADD16_MXILINX_inc 1417614443 \
      FL /home/l2/houplon/Documents/Archi/TP/TP10/inc.vhf PB ieee/std_logic_1164 1290154108 \
      PB ieee/NUMERIC_STD 1290154109 LB UNISIM PH unisim/VCOMPONENTS 1290154108
AR work/ADD16_MXILINX_inc/BEHAVIORAL 1417614444 \
      FL /home/l2/houplon/Documents/Archi/TP/TP10/inc.vhf \
      EN work/ADD16_MXILINX_inc 1417614443 CP FMAP CP MUXCY_L CP MUXCY CP XORCY \
      CP MUXCY_D CP XOR2
EN work/inc 1417614445 \
      FL /home/l2/houplon/Documents/Archi/TP/TP10/inc.vhf PB ieee/std_logic_1164 1290154108 \
      PB ieee/NUMERIC_STD 1290154109 LB UNISIM PH unisim/VCOMPONENTS 1290154108
AR work/inc/BEHAVIORAL 1417614446 \
      FL /home/l2/houplon/Documents/Archi/TP/TP10/inc.vhf EN work/inc 1417614445 \
      CP ADD16_MXILINX_inc CP VCC
FL /home/l2/houplon/Documents/Archi/TP/TP10/ipcore_dir/insmem.vhd 2014/12/03.09:25:09 M.81d
EN work/insmem 1417614285 \
      FL /home/l2/houplon/Documents/Archi/TP/TP10/ipcore_dir/insmem.vhd \
      PB ieee/std_logic_1164 1290154108
AR work/insmem/insmem_a 1417614286 \
      FL /home/l2/houplon/Documents/Archi/TP/TP10/ipcore_dir/insmem.vhd \
      EN work/insmem 1417614285
FL /home/l2/houplon/Documents/Archi/TP/TP10/mux2x16.vhf 2014/12/03.09:13:19 M.81d
EN work/M2_1_MXILINX_mux2x16 1417614447 \
      FL /home/l2/houplon/Documents/Archi/TP/TP10/mux2x16.vhf \
      PB ieee/std_logic_1164 1290154108 PB ieee/NUMERIC_STD 1290154109 LB UNISIM \
      PH unisim/VCOMPONENTS 1290154108
AR work/M2_1_MXILINX_mux2x16/BEHAVIORAL 1417614448 \
      FL /home/l2/houplon/Documents/Archi/TP/TP10/mux2x16.vhf \
      EN work/M2_1_MXILINX_mux2x16 1417614447 CP AND2B1 CP OR2 CP AND2
EN work/mux2x16 1417614449 \
      FL /home/l2/houplon/Documents/Archi/TP/TP10/mux2x16.vhf \
      PB ieee/std_logic_1164 1290154108 PB ieee/NUMERIC_STD 1290154109 LB UNISIM \
      PH unisim/VCOMPONENTS 1290154108
AR work/mux2x16/BEHAVIORAL 1417614450 \
      FL /home/l2/houplon/Documents/Archi/TP/TP10/mux2x16.vhf EN work/mux2x16 1417614449 \
      CP M2_1_MXILINX_mux2x16
FL /home/l2/houplon/Documents/Archi/TP/TP10/mux4x4.vhf 2014/12/03.09:13:18 M.81d
EN work/M2_1E_MXILINX_mux4x4 1417614423 \
      FL /home/l2/houplon/Documents/Archi/TP/TP10/mux4x4.vhf \
      PB ieee/std_logic_1164 1290154108 PB ieee/NUMERIC_STD 1290154109 LB UNISIM \
      PH unisim/VCOMPONENTS 1290154108
AR work/M2_1E_MXILINX_mux4x4/BEHAVIORAL 1417614424 \
      FL /home/l2/houplon/Documents/Archi/TP/TP10/mux4x4.vhf \
      EN work/M2_1E_MXILINX_mux4x4 1417614423 CP AND3 CP AND3B1 CP OR2
EN work/M4_1E_MXILINX_mux4x4 1417614425 \
      FL /home/l2/houplon/Documents/Archi/TP/TP10/mux4x4.vhf \
      PB ieee/std_logic_1164 1290154108 PB ieee/NUMERIC_STD 1290154109 LB UNISIM \
      PH unisim/VCOMPONENTS 1290154108
AR work/M4_1E_MXILINX_mux4x4/BEHAVIORAL 1417614426 \
      FL /home/l2/houplon/Documents/Archi/TP/TP10/mux4x4.vhf \
      EN work/M4_1E_MXILINX_mux4x4 1417614425 CP M2_1E_MXILINX_mux4x4 CP MUXF5
EN work/mux4x4 1417614427 \
      FL /home/l2/houplon/Documents/Archi/TP/TP10/mux4x4.vhf \
      PB ieee/std_logic_1164 1290154108 PB ieee/NUMERIC_STD 1290154109 LB UNISIM \
      PH unisim/VCOMPONENTS 1290154108
AR work/mux4x4/BEHAVIORAL 1417614428 \
      FL /home/l2/houplon/Documents/Archi/TP/TP10/mux4x4.vhf EN work/mux4x4 1417614427 \
      CP M4_1E_MXILINX_mux4x4 CP VCC
FL /home/l2/houplon/Documents/Archi/TP/TP10/pulse.vhf 2014/12/03.08:49:14 M.81d
EN work/pulse 1417614357 FL /home/l2/houplon/Documents/Archi/TP/TP10/pulse.vhf \
      PB ieee/std_logic_1164 1290154108 PB ieee/NUMERIC_STD 1290154109 LB UNISIM \
      PH unisim/VCOMPONENTS 1290154108
AR work/pulse/BEHAVIORAL 1417614358 \
      FL /home/l2/houplon/Documents/Archi/TP/TP10/pulse.vhf EN work/pulse 1417614357 \
      CP FD CP AND3 CP INV
FL /home/l2/houplon/Documents/Archi/TP/TP10/S3.vhf 2014/12/03.14:44:38 M.81d
EN work/OR16_MXILINX_S3 1417614359 \
      FL /home/l2/houplon/Documents/Archi/TP/TP10/S3.vhf PB ieee/std_logic_1164 1290154108 \
      PB ieee/NUMERIC_STD 1290154109 LB UNISIM PH unisim/VCOMPONENTS 1290154108
AR work/OR16_MXILINX_S3/BEHAVIORAL 1417614360 \
      FL /home/l2/houplon/Documents/Archi/TP/TP10/S3.vhf EN work/OR16_MXILINX_S3 1417614359 \
      CP MUXCY_L CP FMAP CP NOR4 CP MUXCY CP VCC CP GND
EN work/testeur_MUSER_S3 1417614361 \
      FL /home/l2/houplon/Documents/Archi/TP/TP10/S3.vhf PB ieee/std_logic_1164 1290154108 \
      PB ieee/NUMERIC_STD 1290154109 LB UNISIM PH unisim/VCOMPONENTS 1290154108
AR work/testeur_MUSER_S3/BEHAVIORAL 1417614362 \
      FL /home/l2/houplon/Documents/Archi/TP/TP10/S3.vhf EN work/testeur_MUSER_S3 1417614361 \
      CP OR16_MXILINX_S3 CP OR3 CP AND2 CP INV CP NOR2
EN work/D4_16E_MXILINX_S3 1417614363 \
      FL /home/l2/houplon/Documents/Archi/TP/TP10/S3.vhf PB ieee/std_logic_1164 1290154108 \
      PB ieee/NUMERIC_STD 1290154109 LB UNISIM PH unisim/VCOMPONENTS 1290154108
AR work/D4_16E_MXILINX_S3/BEHAVIORAL 1417614364 \
      FL /home/l2/houplon/Documents/Archi/TP/TP10/S3.vhf \
      EN work/D4_16E_MXILINX_S3 1417614363 CP AND5B3 CP AND5B2 CP AND5B1 CP AND5 \
      CP AND5B4
EN work/immediat_MUSER_S3 1417614365 \
      FL /home/l2/houplon/Documents/Archi/TP/TP10/S3.vhf PB ieee/std_logic_1164 1290154108 \
      PB ieee/NUMERIC_STD 1290154109 LB UNISIM PH unisim/VCOMPONENTS 1290154108
AR work/immediat_MUSER_S3/BEHAVIORAL 1417614366 \
      FL /home/l2/houplon/Documents/Archi/TP/TP10/S3.vhf \
      EN work/immediat_MUSER_S3 1417614365 CP BUF
EN work/ADD16_MXILINX_S3 1417614367 \
      FL /home/l2/houplon/Documents/Archi/TP/TP10/S3.vhf PB ieee/std_logic_1164 1290154108 \
      PB ieee/NUMERIC_STD 1290154109 LB UNISIM PH unisim/VCOMPONENTS 1290154108
AR work/ADD16_MXILINX_S3/BEHAVIORAL 1417614368 \
      FL /home/l2/houplon/Documents/Archi/TP/TP10/S3.vhf EN work/ADD16_MXILINX_S3 1417614367 \
      CP FMAP CP MUXCY_L CP MUXCY CP XORCY CP MUXCY_D CP XOR2
EN work/dec_MUSER_S3 1417614369 \
      FL /home/l2/houplon/Documents/Archi/TP/TP10/S3.vhf PB ieee/std_logic_1164 1290154108 \
      PB ieee/NUMERIC_STD 1290154109 LB UNISIM PH unisim/VCOMPONENTS 1290154108
AR work/dec_MUSER_S3/BEHAVIORAL 1417614370 \
      FL /home/l2/houplon/Documents/Archi/TP/TP10/S3.vhf EN work/dec_MUSER_S3 1417614369 \
      CP ADD16_MXILINX_S3 CP GND
EN work/concat_MUSER_S3 1417614371 \
      FL /home/l2/houplon/Documents/Archi/TP/TP10/S3.vhf PB ieee/std_logic_1164 1290154108 \
      PB ieee/NUMERIC_STD 1290154109 LB UNISIM PH unisim/VCOMPONENTS 1290154108
AR work/concat_MUSER_S3/BEHAVIORAL 1417614372 \
      FL /home/l2/houplon/Documents/Archi/TP/TP10/S3.vhf EN work/concat_MUSER_S3 1417614371 \
      CP BUF
EN work/inc_MUSER_S3 1417614373 \
      FL /home/l2/houplon/Documents/Archi/TP/TP10/S3.vhf PB ieee/std_logic_1164 1290154108 \
      PB ieee/NUMERIC_STD 1290154109 LB UNISIM PH unisim/VCOMPONENTS 1290154108
AR work/inc_MUSER_S3/BEHAVIORAL 1417614374 \
      FL /home/l2/houplon/Documents/Archi/TP/TP10/S3.vhf EN work/inc_MUSER_S3 1417614373 \
      CP ADD16_MXILINX_S3 CP VCC
EN work/INV16_MXILINX_S3 1417614375 \
      FL /home/l2/houplon/Documents/Archi/TP/TP10/S3.vhf PB ieee/std_logic_1164 1290154108 \
      PB ieee/NUMERIC_STD 1290154109 LB UNISIM PH unisim/VCOMPONENTS 1290154108
AR work/INV16_MXILINX_S3/BEHAVIORAL 1417614376 \
      FL /home/l2/houplon/Documents/Archi/TP/TP10/S3.vhf EN work/INV16_MXILINX_S3 1417614375 \
      CP INV
EN work/andor_MUSER_S3 1417614377 \
      FL /home/l2/houplon/Documents/Archi/TP/TP10/S3.vhf PB ieee/std_logic_1164 1290154108 \
      PB ieee/NUMERIC_STD 1290154109 LB UNISIM PH unisim/VCOMPONENTS 1290154108
AR work/andor_MUSER_S3/BEHAVIORAL 1417614378 \
      FL /home/l2/houplon/Documents/Archi/TP/TP10/S3.vhf EN work/andor_MUSER_S3 1417614377 \
      CP AND2 CP OR2
EN work/ADSU16_MXILINX_S3 1417614379 \
      FL /home/l2/houplon/Documents/Archi/TP/TP10/S3.vhf PB ieee/std_logic_1164 1290154108 \
      PB ieee/NUMERIC_STD 1290154109 LB UNISIM PH unisim/VCOMPONENTS 1290154108
AR work/ADSU16_MXILINX_S3/BEHAVIORAL 1417614380 \
      FL /home/l2/houplon/Documents/Archi/TP/TP10/S3.vhf \
      EN work/ADSU16_MXILINX_S3 1417614379 CP FMAP CP XOR3 CP MUXCY_L CP MUXCY \
      CP XORCY CP MUXCY_D CP XOR2 CP INV
EN work/M2_1_MXILINX_S3 1417614381 \
      FL /home/l2/houplon/Documents/Archi/TP/TP10/S3.vhf PB ieee/std_logic_1164 1290154108 \
      PB ieee/NUMERIC_STD 1290154109 LB UNISIM PH unisim/VCOMPONENTS 1290154108
AR work/M2_1_MXILINX_S3/BEHAVIORAL 1417614382 \
      FL /home/l2/houplon/Documents/Archi/TP/TP10/S3.vhf EN work/M2_1_MXILINX_S3 1417614381 \
      CP AND2B1 CP OR2 CP AND2
EN work/mux2x16_MUSER_S3 1417614383 \
      FL /home/l2/houplon/Documents/Archi/TP/TP10/S3.vhf PB ieee/std_logic_1164 1290154108 \
      PB ieee/NUMERIC_STD 1290154109 LB UNISIM PH unisim/VCOMPONENTS 1290154108
AR work/mux2x16_MUSER_S3/BEHAVIORAL 1417614384 \
      FL /home/l2/houplon/Documents/Archi/TP/TP10/S3.vhf EN work/mux2x16_MUSER_S3 1417614383 \
      CP M2_1_MXILINX_S3
EN work/ALU_MUSER_S3 1417614385 \
      FL /home/l2/houplon/Documents/Archi/TP/TP10/S3.vhf PB ieee/std_logic_1164 1290154108 \
      PB ieee/NUMERIC_STD 1290154109 LB UNISIM PH unisim/VCOMPONENTS 1290154108
AR work/ALU_MUSER_S3/BEHAVIORAL 1417614386 \
      FL /home/l2/houplon/Documents/Archi/TP/TP10/S3.vhf EN work/ALU_MUSER_S3 1417614385 \
      CP mux2x16_MUSER_S3 CP ADSU16_MXILINX_S3 CP INV16_MXILINX_S3 \
      CP andor_MUSER_S3 CP inc_MUSER_S3 CP concat_MUSER_S3 CP dec_MUSER_S3
EN work/connecteur_MUSER_S3 1417614387 \
      FL /home/l2/houplon/Documents/Archi/TP/TP10/S3.vhf PB ieee/std_logic_1164 1290154108 \
      PB ieee/NUMERIC_STD 1290154109 LB UNISIM PH unisim/VCOMPONENTS 1290154108
AR work/connecteur_MUSER_S3/BEHAVIORAL 1417614388 \
      FL /home/l2/houplon/Documents/Archi/TP/TP10/S3.vhf \
      EN work/connecteur_MUSER_S3 1417614387 CP AND2 CP OR2
EN work/connecteur16_MUSER_S3 1417614389 \
      FL /home/l2/houplon/Documents/Archi/TP/TP10/S3.vhf PB ieee/std_logic_1164 1290154108 \
      PB ieee/NUMERIC_STD 1290154109 LB UNISIM PH unisim/VCOMPONENTS 1290154108
AR work/connecteur16_MUSER_S3/BEHAVIORAL 1417614390 \
      FL /home/l2/houplon/Documents/Archi/TP/TP10/S3.vhf \
      EN work/connecteur16_MUSER_S3 1417614389 CP connecteur_MUSER_S3
EN work/FD16CE_MXILINX_S3 1417614391 \
      FL /home/l2/houplon/Documents/Archi/TP/TP10/S3.vhf PB ieee/std_logic_1164 1290154108 \
      PB ieee/NUMERIC_STD 1290154109 LB UNISIM PH unisim/VCOMPONENTS 1290154108
AR work/FD16CE_MXILINX_S3/BEHAVIORAL 1417614392 \
      FL /home/l2/houplon/Documents/Archi/TP/TP10/S3.vhf \
      EN work/FD16CE_MXILINX_S3 1417614391 CP FDCE
EN work/S3 1417614393 \
      FL /home/l2/houplon/Documents/Archi/TP/TP10/S3.vhf PB ieee/std_logic_1164 1290154108 \
      PB ieee/NUMERIC_STD 1290154109 LB UNISIM PH unisim/VCOMPONENTS 1290154108
AR work/S3/BEHAVIORAL 1417614394 \
      FL /home/l2/houplon/Documents/Archi/TP/TP10/S3.vhf EN work/S3 1417614393 \
      CP ALU_MUSER_S3 CP connecteur16_MUSER_S3 CP FD16CE_MXILINX_S3 CP fsm \
      CP inc_MUSER_S3 CP insmem CP mux2x16_MUSER_S3 CP OR2 CP VCC \
      CP D4_16E_MXILINX_S3 CP immediat_MUSER_S3 CP testeur_MUSER_S3
FL /home/l2/houplon/Documents/Archi/TP/TP10/testeur.vhf 2014/12/03.14:44:38 M.81d
EN work/OR16_MXILINX_testeur 1417614429 \
      FL /home/l2/houplon/Documents/Archi/TP/TP10/testeur.vhf \
      PB ieee/std_logic_1164 1290154108 PB ieee/NUMERIC_STD 1290154109 LB UNISIM \
      PH unisim/VCOMPONENTS 1290154108
AR work/OR16_MXILINX_testeur/BEHAVIORAL 1417614430 \
      FL /home/l2/houplon/Documents/Archi/TP/TP10/testeur.vhf \
      EN work/OR16_MXILINX_testeur 1417614429 CP MUXCY_L CP FMAP CP NOR4 CP MUXCY \
      CP VCC CP GND
EN work/testeur 1417614431 \
      FL /home/l2/houplon/Documents/Archi/TP/TP10/testeur.vhf \
      PB ieee/std_logic_1164 1290154108 PB ieee/NUMERIC_STD 1290154109 LB UNISIM \
      PH unisim/VCOMPONENTS 1290154108
AR work/testeur/BEHAVIORAL 1417614432 \
      FL /home/l2/houplon/Documents/Archi/TP/TP10/testeur.vhf EN work/testeur 1417614431 \
      CP OR16_MXILINX_testeur CP OR3 CP AND2 CP INV CP NOR2
FL /home/l2/houplon/Documents/Archi/TP/TP10/toplevel.vhf 2014/12/03.14:44:34 M.81d
EN work/pulse_MUSER_toplevel 1417614289 \
      FL /home/l2/houplon/Documents/Archi/TP/TP10/toplevel.vhf \
      PB ieee/std_logic_1164 1290154108 PB ieee/NUMERIC_STD 1290154109 LB UNISIM \
      PH unisim/VCOMPONENTS 1290154108
AR work/pulse_MUSER_toplevel/BEHAVIORAL 1417614290 \
      FL /home/l2/houplon/Documents/Archi/TP/TP10/toplevel.vhf \
      EN work/pulse_MUSER_toplevel 1417614289 CP FD CP AND3 CP INV
EN work/clkdiv_MUSER_toplevel 1417614291 \
      FL /home/l2/houplon/Documents/Archi/TP/TP10/toplevel.vhf \
      PB ieee/std_logic_1164 1290154108 PB ieee/NUMERIC_STD 1290154109 LB UNISIM \
      PH unisim/VCOMPONENTS 1290154108
AR work/clkdiv_MUSER_toplevel/BEHAVIORAL 1417614292 \
      FL /home/l2/houplon/Documents/Archi/TP/TP10/toplevel.vhf \
      EN work/clkdiv_MUSER_toplevel 1417614291 CP FD CP INV
EN work/M2_1E_MXILINX_toplevel 1417614293 \
      FL /home/l2/houplon/Documents/Archi/TP/TP10/toplevel.vhf \
      PB ieee/std_logic_1164 1290154108 PB ieee/NUMERIC_STD 1290154109 LB UNISIM \
      PH unisim/VCOMPONENTS 1290154108
AR work/M2_1E_MXILINX_toplevel/BEHAVIORAL 1417614294 \
      FL /home/l2/houplon/Documents/Archi/TP/TP10/toplevel.vhf \
      EN work/M2_1E_MXILINX_toplevel 1417614293 CP AND3 CP AND3B1 CP OR2
EN work/M4_1E_MXILINX_toplevel 1417614295 \
      FL /home/l2/houplon/Documents/Archi/TP/TP10/toplevel.vhf \
      PB ieee/std_logic_1164 1290154108 PB ieee/NUMERIC_STD 1290154109 LB UNISIM \
      PH unisim/VCOMPONENTS 1290154108
AR work/M4_1E_MXILINX_toplevel/BEHAVIORAL 1417614296 \
      FL /home/l2/houplon/Documents/Archi/TP/TP10/toplevel.vhf \
      EN work/M4_1E_MXILINX_toplevel 1417614295 CP M2_1E_MXILINX_toplevel CP MUXF5
EN work/mux4x4_MUSER_toplevel 1417614297 \
      FL /home/l2/houplon/Documents/Archi/TP/TP10/toplevel.vhf \
      PB ieee/std_logic_1164 1290154108 PB ieee/NUMERIC_STD 1290154109 LB UNISIM \
      PH unisim/VCOMPONENTS 1290154108
AR work/mux4x4_MUSER_toplevel/BEHAVIORAL 1417614298 \
      FL /home/l2/houplon/Documents/Archi/TP/TP10/toplevel.vhf \
      EN work/mux4x4_MUSER_toplevel 1417614297 CP M4_1E_MXILINX_toplevel CP VCC
EN work/compteur4_MUSER_toplevel 1417614299 \
      FL /home/l2/houplon/Documents/Archi/TP/TP10/toplevel.vhf \
      PB ieee/std_logic_1164 1290154108 PB ieee/NUMERIC_STD 1290154109 LB UNISIM \
      PH unisim/VCOMPONENTS 1290154108
AR work/compteur4_MUSER_toplevel/BEHAVIORAL 1417614300 \
      FL /home/l2/houplon/Documents/Archi/TP/TP10/toplevel.vhf \
      EN work/compteur4_MUSER_toplevel 1417614299 CP FD CP INV
EN work/afficheur16_MUSER_toplevel 1417614301 \
      FL /home/l2/houplon/Documents/Archi/TP/TP10/toplevel.vhf \
      PB ieee/std_logic_1164 1290154108 PB ieee/NUMERIC_STD 1290154109 LB UNISIM \
      PH unisim/VCOMPONENTS 1290154108
AR work/afficheur16_MUSER_toplevel/BEHAVIORAL 1417614302 \
      FL /home/l2/houplon/Documents/Archi/TP/TP10/toplevel.vhf \
      EN work/afficheur16_MUSER_toplevel 1417614301 CP compteur4_MUSER_toplevel \
      CP mux4x4_MUSER_toplevel CP x7seg
EN work/OR16_MXILINX_toplevel 1417614303 \
      FL /home/l2/houplon/Documents/Archi/TP/TP10/toplevel.vhf \
      PB ieee/std_logic_1164 1290154108 PB ieee/NUMERIC_STD 1290154109 LB UNISIM \
      PH unisim/VCOMPONENTS 1290154108
AR work/OR16_MXILINX_toplevel/BEHAVIORAL 1417614304 \
      FL /home/l2/houplon/Documents/Archi/TP/TP10/toplevel.vhf \
      EN work/OR16_MXILINX_toplevel 1417614303 CP MUXCY_L CP FMAP CP NOR4 CP MUXCY \
      CP VCC CP GND
EN work/testeur_MUSER_toplevel 1417614305 \
      FL /home/l2/houplon/Documents/Archi/TP/TP10/toplevel.vhf \
      PB ieee/std_logic_1164 1290154108 PB ieee/NUMERIC_STD 1290154109 LB UNISIM \
      PH unisim/VCOMPONENTS 1290154108
AR work/testeur_MUSER_toplevel/BEHAVIORAL 1417614306 \
      FL /home/l2/houplon/Documents/Archi/TP/TP10/toplevel.vhf \
      EN work/testeur_MUSER_toplevel 1417614305 CP OR16_MXILINX_toplevel CP OR3 \
      CP AND2 CP INV CP NOR2
EN work/D4_16E_MXILINX_toplevel 1417614307 \
      FL /home/l2/houplon/Documents/Archi/TP/TP10/toplevel.vhf \
      PB ieee/std_logic_1164 1290154108 PB ieee/NUMERIC_STD 1290154109 LB UNISIM \
      PH unisim/VCOMPONENTS 1290154108
AR work/D4_16E_MXILINX_toplevel/BEHAVIORAL 1417614308 \
      FL /home/l2/houplon/Documents/Archi/TP/TP10/toplevel.vhf \
      EN work/D4_16E_MXILINX_toplevel 1417614307 CP AND5B3 CP AND5B2 CP AND5B1 \
      CP AND5 CP AND5B4
EN work/immediat_MUSER_toplevel 1417614309 \
      FL /home/l2/houplon/Documents/Archi/TP/TP10/toplevel.vhf \
      PB ieee/std_logic_1164 1290154108 PB ieee/NUMERIC_STD 1290154109 LB UNISIM \
      PH unisim/VCOMPONENTS 1290154108
AR work/immediat_MUSER_toplevel/BEHAVIORAL 1417614310 \
      FL /home/l2/houplon/Documents/Archi/TP/TP10/toplevel.vhf \
      EN work/immediat_MUSER_toplevel 1417614309 CP BUF
EN work/ADD16_MXILINX_toplevel 1417614311 \
      FL /home/l2/houplon/Documents/Archi/TP/TP10/toplevel.vhf \
      PB ieee/std_logic_1164 1290154108 PB ieee/NUMERIC_STD 1290154109 LB UNISIM \
      PH unisim/VCOMPONENTS 1290154108
AR work/ADD16_MXILINX_toplevel/BEHAVIORAL 1417614312 \
      FL /home/l2/houplon/Documents/Archi/TP/TP10/toplevel.vhf \
      EN work/ADD16_MXILINX_toplevel 1417614311 CP FMAP CP MUXCY_L CP MUXCY CP XORCY \
      CP MUXCY_D CP XOR2
EN work/dec_MUSER_toplevel 1417614313 \
      FL /home/l2/houplon/Documents/Archi/TP/TP10/toplevel.vhf \
      PB ieee/std_logic_1164 1290154108 PB ieee/NUMERIC_STD 1290154109 LB UNISIM \
      PH unisim/VCOMPONENTS 1290154108
AR work/dec_MUSER_toplevel/BEHAVIORAL 1417614314 \
      FL /home/l2/houplon/Documents/Archi/TP/TP10/toplevel.vhf \
      EN work/dec_MUSER_toplevel 1417614313 CP ADD16_MXILINX_toplevel CP GND
EN work/concat_MUSER_toplevel 1417614315 \
      FL /home/l2/houplon/Documents/Archi/TP/TP10/toplevel.vhf \
      PB ieee/std_logic_1164 1290154108 PB ieee/NUMERIC_STD 1290154109 LB UNISIM \
      PH unisim/VCOMPONENTS 1290154108
AR work/concat_MUSER_toplevel/BEHAVIORAL 1417614316 \
      FL /home/l2/houplon/Documents/Archi/TP/TP10/toplevel.vhf \
      EN work/concat_MUSER_toplevel 1417614315 CP BUF
EN work/inc_MUSER_toplevel 1417614317 \
      FL /home/l2/houplon/Documents/Archi/TP/TP10/toplevel.vhf \
      PB ieee/std_logic_1164 1290154108 PB ieee/NUMERIC_STD 1290154109 LB UNISIM \
      PH unisim/VCOMPONENTS 1290154108
AR work/inc_MUSER_toplevel/BEHAVIORAL 1417614318 \
      FL /home/l2/houplon/Documents/Archi/TP/TP10/toplevel.vhf \
      EN work/inc_MUSER_toplevel 1417614317 CP ADD16_MXILINX_toplevel CP VCC
EN work/INV16_MXILINX_toplevel 1417614319 \
      FL /home/l2/houplon/Documents/Archi/TP/TP10/toplevel.vhf \
      PB ieee/std_logic_1164 1290154108 PB ieee/NUMERIC_STD 1290154109 LB UNISIM \
      PH unisim/VCOMPONENTS 1290154108
AR work/INV16_MXILINX_toplevel/BEHAVIORAL 1417614320 \
      FL /home/l2/houplon/Documents/Archi/TP/TP10/toplevel.vhf \
      EN work/INV16_MXILINX_toplevel 1417614319 CP INV
EN work/andor_MUSER_toplevel 1417614321 \
      FL /home/l2/houplon/Documents/Archi/TP/TP10/toplevel.vhf \
      PB ieee/std_logic_1164 1290154108 PB ieee/NUMERIC_STD 1290154109 LB UNISIM \
      PH unisim/VCOMPONENTS 1290154108
AR work/andor_MUSER_toplevel/BEHAVIORAL 1417614322 \
      FL /home/l2/houplon/Documents/Archi/TP/TP10/toplevel.vhf \
      EN work/andor_MUSER_toplevel 1417614321 CP AND2 CP OR2
EN work/ADSU16_MXILINX_toplevel 1417614323 \
      FL /home/l2/houplon/Documents/Archi/TP/TP10/toplevel.vhf \
      PB ieee/std_logic_1164 1290154108 PB ieee/NUMERIC_STD 1290154109 LB UNISIM \
      PH unisim/VCOMPONENTS 1290154108
AR work/ADSU16_MXILINX_toplevel/BEHAVIORAL 1417614324 \
      FL /home/l2/houplon/Documents/Archi/TP/TP10/toplevel.vhf \
      EN work/ADSU16_MXILINX_toplevel 1417614323 CP FMAP CP XOR3 CP MUXCY_L CP MUXCY \
      CP XORCY CP MUXCY_D CP XOR2 CP INV
EN work/M2_1_MXILINX_toplevel 1417614325 \
      FL /home/l2/houplon/Documents/Archi/TP/TP10/toplevel.vhf \
      PB ieee/std_logic_1164 1290154108 PB ieee/NUMERIC_STD 1290154109 LB UNISIM \
      PH unisim/VCOMPONENTS 1290154108
AR work/M2_1_MXILINX_toplevel/BEHAVIORAL 1417614326 \
      FL /home/l2/houplon/Documents/Archi/TP/TP10/toplevel.vhf \
      EN work/M2_1_MXILINX_toplevel 1417614325 CP AND2B1 CP OR2 CP AND2
EN work/mux2x16_MUSER_toplevel 1417614327 \
      FL /home/l2/houplon/Documents/Archi/TP/TP10/toplevel.vhf \
      PB ieee/std_logic_1164 1290154108 PB ieee/NUMERIC_STD 1290154109 LB UNISIM \
      PH unisim/VCOMPONENTS 1290154108
AR work/mux2x16_MUSER_toplevel/BEHAVIORAL 1417614328 \
      FL /home/l2/houplon/Documents/Archi/TP/TP10/toplevel.vhf \
      EN work/mux2x16_MUSER_toplevel 1417614327 CP M2_1_MXILINX_toplevel
EN work/ALU_MUSER_toplevel 1417614329 \
      FL /home/l2/houplon/Documents/Archi/TP/TP10/toplevel.vhf \
      PB ieee/std_logic_1164 1290154108 PB ieee/NUMERIC_STD 1290154109 LB UNISIM \
      PH unisim/VCOMPONENTS 1290154108
AR work/ALU_MUSER_toplevel/BEHAVIORAL 1417614330 \
      FL /home/l2/houplon/Documents/Archi/TP/TP10/toplevel.vhf \
      EN work/ALU_MUSER_toplevel 1417614329 CP mux2x16_MUSER_toplevel \
      CP ADSU16_MXILINX_toplevel CP INV16_MXILINX_toplevel CP andor_MUSER_toplevel \
      CP inc_MUSER_toplevel CP concat_MUSER_toplevel CP dec_MUSER_toplevel
EN work/connecteur_MUSER_toplevel 1417614331 \
      FL /home/l2/houplon/Documents/Archi/TP/TP10/toplevel.vhf \
      PB ieee/std_logic_1164 1290154108 PB ieee/NUMERIC_STD 1290154109 LB UNISIM \
      PH unisim/VCOMPONENTS 1290154108
AR work/connecteur_MUSER_toplevel/BEHAVIORAL 1417614332 \
      FL /home/l2/houplon/Documents/Archi/TP/TP10/toplevel.vhf \
      EN work/connecteur_MUSER_toplevel 1417614331 CP AND2 CP OR2
EN work/connecteur16_MUSER_toplevel 1417614333 \
      FL /home/l2/houplon/Documents/Archi/TP/TP10/toplevel.vhf \
      PB ieee/std_logic_1164 1290154108 PB ieee/NUMERIC_STD 1290154109 LB UNISIM \
      PH unisim/VCOMPONENTS 1290154108
AR work/connecteur16_MUSER_toplevel/BEHAVIORAL 1417614334 \
      FL /home/l2/houplon/Documents/Archi/TP/TP10/toplevel.vhf \
      EN work/connecteur16_MUSER_toplevel 1417614333 CP connecteur_MUSER_toplevel
EN work/FD16CE_MXILINX_toplevel 1417614335 \
      FL /home/l2/houplon/Documents/Archi/TP/TP10/toplevel.vhf \
      PB ieee/std_logic_1164 1290154108 PB ieee/NUMERIC_STD 1290154109 LB UNISIM \
      PH unisim/VCOMPONENTS 1290154108
AR work/FD16CE_MXILINX_toplevel/BEHAVIORAL 1417614336 \
      FL /home/l2/houplon/Documents/Archi/TP/TP10/toplevel.vhf \
      EN work/FD16CE_MXILINX_toplevel 1417614335 CP FDCE
EN work/S3_MUSER_toplevel 1417614337 \
      FL /home/l2/houplon/Documents/Archi/TP/TP10/toplevel.vhf \
      PB ieee/std_logic_1164 1290154108 PB ieee/NUMERIC_STD 1290154109 LB UNISIM \
      PH unisim/VCOMPONENTS 1290154108
AR work/S3_MUSER_toplevel/BEHAVIORAL 1417614338 \
      FL /home/l2/houplon/Documents/Archi/TP/TP10/toplevel.vhf \
      EN work/S3_MUSER_toplevel 1417614337 CP ALU_MUSER_toplevel \
      CP connecteur16_MUSER_toplevel CP FD16CE_MXILINX_toplevel CP fsm \
      CP inc_MUSER_toplevel CP insmem CP mux2x16_MUSER_toplevel CP OR2 CP VCC \
      CP D4_16E_MXILINX_toplevel CP immediat_MUSER_toplevel \
      CP testeur_MUSER_toplevel
EN work/OBUF8_MXILINX_toplevel 1417614339 \
      FL /home/l2/houplon/Documents/Archi/TP/TP10/toplevel.vhf \
      PB ieee/std_logic_1164 1290154108 PB ieee/NUMERIC_STD 1290154109 LB UNISIM \
      PH unisim/VCOMPONENTS 1290154108
AR work/OBUF8_MXILINX_toplevel/BEHAVIORAL 1417614340 \
      FL /home/l2/houplon/Documents/Archi/TP/TP10/toplevel.vhf \
      EN work/OBUF8_MXILINX_toplevel 1417614339 CP OBUF
EN work/IBUF8_MXILINX_toplevel 1417614341 \
      FL /home/l2/houplon/Documents/Archi/TP/TP10/toplevel.vhf \
      PB ieee/std_logic_1164 1290154108 PB ieee/NUMERIC_STD 1290154109 LB UNISIM \
      PH unisim/VCOMPONENTS 1290154108
AR work/IBUF8_MXILINX_toplevel/BEHAVIORAL 1417614342 \
      FL /home/l2/houplon/Documents/Archi/TP/TP10/toplevel.vhf \
      EN work/IBUF8_MXILINX_toplevel 1417614341 CP IBUF
EN work/toplevel 1417614343 \
      FL /home/l2/houplon/Documents/Archi/TP/TP10/toplevel.vhf \
      PB ieee/std_logic_1164 1290154108 PB ieee/NUMERIC_STD 1290154109 LB UNISIM \
      PH unisim/VCOMPONENTS 1290154108
AR work/toplevel/BEHAVIORAL 1417614344 \
      FL /home/l2/houplon/Documents/Archi/TP/TP10/toplevel.vhf EN work/toplevel 1417614343 \
      CP clkdiv_MUSER_toplevel CP afficheur16_MUSER_toplevel CP BUFG \
      CP IBUF8_MXILINX_toplevel CP OBUF8_MXILINX_toplevel CP S3_MUSER_toplevel \
      CP pulse_MUSER_toplevel
FL /home/l2/houplon/Documents/Archi/TP/TP10/x7seg.vhd 2014/09/17.09:20:01 M.81d
EN work/x7seg 1417614287 FL /home/l2/houplon/Documents/Archi/TP/TP10/x7seg.vhd \
      PB ieee/std_logic_1164 1290154108
AR work/x7seg/Behavioral 1417614288 \
      FL /home/l2/houplon/Documents/Archi/TP/TP10/x7seg.vhd EN work/x7seg 1417614287
