EN compteur4_muser_toplevel NULL /home/l2/houplon/Documents/Archi/TP/TP04/toplevel.vhf sub00/vhpl12 1413356544
AR x7seg behavioral /home/l2/houplon/Documents/Archi/TP/TP04/x7seg.vhd sub00/vhpl01 1413356533
AR toplevel behavioral /home/l2/houplon/Documents/Archi/TP/TP04/toplevel.vhf sub00/vhpl17 1413356549
EN ibuf8_mxilinx_toplevel NULL /home/l2/houplon/Documents/Archi/TP/TP04/toplevel.vhf sub00/vhpl02 1413356534
EN afficheur16 NULL /home/l2/houplon/Documents/Archi/TP/TP04/afficheur16.vhf sub00/vhpl26 1413356558
EN m4_1e_mxilinx_toplevel NULL /home/l2/houplon/Documents/Archi/TP/TP04/toplevel.vhf sub00/vhpl08 1413356540
AR compteur4_muser_toplevel behavioral /home/l2/houplon/Documents/Archi/TP/TP04/toplevel.vhf sub00/vhpl13 1413356545
AR m2_1e_mxilinx_mux4x4 behavioral /home/l2/houplon/Documents/Archi/TP/TP04/mux4x4.vhf sub00/vhpl33 1413356565
EN mux4x4_muser_afficheur16 NULL /home/l2/houplon/Documents/Archi/TP/TP04/afficheur16.vhf sub00/vhpl22 1413356554
EN x7seg NULL /home/l2/houplon/Documents/Archi/TP/TP04/x7seg.vhd sub00/vhpl00 1413356532
AR m2_1e_mxilinx_toplevel behavioral /home/l2/houplon/Documents/Archi/TP/TP04/toplevel.vhf sub00/vhpl07 1413356539
EN clkdiv NULL /home/l2/houplon/Documents/Archi/TP/TP04/clkdiv.vhf sub00/vhpl28 1413356560
EN clkdiv_muser_toplevel NULL /home/l2/houplon/Documents/Archi/TP/TP04/toplevel.vhf sub00/vhpl04 1413356536
AR mux4x4 behavioral /home/l2/houplon/Documents/Archi/TP/TP04/mux4x4.vhf sub00/vhpl37 1413356569
AR m4_1e_mxilinx_mux4x4 behavioral /home/l2/houplon/Documents/Archi/TP/TP04/mux4x4.vhf sub00/vhpl35 1413356567
EN m2_1e_mxilinx_toplevel NULL /home/l2/houplon/Documents/Archi/TP/TP04/toplevel.vhf sub00/vhpl06 1413356538
EN toplevel NULL /home/l2/houplon/Documents/Archi/TP/TP04/toplevel.vhf sub00/vhpl16 1413356548
EN m2_1e_mxilinx_afficheur16 NULL /home/l2/houplon/Documents/Archi/TP/TP04/afficheur16.vhf sub00/vhpl18 1413356550
EN m4_1e_mxilinx_mux4x4 NULL /home/l2/houplon/Documents/Archi/TP/TP04/mux4x4.vhf sub00/vhpl34 1413356566
AR m4_1e_mxilinx_toplevel behavioral /home/l2/houplon/Documents/Archi/TP/TP04/toplevel.vhf sub00/vhpl09 1413356541
EN mux4x4 NULL /home/l2/houplon/Documents/Archi/TP/TP04/mux4x4.vhf sub00/vhpl36 1413356568
AR clkdiv behavioral /home/l2/houplon/Documents/Archi/TP/TP04/clkdiv.vhf sub00/vhpl29 1413356561
EN afficheur16_muser_toplevel NULL /home/l2/houplon/Documents/Archi/TP/TP04/toplevel.vhf sub00/vhpl14 1413356546
AR m4_1e_mxilinx_afficheur16 behavioral /home/l2/houplon/Documents/Archi/TP/TP04/afficheur16.vhf sub00/vhpl21 1413356553
AR ibuf8_mxilinx_toplevel behavioral /home/l2/houplon/Documents/Archi/TP/TP04/toplevel.vhf sub00/vhpl03 1413356535
AR mux4x4_muser_toplevel behavioral /home/l2/houplon/Documents/Archi/TP/TP04/toplevel.vhf sub00/vhpl11 1413356543
EN m2_1e_mxilinx_mux4x4 NULL /home/l2/houplon/Documents/Archi/TP/TP04/mux4x4.vhf sub00/vhpl32 1413356564
AR afficheur16_muser_toplevel behavioral /home/l2/houplon/Documents/Archi/TP/TP04/toplevel.vhf sub00/vhpl15 1413356547
EN compteur4 NULL /home/l2/houplon/Documents/Archi/TP/TP04/compteur4.vhf sub00/vhpl30 1413356562
EN m4_1e_mxilinx_afficheur16 NULL /home/l2/houplon/Documents/Archi/TP/TP04/afficheur16.vhf sub00/vhpl20 1413356552
EN compteur4_muser_afficheur16 NULL /home/l2/houplon/Documents/Archi/TP/TP04/afficheur16.vhf sub00/vhpl24 1413356556
AR compteur4_muser_afficheur16 behavioral /home/l2/houplon/Documents/Archi/TP/TP04/afficheur16.vhf sub00/vhpl25 1413356557
AR m2_1e_mxilinx_afficheur16 behavioral /home/l2/houplon/Documents/Archi/TP/TP04/afficheur16.vhf sub00/vhpl19 1413356551
EN mux4x4_muser_toplevel NULL /home/l2/houplon/Documents/Archi/TP/TP04/toplevel.vhf sub00/vhpl10 1413356542
AR afficheur16 behavioral /home/l2/houplon/Documents/Archi/TP/TP04/afficheur16.vhf sub00/vhpl27 1413356559
AR mux4x4_muser_afficheur16 behavioral /home/l2/houplon/Documents/Archi/TP/TP04/afficheur16.vhf sub00/vhpl23 1413356555
AR clkdiv_muser_toplevel behavioral /home/l2/houplon/Documents/Archi/TP/TP04/toplevel.vhf sub00/vhpl05 1413356537
AR compteur4 behavioral /home/l2/houplon/Documents/Archi/TP/TP04/compteur4.vhf sub00/vhpl31 1413356563
