V3 67
FL /home/l2/houplon/Documents/Archi/TP/TP04/afficheur16.vhf 2014/10/15.09:00:50 M.81d
EN work/M2_1E_MXILINX_afficheur16 1413356550 \
      FL /home/l2/houplon/Documents/Archi/TP/TP04/afficheur16.vhf \
      PB ieee/std_logic_1164 1290154108 PB ieee/NUMERIC_STD 1290154109 LB UNISIM \
      PH unisim/VCOMPONENTS 1290154108
AR work/M2_1E_MXILINX_afficheur16/BEHAVIORAL 1413356551 \
      FL /home/l2/houplon/Documents/Archi/TP/TP04/afficheur16.vhf \
      EN work/M2_1E_MXILINX_afficheur16 1413356550 CP AND3 CP AND3B1 CP OR2
EN work/M4_1E_MXILINX_afficheur16 1413356552 \
      FL /home/l2/houplon/Documents/Archi/TP/TP04/afficheur16.vhf \
      PB ieee/std_logic_1164 1290154108 PB ieee/NUMERIC_STD 1290154109 LB UNISIM \
      PH unisim/VCOMPONENTS 1290154108
AR work/M4_1E_MXILINX_afficheur16/BEHAVIORAL 1413356553 \
      FL /home/l2/houplon/Documents/Archi/TP/TP04/afficheur16.vhf \
      EN work/M4_1E_MXILINX_afficheur16 1413356552 CP M2_1E_MXILINX_afficheur16 \
      CP MUXF5
EN work/mux4x4_MUSER_afficheur16 1413356554 \
      FL /home/l2/houplon/Documents/Archi/TP/TP04/afficheur16.vhf \
      PB ieee/std_logic_1164 1290154108 PB ieee/NUMERIC_STD 1290154109 LB UNISIM \
      PH unisim/VCOMPONENTS 1290154108
AR work/mux4x4_MUSER_afficheur16/BEHAVIORAL 1413356555 \
      FL /home/l2/houplon/Documents/Archi/TP/TP04/afficheur16.vhf \
      EN work/mux4x4_MUSER_afficheur16 1413356554 CP M4_1E_MXILINX_afficheur16 \
      CP VCC
EN work/compteur4_MUSER_afficheur16 1413356556 \
      FL /home/l2/houplon/Documents/Archi/TP/TP04/afficheur16.vhf \
      PB ieee/std_logic_1164 1290154108 PB ieee/NUMERIC_STD 1290154109 LB UNISIM \
      PH unisim/VCOMPONENTS 1290154108
AR work/compteur4_MUSER_afficheur16/BEHAVIORAL 1413356557 \
      FL /home/l2/houplon/Documents/Archi/TP/TP04/afficheur16.vhf \
      EN work/compteur4_MUSER_afficheur16 1413356556 CP FD CP INV
EN work/afficheur16 1413356558 \
      FL /home/l2/houplon/Documents/Archi/TP/TP04/afficheur16.vhf \
      PB ieee/std_logic_1164 1290154108 PB ieee/NUMERIC_STD 1290154109 LB UNISIM \
      PH unisim/VCOMPONENTS 1290154108
AR work/afficheur16/BEHAVIORAL 1413356559 \
      FL /home/l2/houplon/Documents/Archi/TP/TP04/afficheur16.vhf \
      EN work/afficheur16 1413356558 CP compteur4_MUSER_afficheur16 \
      CP mux4x4_MUSER_afficheur16 CP x7seg
FL /home/l2/houplon/Documents/Archi/TP/TP04/clkdiv.vhf 2014/10/15.09:00:50 M.81d
EN work/clkdiv 1413356560 FL /home/l2/houplon/Documents/Archi/TP/TP04/clkdiv.vhf \
      PB ieee/std_logic_1164 1290154108 PB ieee/NUMERIC_STD 1290154109 LB UNISIM \
      PH unisim/VCOMPONENTS 1290154108
AR work/clkdiv/BEHAVIORAL 1413356561 \
      FL /home/l2/houplon/Documents/Archi/TP/TP04/clkdiv.vhf EN work/clkdiv 1413356560 \
      CP FD CP INV
FL /home/l2/houplon/Documents/Archi/TP/TP04/compteur4.vhf 2014/10/15.09:00:50 M.81d
EN work/compteur4 1413356562 \
      FL /home/l2/houplon/Documents/Archi/TP/TP04/compteur4.vhf \
      PB ieee/std_logic_1164 1290154108 PB ieee/NUMERIC_STD 1290154109 LB UNISIM \
      PH unisim/VCOMPONENTS 1290154108
AR work/compteur4/BEHAVIORAL 1413356563 \
      FL /home/l2/houplon/Documents/Archi/TP/TP04/compteur4.vhf EN work/compteur4 1413356562 \
      CP FD CP INV
FL /home/l2/houplon/Documents/Archi/TP/TP04/mux4x4.vhf 2014/10/15.09:00:50 M.81d
EN work/M2_1E_MXILINX_mux4x4 1413356564 \
      FL /home/l2/houplon/Documents/Archi/TP/TP04/mux4x4.vhf \
      PB ieee/std_logic_1164 1290154108 PB ieee/NUMERIC_STD 1290154109 LB UNISIM \
      PH unisim/VCOMPONENTS 1290154108
AR work/M2_1E_MXILINX_mux4x4/BEHAVIORAL 1413356565 \
      FL /home/l2/houplon/Documents/Archi/TP/TP04/mux4x4.vhf \
      EN work/M2_1E_MXILINX_mux4x4 1413356564 CP AND3 CP AND3B1 CP OR2
EN work/M4_1E_MXILINX_mux4x4 1413356566 \
      FL /home/l2/houplon/Documents/Archi/TP/TP04/mux4x4.vhf \
      PB ieee/std_logic_1164 1290154108 PB ieee/NUMERIC_STD 1290154109 LB UNISIM \
      PH unisim/VCOMPONENTS 1290154108
AR work/M4_1E_MXILINX_mux4x4/BEHAVIORAL 1413356567 \
      FL /home/l2/houplon/Documents/Archi/TP/TP04/mux4x4.vhf \
      EN work/M4_1E_MXILINX_mux4x4 1413356566 CP M2_1E_MXILINX_mux4x4 CP MUXF5
EN work/mux4x4 1413356568 \
      FL /home/l2/houplon/Documents/Archi/TP/TP04/mux4x4.vhf \
      PB ieee/std_logic_1164 1290154108 PB ieee/NUMERIC_STD 1290154109 LB UNISIM \
      PH unisim/VCOMPONENTS 1290154108
AR work/mux4x4/BEHAVIORAL 1413356569 \
      FL /home/l2/houplon/Documents/Archi/TP/TP04/mux4x4.vhf EN work/mux4x4 1413356568 \
      CP M4_1E_MXILINX_mux4x4 CP VCC
FL /home/l2/houplon/Documents/Archi/TP/TP04/toplevel.vhf 2014/10/15.09:02:06 M.81d
EN work/IBUF8_MXILINX_toplevel 1413356534 \
      FL /home/l2/houplon/Documents/Archi/TP/TP04/toplevel.vhf \
      PB ieee/std_logic_1164 1290154108 PB ieee/NUMERIC_STD 1290154109 LB UNISIM \
      PH unisim/VCOMPONENTS 1290154108
AR work/IBUF8_MXILINX_toplevel/BEHAVIORAL 1413356535 \
      FL /home/l2/houplon/Documents/Archi/TP/TP04/toplevel.vhf \
      EN work/IBUF8_MXILINX_toplevel 1413356534 CP IBUF
EN work/clkdiv_MUSER_toplevel 1413356536 \
      FL /home/l2/houplon/Documents/Archi/TP/TP04/toplevel.vhf \
      PB ieee/std_logic_1164 1290154108 PB ieee/NUMERIC_STD 1290154109 LB UNISIM \
      PH unisim/VCOMPONENTS 1290154108
AR work/clkdiv_MUSER_toplevel/BEHAVIORAL 1413356537 \
      FL /home/l2/houplon/Documents/Archi/TP/TP04/toplevel.vhf \
      EN work/clkdiv_MUSER_toplevel 1413356536 CP FD CP INV
EN work/M2_1E_MXILINX_toplevel 1413356538 \
      FL /home/l2/houplon/Documents/Archi/TP/TP04/toplevel.vhf \
      PB ieee/std_logic_1164 1290154108 PB ieee/NUMERIC_STD 1290154109 LB UNISIM \
      PH unisim/VCOMPONENTS 1290154108
AR work/M2_1E_MXILINX_toplevel/BEHAVIORAL 1413356539 \
      FL /home/l2/houplon/Documents/Archi/TP/TP04/toplevel.vhf \
      EN work/M2_1E_MXILINX_toplevel 1413356538 CP AND3 CP AND3B1 CP OR2
EN work/M4_1E_MXILINX_toplevel 1413356540 \
      FL /home/l2/houplon/Documents/Archi/TP/TP04/toplevel.vhf \
      PB ieee/std_logic_1164 1290154108 PB ieee/NUMERIC_STD 1290154109 LB UNISIM \
      PH unisim/VCOMPONENTS 1290154108
AR work/M4_1E_MXILINX_toplevel/BEHAVIORAL 1413356541 \
      FL /home/l2/houplon/Documents/Archi/TP/TP04/toplevel.vhf \
      EN work/M4_1E_MXILINX_toplevel 1413356540 CP M2_1E_MXILINX_toplevel CP MUXF5
EN work/mux4x4_MUSER_toplevel 1413356542 \
      FL /home/l2/houplon/Documents/Archi/TP/TP04/toplevel.vhf \
      PB ieee/std_logic_1164 1290154108 PB ieee/NUMERIC_STD 1290154109 LB UNISIM \
      PH unisim/VCOMPONENTS 1290154108
AR work/mux4x4_MUSER_toplevel/BEHAVIORAL 1413356543 \
      FL /home/l2/houplon/Documents/Archi/TP/TP04/toplevel.vhf \
      EN work/mux4x4_MUSER_toplevel 1413356542 CP M4_1E_MXILINX_toplevel CP VCC
EN work/compteur4_MUSER_toplevel 1413356544 \
      FL /home/l2/houplon/Documents/Archi/TP/TP04/toplevel.vhf \
      PB ieee/std_logic_1164 1290154108 PB ieee/NUMERIC_STD 1290154109 LB UNISIM \
      PH unisim/VCOMPONENTS 1290154108
AR work/compteur4_MUSER_toplevel/BEHAVIORAL 1413356545 \
      FL /home/l2/houplon/Documents/Archi/TP/TP04/toplevel.vhf \
      EN work/compteur4_MUSER_toplevel 1413356544 CP FD CP INV
EN work/afficheur16_MUSER_toplevel 1413356546 \
      FL /home/l2/houplon/Documents/Archi/TP/TP04/toplevel.vhf \
      PB ieee/std_logic_1164 1290154108 PB ieee/NUMERIC_STD 1290154109 LB UNISIM \
      PH unisim/VCOMPONENTS 1290154108
AR work/afficheur16_MUSER_toplevel/BEHAVIORAL 1413356547 \
      FL /home/l2/houplon/Documents/Archi/TP/TP04/toplevel.vhf \
      EN work/afficheur16_MUSER_toplevel 1413356546 CP compteur4_MUSER_toplevel \
      CP mux4x4_MUSER_toplevel CP x7seg
EN work/toplevel 1413356548 \
      FL /home/l2/houplon/Documents/Archi/TP/TP04/toplevel.vhf \
      PB ieee/std_logic_1164 1290154108 PB ieee/NUMERIC_STD 1290154109 LB UNISIM \
      PH unisim/VCOMPONENTS 1290154108
AR work/toplevel/BEHAVIORAL 1413356549 \
      FL /home/l2/houplon/Documents/Archi/TP/TP04/toplevel.vhf EN work/toplevel 1413356548 \
      CP clkdiv_MUSER_toplevel CP afficheur16_MUSER_toplevel \
      CP IBUF8_MXILINX_toplevel
FL /home/l2/houplon/Documents/Archi/TP/TP04/x7seg.vhd 2014/09/17.09:20:01 M.81d
EN work/x7seg 1413356532 FL /home/l2/houplon/Documents/Archi/TP/TP04/x7seg.vhd \
      PB ieee/std_logic_1164 1290154108
AR work/x7seg/Behavioral 1413356533 \
      FL /home/l2/houplon/Documents/Archi/TP/TP04/x7seg.vhd EN work/x7seg 1413356532
