AR controleur_muser_toplevel behavioral /home/l2/houplon/Documents/Archi/TP/TP05/toplevel.vhf sub00/vhpl13 1413958017
AR toplevel behavioral /home/l2/houplon/Documents/Archi/TP/TP05/toplevel.vhf sub00/vhpl05 1413958019
EN ftce_mxilinx_toplevel NULL /home/l2/houplon/Documents/Archi/TP/TP05/toplevel.vhf sub00/vhpl08 1413958012
AR ftce_mxilinx_controleur behavioral /home/l2/houplon/Documents/Archi/TP/TP05/controleur.vhf sub00/vhpl15 1413958023
EN controleur_muser_toplevel NULL /home/l2/houplon/Documents/Archi/TP/TP05/toplevel.vhf sub00/vhpl12 1413958016
AR cb4ce_mxilinx_controleur behavioral /home/l2/houplon/Documents/Archi/TP/TP05/controleur.vhf sub00/vhpl17 1413958025
AR cb4ce_mxilinx_toplevel behavioral /home/l2/houplon/Documents/Archi/TP/TP05/toplevel.vhf sub00/vhpl11 1413958015
EN clkdiv NULL /home/l2/houplon/Documents/Archi/TP/TP05/clkdiv.vhf sub00/vhpl06 1413958020
EN clkdiv_muser_toplevel NULL /home/l2/houplon/Documents/Archi/TP/TP05/toplevel.vhf sub00/vhpl02 1413958010
EN controleur NULL /home/l2/houplon/Documents/Archi/TP/TP05/controleur.vhf sub00/vhpl18 1413958026
EN toplevel NULL /home/l2/houplon/Documents/Archi/TP/TP05/toplevel.vhf sub00/vhpl04 1413958018
EN ftce_mxilinx_controleur NULL /home/l2/houplon/Documents/Archi/TP/TP05/controleur.vhf sub00/vhpl14 1413958022
AR clkdiv behavioral /home/l2/houplon/Documents/Archi/TP/TP05/clkdiv.vhf sub00/vhpl07 1413958021
EN cb4ce_mxilinx_toplevel NULL /home/l2/houplon/Documents/Archi/TP/TP05/toplevel.vhf sub00/vhpl10 1413958014
EN fsm NULL /home/l2/houplon/Documents/Archi/TP/TP05/fsm.vhd sub00/vhpl00 1413958008
AR ftce_mxilinx_toplevel behavioral /home/l2/houplon/Documents/Archi/TP/TP05/toplevel.vhf sub00/vhpl09 1413958013
AR controleur behavioral /home/l2/houplon/Documents/Archi/TP/TP05/controleur.vhf sub00/vhpl19 1413958027
EN cb4ce_mxilinx_controleur NULL /home/l2/houplon/Documents/Archi/TP/TP05/controleur.vhf sub00/vhpl16 1413958024
AR fsm behavioral /home/l2/houplon/Documents/Archi/TP/TP05/fsm.vhd sub00/vhpl01 1413958009
AR clkdiv_muser_toplevel behavioral /home/l2/houplon/Documents/Archi/TP/TP05/toplevel.vhf sub00/vhpl03 1413958011
