V3 40
FL /home/l2/houplon/Documents/Archi/TP/TP05/clkdiv.vhf 2014/10/15.13:57:25 M.81d
EN work/clkdiv 1413958020 FL /home/l2/houplon/Documents/Archi/TP/TP05/clkdiv.vhf \
      PB ieee/std_logic_1164 1290154108 PB ieee/NUMERIC_STD 1290154109 LB UNISIM \
      PH unisim/VCOMPONENTS 1290154108
AR work/clkdiv/BEHAVIORAL 1413958021 \
      FL /home/l2/houplon/Documents/Archi/TP/TP05/clkdiv.vhf EN work/clkdiv 1413958020 \
      CP FD CP INV
FL /home/l2/houplon/Documents/Archi/TP/TP05/controleur.vhf 2014/10/15.14:53:57 M.81d
EN work/FTCE_MXILINX_controleur 1413958022 \
      FL /home/l2/houplon/Documents/Archi/TP/TP05/controleur.vhf \
      PB ieee/std_logic_1164 1290154108 PB ieee/NUMERIC_STD 1290154109 LB UNISIM \
      PH unisim/VCOMPONENTS 1290154108
AR work/FTCE_MXILINX_controleur/BEHAVIORAL 1413958023 \
      FL /home/l2/houplon/Documents/Archi/TP/TP05/controleur.vhf \
      EN work/FTCE_MXILINX_controleur 1413958022 CP XOR2 CP FDCE
EN work/CB4CE_MXILINX_controleur 1413958024 \
      FL /home/l2/houplon/Documents/Archi/TP/TP05/controleur.vhf \
      PB ieee/std_logic_1164 1290154108 PB ieee/NUMERIC_STD 1290154109 LB UNISIM \
      PH unisim/VCOMPONENTS 1290154108
AR work/CB4CE_MXILINX_controleur/BEHAVIORAL 1413958025 \
      FL /home/l2/houplon/Documents/Archi/TP/TP05/controleur.vhf \
      EN work/CB4CE_MXILINX_controleur 1413958024 CP FTCE_MXILINX_controleur \
      CP AND4 CP AND3 CP AND2 CP VCC
EN work/controleur 1413958026 \
      FL /home/l2/houplon/Documents/Archi/TP/TP05/controleur.vhf \
      PB ieee/std_logic_1164 1290154108 PB ieee/NUMERIC_STD 1290154109 LB UNISIM \
      PH unisim/VCOMPONENTS 1290154108
AR work/controleur/BEHAVIORAL 1413958027 \
      FL /home/l2/houplon/Documents/Archi/TP/TP05/controleur.vhf \
      EN work/controleur 1413958026 CP CB4CE_MXILINX_controleur CP fsm CP VCC
FL /home/l2/houplon/Documents/Archi/TP/TP05/fsm.vhd 2014/10/15.14:36:08 M.81d
EN work/fsm 1413958008 FL /home/l2/houplon/Documents/Archi/TP/TP05/fsm.vhd \
      PB ieee/std_logic_1164 1290154108
AR work/fsm/Behavioral 1413958009 \
      FL /home/l2/houplon/Documents/Archi/TP/TP05/fsm.vhd EN work/fsm 1413958008
FL /home/l2/houplon/Documents/Archi/TP/TP05/toplevel.vhf 2014/10/22.08:06:43 M.81d
EN work/clkdiv_MUSER_toplevel 1413958010 \
      FL /home/l2/houplon/Documents/Archi/TP/TP05/toplevel.vhf \
      PB ieee/std_logic_1164 1290154108 PB ieee/NUMERIC_STD 1290154109 LB UNISIM \
      PH unisim/VCOMPONENTS 1290154108
AR work/clkdiv_MUSER_toplevel/BEHAVIORAL 1413958011 \
      FL /home/l2/houplon/Documents/Archi/TP/TP05/toplevel.vhf \
      EN work/clkdiv_MUSER_toplevel 1413958010 CP FD CP INV
EN work/FTCE_MXILINX_toplevel 1413958012 \
      FL /home/l2/houplon/Documents/Archi/TP/TP05/toplevel.vhf \
      PB ieee/std_logic_1164 1290154108 PB ieee/NUMERIC_STD 1290154109 LB UNISIM \
      PH unisim/VCOMPONENTS 1290154108
AR work/FTCE_MXILINX_toplevel/BEHAVIORAL 1413958013 \
      FL /home/l2/houplon/Documents/Archi/TP/TP05/toplevel.vhf \
      EN work/FTCE_MXILINX_toplevel 1413958012 CP XOR2 CP FDCE
EN work/CB4CE_MXILINX_toplevel 1413958014 \
      FL /home/l2/houplon/Documents/Archi/TP/TP05/toplevel.vhf \
      PB ieee/std_logic_1164 1290154108 PB ieee/NUMERIC_STD 1290154109 LB UNISIM \
      PH unisim/VCOMPONENTS 1290154108
AR work/CB4CE_MXILINX_toplevel/BEHAVIORAL 1413958015 \
      FL /home/l2/houplon/Documents/Archi/TP/TP05/toplevel.vhf \
      EN work/CB4CE_MXILINX_toplevel 1413958014 CP FTCE_MXILINX_toplevel CP AND4 \
      CP AND3 CP AND2 CP VCC
EN work/controleur_MUSER_toplevel 1413958016 \
      FL /home/l2/houplon/Documents/Archi/TP/TP05/toplevel.vhf \
      PB ieee/std_logic_1164 1290154108 PB ieee/NUMERIC_STD 1290154109 LB UNISIM \
      PH unisim/VCOMPONENTS 1290154108
AR work/controleur_MUSER_toplevel/BEHAVIORAL 1413958017 \
      FL /home/l2/houplon/Documents/Archi/TP/TP05/toplevel.vhf \
      EN work/controleur_MUSER_toplevel 1413958016 CP CB4CE_MXILINX_toplevel \
      CP fsm CP VCC
EN work/toplevel 1413958018 \
      FL /home/l2/houplon/Documents/Archi/TP/TP05/toplevel.vhf \
      PB ieee/std_logic_1164 1290154108 PB ieee/NUMERIC_STD 1290154109 LB UNISIM \
      PH unisim/VCOMPONENTS 1290154108
AR work/toplevel/BEHAVIORAL 1413958019 \
      FL /home/l2/houplon/Documents/Archi/TP/TP05/toplevel.vhf EN work/toplevel 1413958018 \
      CP clkdiv_MUSER_toplevel CP controleur_MUSER_toplevel
